LIBPERFUSE_0.0.0.0 {
global:
	_fini;
	_init;
	iftovt_tab;
	perfuse_cache_flush;
	perfuse_cache_write;
	perfuse_destroy_fh;
	perfuse_destroy_pn;
	perfuse_diagflags;
	perfuse_fs_fhtonode;
	perfuse_fs_init;
	perfuse_fs_nodetofh;
	perfuse_fs_statvfs;
	perfuse_fs_suspend;
	perfuse_fs_sync;
	perfuse_fs_unmount;
	perfuse_fsreq;
	perfuse_get_fh;
	perfuse_get_nodeid;
	perfuse_getspecific;
	perfuse_init;
	perfuse_inloop;
	perfuse_mainloop;
	perfuse_mount;
	perfuse_native_ns;
	perfuse_new_fh;
	perfuse_new_pn;
	perfuse_next_unique;
	perfuse_node_access;
	perfuse_node_advlock;
	perfuse_node_bynodeid;
	perfuse_node_cache;
	perfuse_node_close;
	perfuse_node_close_common;
	perfuse_node_create;
	perfuse_node_deleteextattr;
	perfuse_node_fsync;
	perfuse_node_getattr;
	perfuse_node_getattr_ttl;
	perfuse_node_getextattr;
	perfuse_node_inactive;
	perfuse_node_link;
	perfuse_node_listextattr;
	perfuse_node_lookup;
	perfuse_node_mkdir;
	perfuse_node_mknod;
	perfuse_node_mmap;
	perfuse_node_open;
	perfuse_node_path;
	perfuse_node_pathconf;
	perfuse_node_poll;
	perfuse_node_print;
	perfuse_node_read;
	perfuse_node_readdir;
	perfuse_node_readlink;
	perfuse_node_reclaim;
	perfuse_node_remove;
	perfuse_node_rename;
	perfuse_node_rmdir;
	perfuse_node_seek;
	perfuse_node_setattr;
	perfuse_node_setattr_ttl;
	perfuse_node_setextattr;
	perfuse_node_symlink;
	perfuse_node_write2;
	perfuse_node_write;
	perfuse_opcode;
	perfuse_opdump_in;
	perfuse_open;
	perfuse_opname;
	perfuse_qtypestr;
	perfuse_setspecific;
	perfuse_trace_begin;
	perfuse_trace_dump;
	perfuse_trace_end;
	perfuse_unmount;
	vttoif_tab;
};

NetBSD_6.99.18.0 {
} LIBPERFUSE_0.0.0.0;

LIBPERFUSE_private_0.0.0.0 {
local:
	*;
};

