LIBIPSEC_3.0.0.0 {
global:
	__ipsec_errcode;
	__ipsec_set_strerror;
	__libipsec_create_buffer;
	__libipsec_delete_buffer;
	__libipsec_flex_debug;
	__libipsec_flush_buffer;
	__libipsec_scan_buffer;
	__libipsec_scan_bytes;
	__libipsec_scan_string;
	__libipsec_switch_to_buffer;
	__libipsecalloc;
	__libipsecchar;
	__libipsecdebug;
	__libipsecerrflag;
	__libipsecerror;
	__libipsecfree;
	__libipsecget_debug;
	__libipsecget_in;
	__libipsecget_leng;
	__libipsecget_lineno;
	__libipsecget_out;
	__libipsecget_text;
	__libipsecin;
	__libipsecleng;
	__libipseclex;
	__libipseclex_destroy;
	__libipseclineno;
	__libipseclval;
	__libipsecnerrs;
	__libipsecout;
	__libipsecparse;
	__libipsecpop_buffer_state;
	__libipsecpush_buffer_state;
	__libipsecrealloc;
	__libipsecrestart;
	__libipsecset_debug;
	__libipsecset_in;
	__libipsecset_lineno;
	__libipsecset_out;
	__libipsectext;
	__libipsecval;
	__policy__strbuffer__free__;
	__policy__strbuffer__init__;
	_fini;
	_init;
	ipsec_bindump;
	ipsec_check_keylen2;
	ipsec_check_keylen;
	ipsec_dump_policy;
	ipsec_dump_policy_withports;
	ipsec_get_keylen;
	ipsec_get_policylen;
	ipsec_hexdump;
	ipsec_set_policy;
	ipsec_strerror;
	kdebug_sadb;
	libipsec_opt;
	pfkey_align;
	pfkey_check;
	pfkey_close;
	pfkey_get_softrate;
	pfkey_open;
	pfkey_recv;
	pfkey_recv_register;
	pfkey_sadump;
	pfkey_sadump_withports;
	pfkey_send;
	pfkey_send_add2;
	pfkey_send_add;
	pfkey_send_add_nat;
	pfkey_send_delete;
	pfkey_send_delete_all;
	pfkey_send_dump;
	pfkey_send_flush;
	pfkey_send_get;
	pfkey_send_getspi;
	pfkey_send_getspi_nat;
	pfkey_send_promisc_toggle;
	pfkey_send_register;
	pfkey_send_spdadd2;
	pfkey_send_spdadd;
	pfkey_send_spddelete2;
	pfkey_send_spddelete;
	pfkey_send_spddump;
	pfkey_send_spdflush;
	pfkey_send_spdget;
	pfkey_send_spdsetidx;
	pfkey_send_spdupdate2;
	pfkey_send_spdupdate;
	pfkey_send_update2;
	pfkey_send_update;
	pfkey_send_update_nat;
	pfkey_set_buffer_size;
	pfkey_set_softrate;
	pfkey_set_supported;
	pfkey_spdump;
	pfkey_spdump_withports;
};

NetBSD_6.99.18.0 {
} LIBIPSEC_3.0.0.0;

LIBIPSEC_private_3.0.0.0 {
local:
	*;
};

