LIBRUMPUSER_0.1.0.0 {
global:
	_fini;
	_init;
	parsetab;
	rumpsp_idleworker;
	rumpsp_maxworker;
	rumpuser__klock;
	rumpuser__kunlock;
	rumpuser__wantthreads;
	rumpuser_aio_cv;
	rumpuser_aio_head;
	rumpuser_aio_mtx;
	rumpuser_aio_tail;
	rumpuser_aios;
	rumpuser_anonmmap;
	rumpuser_arc4random;
	rumpuser_biothread;
	rumpuser_close;
	rumpuser_component_schedule;
	rumpuser_component_unschedule;
	rumpuser_cv_broadcast;
	rumpuser_cv_destroy;
	rumpuser_cv_has_waiters;
	rumpuser_cv_init;
	rumpuser_cv_signal;
	rumpuser_cv_timedwait;
	rumpuser_cv_wait;
	rumpuser_cv_wait_nowrap;
	rumpuser_daemonize_begin;
	rumpuser_daemonize_done;
	rumpuser_dl_bootstrap;
	rumpuser_dl_globalsym;
	rumpuser_dprintf;
	rumpuser_exit;
	rumpuser_filemmap;
	rumpuser_free;
	rumpuser_fsync;
	rumpuser_get_curlwp;
	rumpuser_getenv;
	rumpuser_getfileinfo;
	rumpuser_gethostname;
	rumpuser_getnhostcpu;
	rumpuser_gettime;
	rumpuser_getversion;
	rumpuser_ioctl;
	rumpuser_kill;
	rumpuser_malloc;
	rumpuser_memsync;
	rumpuser_mutex_destroy;
	rumpuser_mutex_enter;
	rumpuser_mutex_enter_nowrap;
	rumpuser_mutex_exit;
	rumpuser_mutex_init;
	rumpuser_mutex_init_kmutex;
	rumpuser_mutex_owner;
	rumpuser_mutex_tryenter;
	rumpuser_nanosleep;
	rumpuser_open;
	rumpuser_poll;
	rumpuser_pread;
	rumpuser_putchar;
	rumpuser_pwrite;
	rumpuser_read;
	rumpuser_read_bio;
	rumpuser_readv;
	rumpuser_realloc;
	rumpuser_rw_destroy;
	rumpuser_rw_enter;
	rumpuser_rw_exit;
	rumpuser_rw_held;
	rumpuser_rw_init;
	rumpuser_rw_rdheld;
	rumpuser_rw_tryenter;
	rumpuser_rw_wrheld;
	rumpuser_set_curlwp;
	rumpuser_seterrno;
	rumpuser_sp_anonmmap;
	rumpuser_sp_copyin;
	rumpuser_sp_copyinstr;
	rumpuser_sp_copyout;
	rumpuser_sp_copyoutstr;
	rumpuser_sp_fini;
	rumpuser_sp_init;
	rumpuser_sp_raise;
	rumpuser_thread_create;
	rumpuser_thread_exit;
	rumpuser_thread_join;
	rumpuser_thrinit;
	rumpuser_unmap;
	rumpuser_write;
	rumpuser_write_bio;
	rumpuser_writev;
	rumpuser_writewatchfile_setup;
	rumpuser_writewatchfile_wait;
};

NetBSD_6.99.18.0 {
} LIBRUMPUSER_0.1.0.0;

LIBRUMPUSER_private_0.1.0.0 {
local:
	*;
};

