LIBC_12.185.0.0 {
global:
	MD2Data;
	MD2End;
	MD2File;
	MD2FileChunk;
	MD2Final;
	MD2Init;
	MD2Transform;
	MD2Update;
	MD4Data;
	MD4End;
	MD4File;
	MD4Final;
	MD4Init;
	MD4Transform;
	MD4Update;
	MD5Data;
	MD5End;
	MD5File;
	MD5Final;
	MD5Init;
	MD5Transform;
	MD5Update;
	RMD160Data;
	RMD160End;
	RMD160File;
	RMD160FileChunk;
	RMD160Final;
	RMD160Init;
	RMD160Transform;
	RMD160Update;
	SHA1Data;
	SHA1End;
	SHA1File;
	SHA1FileChunk;
	SHA1Final;
	SHA1Init;
	SHA1Transform;
	SHA1Update;
	SHA224_Data;
	SHA224_End;
	SHA224_File;
	SHA224_FileChunk;
	SHA224_Final;
	SHA224_Init;
	SHA224_Transform;
	SHA224_Update;
	SHA256_Data;
	SHA256_End;
	SHA256_File;
	SHA256_FileChunk;
	SHA256_Final;
	SHA256_Init;
	SHA256_Transform;
	SHA256_Update;
	SHA384_Data;
	SHA384_End;
	SHA384_File;
	SHA384_FileChunk;
	SHA384_Final;
	SHA384_Init;
	SHA384_Transform;
	SHA384_Update;
	SHA512_Data;
	SHA512_End;
	SHA512_File;
	SHA512_FileChunk;
	SHA512_Final;
	SHA512_Init;
	SHA512_Transform;
	SHA512_Update;
	_C_ctype_;
	_C_tolower_;
	_C_toupper_;
	_CurrentMessagesLocale;
	_CurrentMonetaryLocale;
	_CurrentNumericLocale;
	_CurrentRuneLocale;
	_CurrentTimeLocale;
	_DefaultMessagesLocale;
	_DefaultMonetaryLocale;
	_DefaultNumericLocale;
	_DefaultRuneLocale;
	_DefaultTimeLocale;
	_Exit;
	_MD2Data;
	_MD2End;
	_MD2File;
	_MD2FileChunk;
	_MD2Final;
	_MD2Init;
	_MD2Transform;
	_MD2Update;
	_MD4Data;
	_MD4End;
	_MD4File;
	_MD4Final;
	_MD4Init;
	_MD4Update;
	_MD5Data;
	_MD5End;
	_MD5File;
	_MD5Final;
	_MD5Init;
	_MD5Update;
	_PathLocale;
	_RMD160Data;
	_RMD160End;
	_RMD160File;
	_RMD160FileChunk;
	_RMD160Final;
	_RMD160Init;
	_RMD160Transform;
	_RMD160Update;
	_SHA1Data;
	_SHA1End;
	_SHA1File;
	_SHA1FileChunk;
	_SHA1Final;
	_SHA1Init;
	_SHA1Transform;
	_SHA1Update;
	_SHA224_Data;
	_SHA224_End;
	_SHA224_File;
	_SHA224_FileChunk;
	_SHA224_Final;
	_SHA224_Init;
	_SHA224_Transform;
	_SHA224_Update;
	_SHA256_Data;
	_SHA256_End;
	_SHA256_File;
	_SHA256_FileChunk;
	_SHA256_Final;
	_SHA256_Init;
	_SHA256_Transform;
	_SHA256_Update;
	_SHA384_Data;
	_SHA384_End;
	_SHA384_File;
	_SHA384_FileChunk;
	_SHA384_Final;
	_SHA384_Init;
	_SHA384_Transform;
	_SHA384_Update;
	_SHA512_Data;
	_SHA512_End;
	_SHA512_File;
	_SHA512_FileChunk;
	_SHA512_Final;
	_SHA512_Init;
	_SHA512_Transform;
	_SHA512_Update;
	__Balloc_D2A;
	__Bfree_D2A;
	__ULtod_D2A;
	____adjtime50;
	____clock_settime50;
	____semctl50;
	____settimeofday50;
	____sigtimedwait50;
	___aio_suspend50;
	___dl_iterate_phdr;
	___dladdr;
	___dlauxinfo;
	___dlclose;
	___dlerror;
	___dlinfo;
	___dlopen;
	___dlsym;
	___dlvsym;
	___kevent50;
	___learn_tree;
	___lwp_park50;
	___mq_timedreceive50;
	___mq_timedsend50;
	___msync13;
	___mtctxres;
	___nanosleep50;
	___pollts50;
	___pselect50;
	___readdir_unlocked30;
	___readdir_unlocked50;
	___select50;
	___sigprocmask14;
	___sigsuspend14;
	___wait450;
	__add_ovflpage;
	__adddi3;
	__addel;
	__adjtime50;
	__adjtime;
	__aio_suspend50;
	__allocenvvar;
	__alphasort30;
	__anddi3;
	__any_on_D2A;
	__ashldi3;
	__ashrdi3;
	__assert13;
	__assert;
	__assertion_failed;
	__b2d_D2A;
	__b64_ntop;
	__b64_pton;
	__big_delete;
	__big_insert;
	__big_keydata;
	__big_return;
	__big_split;
	__bigtens_D2A;
	__bswap16;
	__bswap32;
	__bt_close;
	__bt_cmp;
	__bt_defcmp;
	__bt_defpfx;
	__bt_delete;
	__bt_dleaf;
	__bt_fd;
	__bt_free;
	__bt_get;
	__bt_new;
	__bt_open;
	__bt_pgin;
	__bt_pgout;
	__bt_put;
	__bt_ret;
	__bt_search;
	__bt_seq;
	__bt_setcur;
	__bt_split;
	__bt_sync;
	__buf_free;
	__buf_init;
	__call_hash;
	__canoverwriteenvvar;
	__cerror;
	__check_rhosts_file;
	__chk_fail;
	__cleanup;
	__clock_getres50;
	__clock_gettime50;
	__clock_settime50;
	__clock_settime;
	__clockctl_fd;
	__clone;
	__closelog_r60;
	__cmp_D2A;
	__cmpdi2;
	__cmsg_alignbytes;
	__consttime_bcmp;
	__copybits_D2A;
	__ctime50;
	__ctime_r50;
	__ctime_rz50;
	__curbrk;
	__cxa_atexit;
	__cxa_finalize;
	__d2b_D2A;
	__dbm_delete13;
	__dbm_fetch13;
	__dbm_firstkey13;
	__dbm_nextkey13;
	__dbm_store13;
	__dbpanic;
	__decrement_D2A;
	__default_hash;
	__delpair;
	__devname50;
	__diagassert13;
	__diagassert;
	__diff_D2A;
	__difftime50;
	__divdi3;
	__dl_iterate_phdr;
	__dladdr;
	__dlclose;
	__dlerror;
	__dlinfo;
	__dlopen;
	__dlsym;
	__dlvsym;
	__dn_comp;
	__dn_count_labels;
	__dn_skipname;
	__dorand48;
	__dtoa;
	__envvarnamelen;
	__errno;
	__evAddTime;
	__evCmpTime;
	__evConsIovec;
	__evConsTime;
	__evNowTime;
	__evSubTime;
	__evTimeSpec;
	__evTimeVal;
	__evUTCTime;
	__expand_table;
	__explicit_bzero;
	__explicit_memset_impl;
	__fdnlist;
	__fdnlist_elf32;
	__fdnlist_elf64;
	__fgetpos50;
	__fgets_chk;
	__fgetstr;
	__fgetwc_unlock;
	__fhopen40;
	__fhstat30;
	__fhstat40;
	__fhstat50;
	__fhstatvfs140;
	__fhstatvfs40;
	__find_bigpair;
	__find_last_page;
	__findenv;
	__findenvvar;
	__fix_locale_grouping_str;
	__fixdfdi;
	__fixsfdi;
	__fixunsdfdi;
	__fixunssfdi;
	__floatdidf;
	__floatdisf;
	__floatundidf;
	__floatundisf;
	__flockfile_internal;
	__flt_rounds;
	__fmtcheck;
	__fork;
	__fp_nquery;
	__fp_query;
	__fpclassifyd;
	__fpclassifyf;
	__fpclassifyl;
	__fputwc_unlock;
	__free_ovflpage;
	__freedtoa;
	__freeenvvar;
	__fsetpos50;
	__fstat13;
	__fstat30;
	__fstat50;
	__ftruncate;
	__fts_children13;
	__fts_children30;
	__fts_children31;
	__fts_children32;
	__fts_children50;
	__fts_children60;
	__fts_close13;
	__fts_close30;
	__fts_close31;
	__fts_close32;
	__fts_close50;
	__fts_close60;
	__fts_open13;
	__fts_open30;
	__fts_open31;
	__fts_open32;
	__fts_open50;
	__fts_open60;
	__fts_read13;
	__fts_read30;
	__fts_read31;
	__fts_read32;
	__fts_read50;
	__fts_read60;
	__fts_set13;
	__fts_set30;
	__fts_set31;
	__fts_set32;
	__fts_set50;
	__fts_set60;
	__funlockfile_internal;
	__futimes50;
	__gdtoa;
	__gdtoa_locks;
	__get_buf;
	__get_page;
	__getcwd;
	__getdelim;
	__getdents30;
	__getdevmajor50;
	__getenvslot;
	__getfh30;
	__gethex_D2A;
	__getitimer50;
	__getlastlogx13;
	__getlastlogx50;
	__getlogin;
	__getmntinfo13;
	__getpwent50;
	__getpwent_r50;
	__getpwnam50;
	__getpwnam_r50;
	__getpwuid50;
	__getpwuid_r50;
	__getrusage50;
	__gets_chk;
	__gettemp;
	__gettimeofday50;
	__getutent50;
	__getutmp50;
	__getutmpx50;
	__getutxent50;
	__getutxid50;
	__getutxline50;
	__glob13;
	__glob30;
	__globfree13;
	__globfree30;
	__gmtime50;
	__gmtime_r50;
	__grbad_compat;
	__grend_compat;
	__grend_dns;
	__grend_files;
	__grend_nis;
	__grmutex;
	__grscan_compat;
	__grscan_dns;
	__grscan_files;
	__grscan_nis;
	__grstart_compat;
	__grstart_dns;
	__grstart_files;
	__grstart_nis;
	__guard_setup;
	__h_errno;
	__h_errno_set;
	__hash_open;
	__hdtoa;
	__hexdig_D2A;
	__hexdig_init_D2A;
	__hexnan_D2A;
	__hi0bits_D2A;
	__hldtoa;
	__hostalias;
	__i2b_D2A;
	__ibitmap;
	__iconv;
	__iconv_free_list;
	__iconv_get_list;
	__increment_D2A;
	__infinity;
	__infinityf;
	__infinityl;
	__iordi3;
	__isfinited;
	__isfinitef;
	__isfinitel;
	__isinfd;
	__isinff;
	__isinfl;
	__isnand;
	__isnanf;
	__isnanl;
	__isthreaded;
	__ivaliduser;
	__ivaliduser_sa;
	__kevent50;
	__ldtoa;
	__learn_tree;
	__lfs_segwait50;
	__libc_cond_broadcast;
	__libc_cond_broadcast_stub;
	__libc_cond_catchall_stub;
	__libc_cond_destroy;
	__libc_cond_destroy_stub;
	__libc_cond_init;
	__libc_cond_init_stub;
	__libc_cond_signal;
	__libc_cond_signal_stub;
	__libc_cond_timedwait;
	__libc_cond_timedwait_stub;
	__libc_cond_wait;
	__libc_cond_wait_stub;
	__libc_env_init;
	__libc_mutex_catchall_stub;
	__libc_mutex_destroy;
	__libc_mutex_destroy_stub;
	__libc_mutex_init;
	__libc_mutex_init_stub;
	__libc_mutex_lock;
	__libc_mutex_lock_stub;
	__libc_mutex_trylock;
	__libc_mutex_trylock_stub;
	__libc_mutex_unlock;
	__libc_mutex_unlock_stub;
	__libc_mutexattr_catchall_stub;
	__libc_mutexattr_destroy;
	__libc_mutexattr_destroy_stub;
	__libc_mutexattr_init;
	__libc_mutexattr_init_stub;
	__libc_mutexattr_settype;
	__libc_mutexattr_settype_stub;
	__libc_rtld_tls_allocate;
	__libc_rtld_tls_free;
	__libc_rwlock_catchall_stub;
	__libc_rwlock_destroy;
	__libc_rwlock_destroy_stub;
	__libc_rwlock_init;
	__libc_rwlock_init_stub;
	__libc_rwlock_rdlock;
	__libc_rwlock_rdlock_stub;
	__libc_rwlock_tryrdlock;
	__libc_rwlock_tryrdlock_stub;
	__libc_rwlock_trywrlock;
	__libc_rwlock_trywrlock_stub;
	__libc_rwlock_unlock;
	__libc_rwlock_unlock_stub;
	__libc_rwlock_wrlock;
	__libc_rwlock_wrlock_stub;
	__libc_sigaction14;
	__libc_thr_create;
	__libc_thr_create_stub;
	__libc_thr_curcpu;
	__libc_thr_curcpu_stub;
	__libc_thr_equal;
	__libc_thr_equal_stub;
	__libc_thr_errno;
	__libc_thr_errno_stub;
	__libc_thr_exit;
	__libc_thr_exit_stub;
	__libc_thr_getspecific;
	__libc_thr_getspecific_stub;
	__libc_thr_init;
	__libc_thr_init_stub;
	__libc_thr_keycreate;
	__libc_thr_keycreate_stub;
	__libc_thr_keydelete;
	__libc_thr_keydelete_stub;
	__libc_thr_once;
	__libc_thr_once_stub;
	__libc_thr_self;
	__libc_thr_self_stub;
	__libc_thr_setcancelstate;
	__libc_thr_setcancelstate_stub;
	__libc_thr_setspecific;
	__libc_thr_setspecific_stub;
	__libc_thr_sigsetmask;
	__libc_thr_sigsetmask_stub;
	__libc_thr_yield;
	__libc_thr_yield_stub;
	__libc_tls_get_addr;
	__lo0bits_D2A;
	__loc_aton;
	__loc_ntoa;
	__localtime_r50;
	__localtime_rz50;
	__locatime50;
	__log2;
	__logname_valid;
	__longjmp14;
	__lseek;
	__lshift_D2A;
	__lshrdi3;
	__lstat13;
	__lstat30;
	__lstat50;
	__lutimes50;
	__match_D2A;
	__mb_cur_max;
	__mb_len_max_runtime;
	__mcount;
	__memcpy_chk;
	__memmove_chk;
	__memset_chk;
	__minbrk;
	__mknod50;
	__mktime50;
	__mktime_z50;
	__mmap;
	__moddi3;
	__mount50;
	__mq_timedreceive50;
	__mq_timedsend50;
	__msgctl13;
	__msgctl50;
	__msync13;
	__muldi3;
	__mult_D2A;
	__multadd_D2A;
	__nanf;
	__nanosleep50;
	__negdi2;
	__nrv_alloc_D2A;
	__ns_format_ttl;
	__ns_get16;
	__ns_get32;
	__ns_initparse;
	__ns_makecanon;
	__ns_msg_getflag;
	__ns_name_compress;
	__ns_name_eq;
	__ns_name_labels;
	__ns_name_length;
	__ns_name_map;
	__ns_name_ntol;
	__ns_name_ntop;
	__ns_name_owned;
	__ns_name_pack;
	__ns_name_pton2;
	__ns_name_pton;
	__ns_name_rollback;
	__ns_name_skip;
	__ns_name_uncompress;
	__ns_name_unpack2;
	__ns_name_unpack;
	__ns_parserr2;
	__ns_parserr;
	__ns_put16;
	__ns_put32;
	__ns_samename;
	__ns_skiprr;
	__ns_sprintrr;
	__ns_sprintrrf;
	__nsdefaultcompat;
	__nsdefaultcompat_forceall;
	__nsdefaultfiles;
	__nsdefaultfiles_forceall;
	__nsdefaultnis;
	__nsdefaultnis_forceall;
	__nsdefaultsrc;
	__ntp_adjtime;
	__ntp_gettime30;
	__ntp_gettime50;
	__offtime50;
	__offtime_r50;
	__one_cmpldi2;
	__opendir230;
	__opendir2;
	__opendir30;
	__openlog_r60;
	__ovfl_delete;
	__ovfl_get;
	__ovfl_put;
	__p_cdname;
	__p_cdnname;
	__p_cert_syms;
	__p_class;
	__p_class_syms;
	__p_default_section_syms;
	__p_fqname;
	__p_fqnname;
	__p_key_syms;
	__p_option;
	__p_query;
	__p_rcode;
	__p_rcode_syms;
	__p_secstodate;
	__p_section;
	__p_sockun;
	__p_time;
	__p_type;
	__p_type_syms;
	__p_update_section_syms;
	__pmap_rmtcall50;
	__pollts50;
	__posix2time50;
	__posix2time_z50;
	__posix_chown;
	__posix_fadvise50;
	__posix_fchown;
	__posix_lchown;
	__posix_rename;
	__pow5mult_D2A;
	__pread;
	__preadv;
	__progname;
	__ps_strings;
	__pselect50;
	__put_page;
	__putenv50;
	__putlong;
	__putshort;
	__pututxline50;
	__pw_scan;
	__pwcache_userdb50;
	__pwrite;
	__pwritev;
	__qdivrem;
	__quorem_D2A;
	__quotactl;
	__rand48_add;
	__rand48_mult;
	__rand48_seed;
	__ratio_D2A;
	__rcmd_errstr;
	__readdir30;
	__readdir_r30;
	__readlockenv;
	__rec_close;
	__rec_delete;
	__rec_dleaf;
	__rec_fd;
	__rec_fmap;
	__rec_fpipe;
	__rec_get;
	__rec_iput;
	__rec_open;
	__rec_put;
	__rec_ret;
	__rec_search;
	__rec_seq;
	__rec_sync;
	__rec_vmap;
	__rec_vpipe;
	__reclaim_buf;
	__res_check;
	__res_close;
	__res_disable_mt;
	__res_dnok;
	__res_enable_mt;
	__res_get_nibblesuffix2;
	__res_get_nibblesuffix;
	__res_get_old_state;
	__res_get_state;
	__res_get_state_nothread;
	__res_getservers;
	__res_hnok;
	__res_hostalias;
	__res_isourserver;
	__res_mailok;
	__res_nameinquery;
	__res_nametoclass;
	__res_nametotype;
	__res_nclose;
	__res_ndestroy;
	__res_ninit;
	__res_nmkquery;
	__res_nopt;
	__res_nopt_rdata;
	__res_nquery;
	__res_nquerydomain;
	__res_nrandomid;
	__res_nsearch;
	__res_nsend;
	__res_opt;
	__res_ourserver_p;
	__res_ownok;
	__res_pquery;
	__res_put_old_state;
	__res_put_state;
	__res_put_state_nothread;
	__res_queriesmatch;
	__res_querydomain;
	__res_randomid;
	__res_rndinit;
	__res_send;
	__res_send_setqhook;
	__res_send_setrhook;
	__res_setservers;
	__res_state;
	__res_vinit;
	__rpc_authdes_lock;
	__rpc_authnone_lock;
	__rpc_authsvc_lock;
	__rpc_broadenable;
	__rpc_clnt_fd_lock;
	__rpc_clntraw_lock;
	__rpc_control;
	__rpc_createerr;
	__rpc_dname_lock;
	__rpc_dtbsize;
	__rpc_dupreq_lock;
	__rpc_endconf;
	__rpc_fd2sockinfo;
	__rpc_fixup_addr;
	__rpc_freebroadifs;
	__rpc_get_a_size;
	__rpc_get_t_size;
	__rpc_getbroadifs;
	__rpc_getconf;
	__rpc_getconfip;
	__rpc_getxid;
	__rpc_keyserv_lock;
	__rpc_libnsl_trace_lock;
	__rpc_loopnconf_lock;
	__rpc_lowvers;
	__rpc_nconf2fd;
	__rpc_nconf2sockinfo;
	__rpc_ops_lock;
	__rpc_portnum_lock;
	__rpc_proglst_lock;
	__rpc_rawcombuf;
	__rpc_rpcbaddr_cache_lock;
	__rpc_rpcsoc_lock;
	__rpc_seman2socktype;
	__rpc_setconf;
	__rpc_setnodelay;
	__rpc_sockinfo2netid;
	__rpc_sockisbound;
	__rpc_socktype2seman;
	__rpc_svc_fd_lock;
	__rpc_svc_lock;
	__rpc_svcraw_lock;
	__rpc_taddr2uaddr_af;
	__rpc_uaddr2taddr_af;
	__rpc_xprtlist_lock;
	__rpcb_findaddr;
	__rpcb_gettime50;
	__rpcb_rmtcall50;
	__rpcgettp;
	__rshift_D2A;
	__rusage_to_rusage50;
	__rv_alloc_D2A;
	__s2b_D2A;
	__sF;
	__sFext;
	__scandir30;
	__scanfdebug;
	__sched_getaffinity;
	__sched_getparam;
	__sched_rr_get_interval50;
	__sched_setaffinity;
	__sched_setparam;
	__sclose;
	__sdidinit;
	__select50;
	__semctl13;
	__semctl50;
	__semctl;
	__set_ones_D2A;
	__setitimer50;
	__setjmp14;
	__setlocale50;
	__setlocale;
	__setlocale_mb_len_max_32;
	__setlogin;
	__setlogmask_r60;
	__settimeofday50;
	__settimeofday;
	__sflags;
	__sflush;
	__sfp;
	__sfp_lock;
	__sfpinit;
	__sfvwrite;
	__sglue;
	__shmctl13;
	__shmctl50;
	__sigaction14;
	__sigaction_sigtramp;
	__sigaddset14;
	__sigaltstack14;
	__sigdelset14;
	__sigemptyset14;
	__sigfillset14;
	__sigintr;
	__sigismember14;
	__siglongjmp14;
	__signbitd;
	__signbitf;
	__signbitl;
	__sigpending14;
	__sigprocmask14;
	__sigsetjmp14;
	__sigsuspend14;
	__sigtimedwait50;
	__sigtimedwait;
	__sigtramp_siginfo_2;
	__sinit;
	__smakebuf;
	__snprintf_chk;
	__socket30;
	__split_page;
	__sprintf_chk;
	__sread;
	__srefill;
	__srget;
	__sseek;
	__stack_chk_fail;
	__stack_chk_fail_local;
	__stack_chk_guard;
	__stat13;
	__stat30;
	__stat50;
	__strcat_chk;
	__strcp_D2A;
	__strcpy_chk;
	__strncat_chk;
	__strncpy_chk;
	__strsignal;
	__strtodg_D2A;
	__strtopx_D2A;
	__strtord_D2A;
	__subdi3;
	__sum_D2A;
	__svc_clean_idle;
	__svc_maxrec;
	__svc_xports;
	__svfscanf;
	__svfscanf_unlocked;
	__swbuf;
	__swhatbuf;
	__swrite;
	__swsetup;
	__sym_ntop;
	__sym_ntos;
	__sym_ston;
	__sys_errlist14;
	__sys_errlist;
	__sys_nerr14;
	__sys_nerr;
	__sys_nsig14;
	__sys_siglist14;
	__sys_siglist;
	__sys_signame14;
	__syscall;
	__sysconf;
	__sysctl;
	__syslog_r60;
	__syslog_ss60;
	__syslogp_r60;
	__syslogp_ss60;
	__tens_D2A;
	__time2posix50;
	__time2posix_z50;
	__time50;
	__timegm50;
	__timelocal50;
	__timelocal_z50;
	__timeoff50;
	__timer_gettime50;
	__timer_settime50;
	__times13;
	__timezone13;
	__tinytens_D2A;
	__tls_get_addr;
	__trailz_D2A;
	__truncate;
	__tzalloc50;
	__tzfree50;
	__tzgetname50;
	__tzset50;
	__tzsetwall50;
	__ucmpdi2;
	__udivdi3;
	__ulp_D2A;
	__umoddi3;
	__unlockenv;
	__unsetenv13;
	__unvis13;
	__unvis50;
	__updlastlogx50;
	__updwtmpx50;
	__utime50;
	__utimes50;
	__vfork14;
	__vfprintf_unlocked;
	__vfwprintf_unlocked;
	__vfwscanf_unlocked;
	__vsnprintf_chk;
	__vsprintf_chk;
	__vsyslog_r60;
	__vsyslog_ss60;
	__vsyslogp_r60;
	__vsyslogp_ss60;
	__wait350;
	__wait450;
	__writelockenv;
	__xdrrec_getrec;
	__xdrrec_setnonblock;
	__xordi3;
	__xprt_unregister_unlocked;
	__yp_token;
	__yp_unbind;
	_a64l;
	_accept;
	_adjtime;
	_aio_suspend;
	_alarm;
	_alphasort;
	_arc4random;
	_arc4random_addrandom;
	_arc4random_buf;
	_arc4random_stir;
	_arc4random_uniform;
	_asctime_r;
	_asprintf;
	_atoll;
	_atomic_add_32;
	_atomic_add_32_nv;
	_atomic_add_64;
	_atomic_add_64_nv;
	_atomic_add_int;
	_atomic_add_int_nv;
	_atomic_add_long;
	_atomic_add_long_nv;
	_atomic_add_ptr;
	_atomic_add_ptr_nv;
	_atomic_and_32;
	_atomic_and_32_nv;
	_atomic_and_64;
	_atomic_and_64_nv;
	_atomic_and_ptr;
	_atomic_and_ptr_nv;
	_atomic_and_uint;
	_atomic_and_uint_nv;
	_atomic_and_ulong;
	_atomic_and_ulong_nv;
	_atomic_cas_32;
	_atomic_cas_32_ni;
	_atomic_cas_64;
	_atomic_cas_64_ni;
	_atomic_cas_ptr;
	_atomic_cas_ptr_ni;
	_atomic_cas_uint;
	_atomic_cas_uint_ni;
	_atomic_cas_ulong;
	_atomic_cas_ulong_ni;
	_atomic_dec_32;
	_atomic_dec_32_nv;
	_atomic_dec_64;
	_atomic_dec_64_nv;
	_atomic_dec_ptr;
	_atomic_dec_ptr_nv;
	_atomic_dec_uint;
	_atomic_dec_uint_nv;
	_atomic_dec_ulong;
	_atomic_dec_ulong_nv;
	_atomic_inc_32;
	_atomic_inc_32_nv;
	_atomic_inc_64;
	_atomic_inc_64_nv;
	_atomic_inc_ptr;
	_atomic_inc_ptr_nv;
	_atomic_inc_uint;
	_atomic_inc_uint_nv;
	_atomic_inc_ulong;
	_atomic_inc_ulong_nv;
	_atomic_or_32;
	_atomic_or_32_nv;
	_atomic_or_64;
	_atomic_or_64_nv;
	_atomic_or_ptr;
	_atomic_or_ptr_nv;
	_atomic_or_uint;
	_atomic_or_uint_nv;
	_atomic_or_ulong;
	_atomic_or_ulong_nv;
	_atomic_swap_32;
	_atomic_swap_64;
	_atomic_swap_ptr;
	_atomic_swap_uint;
	_atomic_swap_ulong;
	_authenticate;
	_authnone_create;
	_authunix_create;
	_authunix_create_default;
	_basename;
	_bindresvport;
	_bindresvport_sa;
	_bm_comp;
	_bm_exec;
	_bm_free;
	_brk;
	_callrpc;
	_catclose;
	_catgets;
	_catopen;
	_cdbr_close;
	_cdbr_find;
	_cdbr_get;
	_cdbr_open;
	_cdbw_close;
	_cdbw_open;
	_cdbw_output;
	_cdbw_put;
	_cdbw_put_data;
	_cdbw_put_key;
	_cfgetispeed;
	_cfgetospeed;
	_cfmakeraw;
	_cfsetispeed;
	_cfsetospeed;
	_cfsetspeed;
	_cgetcap;
	_cgetclose;
	_cgetent;
	_cgetfirst;
	_cgetmatch;
	_cgetnext;
	_cgetnum;
	_cgetset;
	_cgetstr;
	_cgetustr;
	_citrus_LC_CTYPE_setlocale;
	_citrus_LC_MESSAGES_setlocale;
	_citrus_LC_MONETARY_setlocale;
	_citrus_LC_NUMERIC_setlocale;
	_citrus_LC_TIME_setlocale;
	_citrus_NONE_ctype_ops;
	_citrus_NONE_stdenc_ops;
	_citrus_NONE_stdenc_traits;
	_citrus_bcs_convert_to_lower;
	_citrus_bcs_convert_to_upper;
	_citrus_bcs_skip_nonws;
	_citrus_bcs_skip_nonws_len;
	_citrus_bcs_skip_ws;
	_citrus_bcs_skip_ws_len;
	_citrus_bcs_strcasecmp;
	_citrus_bcs_strncasecmp;
	_citrus_bcs_strtol;
	_citrus_bcs_strtoul;
	_citrus_bcs_trunc_rws_len;
	_citrus_csmapper_open;
	_citrus_ctype_btowc_fallback;
	_citrus_ctype_close;
	_citrus_ctype_default;
	_citrus_ctype_open;
	_citrus_ctype_wctob_fallback;
	_citrus_db_close;
	_citrus_db_get_entry;
	_citrus_db_get_number_of_entries;
	_citrus_db_hash_std;
	_citrus_db_lookup16_by_string;
	_citrus_db_lookup32_by_string;
	_citrus_db_lookup8_by_string;
	_citrus_db_lookup;
	_citrus_db_lookup_by_string;
	_citrus_db_lookup_string_by_string;
	_citrus_db_open;
	_citrus_esdb_alias;
	_citrus_esdb_close;
	_citrus_esdb_free_list;
	_citrus_esdb_get_list;
	_citrus_esdb_open;
	_citrus_find_getops;
	_citrus_iconv_close;
	_citrus_iconv_open;
	_citrus_load_module;
	_citrus_lookup_get_number_of_entries;
	_citrus_lookup_seq_close;
	_citrus_lookup_seq_lookup;
	_citrus_lookup_seq_next;
	_citrus_lookup_seq_open;
	_citrus_lookup_seq_rewind;
	_citrus_lookup_simple;
	_citrus_map_file;
	_citrus_mapper_close;
	_citrus_mapper_create_area;
	_citrus_mapper_open;
	_citrus_mapper_open_direct;
	_citrus_mapper_set_persistent;
	_citrus_memory_stream_chr;
	_citrus_memory_stream_getln;
	_citrus_memory_stream_matchline;
	_citrus_memory_stream_skip_ws;
	_citrus_stdenc_close;
	_citrus_stdenc_default;
	_citrus_stdenc_open;
	_citrus_unload_module;
	_citrus_unmap_file;
	_cleanup;
	_clnt_broadcast;
	_clnt_create;
	_clnt_create_vers;
	_clnt_dg_create;
	_clnt_pcreateerror;
	_clnt_perrno;
	_clnt_perror;
	_clnt_raw_create;
	_clnt_spcreateerror;
	_clnt_sperrno;
	_clnt_sperror;
	_clnt_tli_create;
	_clnt_tp_create;
	_clnt_vc_create;
	_clntraw_create;
	_clnttcp_create;
	_clntudp_bufcreate;
	_clntudp_create;
	_clock_getres;
	_clock_gettime;
	_clock_settime;
	_close;
	_closedir;
	_closelog;
	_closelog_r;
	_confstr;
	_connect;
	_cpuset_clr;
	_cpuset_create;
	_cpuset_destroy;
	_cpuset_isset;
	_cpuset_set;
	_cpuset_size;
	_cpuset_zero;
	_csetexpandtc;
	_ctermid;
	_ctime_r;
	_ctime_rz;
	_ctype_;
	_current_locale;
	_daemon;
	_daylight;
	_dbopen;
	_devname;
	_devname_r;
	_difftime;
	_dirname;
	_dlauxinfo;
	_dn_expand;
	_dns_gethtbyaddr;
	_dns_gethtbyname;
	_drand48;
	_dummy_LC_COLLATE_setlocale;
	_endfsent;
	_endgrent;
	_endhostent;
	_endhtent;
	_endnetconfig;
	_endnetent;
	_endnetgrent;
	_endnetpath;
	_endprotoent;
	_endprotoent_r;
	_endpwent;
	_endrpcent;
	_endservent;
	_endservent_r;
	_endttyent;
	_endusershell;
	_erand48;
	_err;
	_errx;
	_ether_aton;
	_ether_hostton;
	_ether_line;
	_ether_ntoa;
	_ether_ntohost;
	_execl;
	_execle;
	_execlp;
	_execv;
	_execve;
	_execvp;
	_exit;
	_fcntl;
	_fdatasync;
	_fdopen;
	_fdopendir;
	_fgetln;
	_fgetwln;
	_fhstatvfs;
	_fileno;
	_find_category;
	_fini;
	_finidir;
	_flockfile;
	_fnmatch;
	_fork;
	_fparseln;
	_fpgetmask;
	_fpgetprec;
	_fpgetround;
	_fpgetsticky;
	_fpsetmask;
	_fpsetprec;
	_fpsetround;
	_fpsetsticky;
	_freeaddrinfo;
	_freeifaddrs;
	_freenetconfigent;
	_fseeko;
	_fstatvfs;
	_fsync;
	_fsync_range;
	_ftello;
	_ftok;
	_ftruncate;
	_ftrylockfile;
	_fts_children;
	_fts_close;
	_fts_open;
	_fts_read;
	_fts_set;
	_funlockfile;
	_fwalk;
	_gai_strerror;
	_generic_LC_ALL_setlocale;
	_get_locale_env;
	_get_myaddress;
	_get_next_token;
	_getaddrinfo;
	_getbsize;
	_getcontext;
	_getcwd;
	_getdelim;
	_getdevmajor;
	_getdiskbyname;
	_getdomainname;
	_getenv_r;
	_getfsent;
	_getfsfile;
	_getfsspec;
	_getgrent;
	_getgrent_r;
	_getgrgid;
	_getgrgid_r;
	_getgrnam;
	_getgrnam_r;
	_getgrouplist;
	_getgroupmembership;
	_gethostbyaddr;
	_gethostbyname;
	_gethostent;
	_gethostname;
	_gethtbyaddr;
	_gethtbyname2;
	_gethtbyname;
	_gethtent;
	_getifaddrs;
	_getline;
	_getloadavg;
	_getlogin;
	_getlogin_r;
	_getlong;
	_getmntinfo;
	_getmode;
	_getnameinfo;
	_getnetbyaddr;
	_getnetbyname;
	_getnetconfig;
	_getnetconfigent;
	_getnetent;
	_getnetgrent;
	_getnetpath;
	_getopt;
	_getopt_long;
	_getpagesize;
	_getpass;
	_getpass_r;
	_getpassfd;
	_getprogname;
	_getprotobyname;
	_getprotobyname_r;
	_getprotobynumber;
	_getprotobynumber_r;
	_getprotoent;
	_getprotoent_r;
	_getpwent;
	_getpwent_r;
	_getpwnam;
	_getpwnam_r;
	_getpwuid;
	_getpwuid_r;
	_getrpcbyname;
	_getrpcbynumber;
	_getrpcent;
	_getrpcport;
	_getservbyname;
	_getservbyname_r;
	_getservbyport;
	_getservbyport_r;
	_getservent;
	_getservent_r;
	_getshort;
	_getsubopt;
	_getttyent;
	_getttynam;
	_getusershell;
	_glob;
	_global_locale;
	_globfree;
	_gmondummy;
	_gmonfree;
	_gmoninuse;
	_gmonkey;
	_gmonlock;
	_gmonparam;
	_gmtime_r;
	_group_from_gid;
	_heapsort;
	_herror;
	_hes_error;
	_hes_free;
	_hes_init;
	_hes_resolve;
	_hes_to_bind;
	_hesiod_end;
	_hesiod_free_list;
	_hesiod_init;
	_hesiod_resolve;
	_hesiod_to_bind;
	_iconv;
	_iconv_close;
	_iconv_open;
	_if_freenameindex;
	_if_indextoname;
	_if_nameindex;
	_if_nametoindex;
	_imaxdiv;
	_in6addr_any;
	_in6addr_linklocal_allnodes;
	_in6addr_linklocal_allrouters;
	_in6addr_loopback;
	_in6addr_nodelocal_allnodes;
	_inet6_opt_append;
	_inet6_opt_find;
	_inet6_opt_finish;
	_inet6_opt_get_val;
	_inet6_opt_init;
	_inet6_opt_next;
	_inet6_opt_set_val;
	_inet6_option_alloc;
	_inet6_option_append;
	_inet6_option_find;
	_inet6_option_init;
	_inet6_option_next;
	_inet6_option_space;
	_inet6_rth_add;
	_inet6_rth_getaddr;
	_inet6_rth_init;
	_inet6_rth_reverse;
	_inet6_rth_segments;
	_inet6_rth_space;
	_inet6_rthdr_add;
	_inet6_rthdr_getaddr;
	_inet6_rthdr_getflags;
	_inet6_rthdr_init;
	_inet6_rthdr_lasthop;
	_inet6_rthdr_segments;
	_inet6_rthdr_space;
	_inet_aton;
	_inet_cidr_ntop;
	_inet_cidr_pton;
	_inet_lnaof;
	_inet_makeaddr;
	_inet_net_ntop;
	_inet_net_pton;
	_inet_neta;
	_inet_netof;
	_inet_network;
	_inet_nsap_addr;
	_inet_nsap_ntoa;
	_inet_ntoa;
	_inet_ntop;
	_inet_pton;
	_init;
	_initdir;
	_initgroups;
	_initstate;
	_innetgr;
	_isatty;
	_iswctype_priv;
	_jrand48;
	_kill;
	_ksem_close;
	_ksem_destroy;
	_ksem_getvalue;
	_ksem_init;
	_ksem_open;
	_ksem_post;
	_ksem_timedwait;
	_ksem_trywait;
	_ksem_unlink;
	_ksem_wait;
	_l64a;
	_l64a_r;
	_labs;
	_lcong48;
	_ldiv;
	_libc_init;
	_llabs;
	_lldiv;
	_localtime_r;
	_localtime_rz;
	_lockf;
	_longjmp;
	_lrand48;
	_lseek;
	_lwp_continue;
	_lwp_create;
	_lwp_ctl;
	_lwp_detach;
	_lwp_exit;
	_lwp_getname;
	_lwp_getprivate;
	_lwp_kill;
	_lwp_makecontext;
	_lwp_park;
	_lwp_self;
	_lwp_setname;
	_lwp_setprivate;
	_lwp_suspend;
	_lwp_unpark;
	_lwp_unpark_all;
	_lwp_wait;
	_lwp_wakeup;
	_m_gmon_alloc;
	_malloc_message;
	_malloc_options;
	_malloc_postfork;
	_malloc_prefork;
	_mcleanup;
	_mcount;
	_membar_consumer;
	_membar_enter;
	_membar_exit;
	_membar_producer;
	_membar_sync;
	_mergesort;
	_mi_vector_hash;
	_mkstemp;
	_mktemp;
	_mktime_z;
	_mmap;
	_mpool_close;
	_mpool_filter;
	_mpool_get;
	_mpool_new;
	_mpool_open;
	_mpool_put;
	_mpool_sync;
	_mq_receive;
	_mq_send;
	_mq_timedreceive;
	_mq_timedsend;
	_mrand48;
	_msgrcv;
	_msgsnd;
	_murmurhash2;
	_nanosleep;
	_nc_perror;
	_nc_sperror;
	_net_stayopen;
	_ng_cycle;
	_ng_makekey;
	_ng_parse;
	_ng_print;
	_nice;
	_nrand48;
	_nres;
	_ns_flagdata;
	_nsdbtaddsrc;
	_nsdbtdump;
	_nsdbtput;
	_nsdispatch;
	_nsyy_create_buffer;
	_nsyy_delete_buffer;
	_nsyy_flex_debug;
	_nsyy_flush_buffer;
	_nsyy_scan_buffer;
	_nsyy_scan_bytes;
	_nsyy_scan_string;
	_nsyy_switch_to_buffer;
	_nsyyalloc;
	_nsyychar;
	_nsyydebug;
	_nsyyerrflag;
	_nsyyerror;
	_nsyyfree;
	_nsyyget_debug;
	_nsyyget_in;
	_nsyyget_leng;
	_nsyyget_lineno;
	_nsyyget_out;
	_nsyyget_text;
	_nsyyin;
	_nsyyleng;
	_nsyylex;
	_nsyylex_destroy;
	_nsyylineno;
	_nsyylval;
	_nsyynerrs;
	_nsyyout;
	_nsyyparse;
	_nsyypop_buffer_state;
	_nsyypush_buffer_state;
	_nsyyrealloc;
	_nsyyrestart;
	_nsyyset_debug;
	_nsyyset_in;
	_nsyyset_lineno;
	_nsyyset_out;
	_nsyytext;
	_nsyyval;
	_nsyywrap;
	_ntp_adjtime;
	_null_auth;
	_offtime;
	_open;
	_opendir;
	_openlog;
	_openlog_r;
	_pause;
	_pclose;
	_pipe;
	_pmap_getmaps;
	_pmap_getport;
	_pmap_rmtcall;
	_pmap_set;
	_pmap_unset;
	_poll;
	_pollts;
	_popen;
	_posix2time;
	_posix2time_z;
	_pread;
	_protoent_data;
	_protoent_mutex;
	_pselect;
	_psignal;
	_pthread_atfork;
	_putenv;
	_pwcache_groupdb;
	_pwcache_userdb;
	_pwrite;
	_qabs;
	_qdiv;
	_radixsort;
	_random;
	_randomid;
	_randomid_delete;
	_randomid_new;
	_rb_tree_find_node;
	_rb_tree_find_node_geq;
	_rb_tree_find_node_leq;
	_rb_tree_init;
	_rb_tree_insert_node;
	_rb_tree_iterate;
	_rb_tree_remove_node;
	_read;
	_readdir;
	_readdir_r;
	_readlink;
	_readv;
	_realpath;
	_regcomp;
	_regerror;
	_regexec;
	_regfree;
	_registerrpc;
	_res;
	_res_init;
	_res_mkquery;
	_res_opcodes;
	_res_query;
	_res_search;
	_resumecontext;
	_rewinddir;
	_rpc_broadcast;
	_rpc_broadcast_exp;
	_rpc_call;
	_rpc_control;
	_rpc_dtablesize;
	_rpc_reg;
	_rpcb_getmaps;
	_rpcb_gettime;
	_rpcb_rmtcall;
	_rpcb_set;
	_rpcb_taddr2uaddr;
	_rpcb_uaddr2taddr;
	_rpcb_unset;
	_rtld_tls_allocate;
	_rtld_tls_free;
	_rune_load;
	_runetype_priv;
	_sbrk;
	_scandir;
	_sched_getaffinity;
	_sched_getparam;
	_sched_setaffinity;
	_sched_setparam;
	_sched_yield;
	_seed48;
	_seekdir;
	_seekdir_unlocked;
	_select;
	_send;
	_servent_close;
	_servent_data;
	_servent_getline;
	_servent_mutex;
	_servent_open;
	_servent_parsedb;
	_servent_parseline;
	_setcontext;
	_setdomainname;
	_setenv;
	_seterr_reply;
	_setfsent;
	_setgrent;
	_setgroupent;
	_sethostent;
	_sethostname;
	_sethtent;
	_setjmp;
	_setlogin;
	_setlogmask;
	_setlogmask_r;
	_setmode;
	_setnetconfig;
	_setnetent;
	_setnetgrent;
	_setnetpath;
	_setpassent;
	_setproctitle;
	_setprotoent;
	_setprotoent_r;
	_setpwent;
	_setrpcent;
	_setservent;
	_setservent_r;
	_setstate;
	_settimeofday;
	_setttyent;
	_setttyentpath;
	_setusershell;
	_shquote;
	_siginterrupt;
	_signal;
	_sigtimedwait;
	_sigwait;
	_sigwaitinfo;
	_sl_add;
	_sl_delete;
	_sl_find;
	_sl_free;
	_sl_init;
	_sleep;
	_snprintf;
	_snprintf_ss;
	_sradixsort;
	_srand48;
	_srandom;
	_statvfs;
	_strcasecmp;
	_strdup;
	_strerror_r;
	_stresep;
	_strftime_z;
	_string_hash_func;
	_strlcat;
	_strlcpy;
	_strncasecmp;
	_strndup;
	_strnunvisx;
	_strptime;
	_strsep;
	_strsignal;
	_strsuftoll;
	_strsuftollx;
	_strtof;
	_strtoimax;
	_strtok_r;
	_strtold;
	_strtoll;
	_strtoull;
	_strtoumax;
	_strvisx;
	_svc_auth_reg;
	_svc_create;
	_svc_dg_create;
	_svc_exit;
	_svc_fd_create;
	_svc_getreq;
	_svc_getreq_common;
	_svc_getreqset;
	_svc_raw_create;
	_svc_reg;
	_svc_register;
	_svc_run;
	_svc_sendreply;
	_svc_tli_create;
	_svc_tp_create;
	_svc_unreg;
	_svc_unregister;
	_svc_vc_create;
	_svcauth_null;
	_svcauth_short;
	_svcauth_unix;
	_svcerr_auth;
	_svcerr_decode;
	_svcerr_noproc;
	_svcerr_noprog;
	_svcerr_progvers;
	_svcerr_systemerr;
	_svcerr_weakauth;
	_svcfd_create;
	_svcraw_create;
	_svctcp_create;
	_svcudp_bufcreate;
	_svcudp_create;
	_sys___aio_suspend50;
	_sys___kevent50;
	_sys___mq_timedreceive50;
	_sys___mq_timedsend50;
	_sys___msync13;
	_sys___nanosleep50;
	_sys___pollts50;
	_sys___pselect50;
	_sys___select50;
	_sys___sigprocmask14;
	_sys___sigsuspend14;
	_sys___wait450;
	_sys__sched_getaffinity;
	_sys__sched_getparam;
	_sys__sched_setaffinity;
	_sys__sched_setparam;
	_sys_accept;
	_sys_aio_suspend;
	_sys_close;
	_sys_connect;
	_sys_errlist;
	_sys_execve;
	_sys_fcntl;
	_sys_fdatasync;
	_sys_fsync;
	_sys_fsync_range;
	_sys_getcwd;
	_sys_kill;
	_sys_mq_receive;
	_sys_mq_send;
	_sys_mq_timedreceive;
	_sys_mq_timedsend;
	_sys_msgrcv;
	_sys_msgsnd;
	_sys_nanosleep;
	_sys_nerr;
	_sys_open;
	_sys_poll;
	_sys_pollts;
	_sys_pread;
	_sys_pselect;
	_sys_pwrite;
	_sys_read;
	_sys_readlink;
	_sys_readv;
	_sys_sched_yield;
	_sys_select;
	_sys_setcontext;
	_sys_siglist;
	_sys_sysarch;
	_sys_wait4;
	_sys_write;
	_sys_writev;
	_sysarch;
	_sysctl;
	_sysctlbyname;
	_sysctlgetmibinfo;
	_sysctlnametomib;
	_syslog;
	_syslog_r;
	_syslog_ss;
	_syslogp;
	_syslogp_r;
	_syslogp_ss;
	_taddr2uaddr;
	_tcdrain;
	_tcflow;
	_tcflush;
	_tcgetattr;
	_tcgetpgrp;
	_tcgetsid;
	_tcsendbreak;
	_tcsetattr;
	_tcsetpgrp;
	_telldir;
	_telldir_unlocked;
	_time2posix;
	_time;
	_timegm;
	_timelocal;
	_timeoff;
	_times;
	_tolower;
	_tolower_tab_;
	_toupper;
	_toupper_tab_;
	_towctrans_ext;
	_ttyname;
	_ttyname_r;
	_ttyslot;
	_tzname;
	_tzset;
	_tzsetwall;
	_tztab;
	_uaddr2taddr;
	_ualarm;
	_uname;
	_unsetenv;
	_user_from_uid;
	_usleep;
	_utime;
	_uuid_create_nil;
	_uuid_is_nil;
	_valloc;
	_vdprintf;
	_verr;
	_verrx;
	_vsnprintf;
	_vsnprintf_ss;
	_vsyslog;
	_vsyslog_r;
	_vsyslog_ss;
	_vsyslogp;
	_vsyslogp_r;
	_vsyslogp_ss;
	_vwarn;
	_vwarnx;
	_wait3;
	_wait4;
	_wait;
	_waitpid;
	_warn;
	_warnx;
	_wcscasecmp;
	_wcsdup;
	_wcsncasecmp;
	_wcstod;
	_wcstof;
	_wcstold;
	_wcwidth;
	_write;
	_writev;
	_xdr_accepted_reply;
	_xdr_array;
	_xdr_authunix_parms;
	_xdr_bool;
	_xdr_bytes;
	_xdr_callhdr;
	_xdr_callmsg;
	_xdr_char;
	_xdr_datum;
	_xdr_des_block;
	_xdr_domainname;
	_xdr_double;
	_xdr_enum;
	_xdr_float;
	_xdr_free;
	_xdr_hyper;
	_xdr_int16_t;
	_xdr_int32_t;
	_xdr_int64_t;
	_xdr_int;
	_xdr_long;
	_xdr_longlong_t;
	_xdr_mapname;
	_xdr_netbuf;
	_xdr_netobj;
	_xdr_opaque;
	_xdr_opaque_auth;
	_xdr_peername;
	_xdr_pmap;
	_xdr_pmaplist;
	_xdr_pointer;
	_xdr_reference;
	_xdr_rejected_reply;
	_xdr_replymsg;
	_xdr_rmtcall_args;
	_xdr_rmtcallres;
	_xdr_rpcb;
	_xdr_rpcb_entry;
	_xdr_rpcb_entry_list_ptr;
	_xdr_rpcb_rmtcallargs;
	_xdr_rpcb_rmtcallres;
	_xdr_rpcb_stat;
	_xdr_rpcb_stat_byvers;
	_xdr_rpcblist;
	_xdr_rpcblist_ptr;
	_xdr_rpcbs_addrlist;
	_xdr_rpcbs_addrlist_ptr;
	_xdr_rpcbs_proc;
	_xdr_rpcbs_rmtcalllist;
	_xdr_rpcbs_rmtcalllist_ptr;
	_xdr_short;
	_xdr_sizeof;
	_xdr_string;
	_xdr_u_char;
	_xdr_u_hyper;
	_xdr_u_int16_t;
	_xdr_u_int32_t;
	_xdr_u_int64_t;
	_xdr_u_int;
	_xdr_u_long;
	_xdr_u_longlong_t;
	_xdr_u_short;
	_xdr_union;
	_xdr_vector;
	_xdr_void;
	_xdr_wrapstring;
	_xdr_yp_inaddr;
	_xdr_ypall;
	_xdr_ypbind_resp;
	_xdr_ypbind_setdom;
	_xdr_ypdomain_wrap_string;
	_xdr_ypmap_parms;
	_xdr_ypmap_wrap_string;
	_xdr_ypmaplist;
	_xdr_ypowner_wrap_string;
	_xdr_yppushresp_xfr;
	_xdr_ypreq_key;
	_xdr_ypreq_nokey;
	_xdr_ypreq_xfr;
	_xdr_ypresp_key_val;
	_xdr_ypresp_maplist;
	_xdr_ypresp_master;
	_xdr_ypresp_order;
	_xdr_ypresp_val;
	_xdrmem_create;
	_xdrrec_create;
	_xdrrec_endofrecord;
	_xdrrec_eof;
	_xdrrec_skiprecord;
	_xdrstdio_create;
	_xprt_register;
	_xprt_unregister;
	_yp_all;
	_yp_bind;
	_yp_check;
	_yp_dobind;
	_yp_domain;
	_yp_first;
	_yp_get_default_domain;
	_yp_gethtbyaddr;
	_yp_gethtbyname;
	_yp_invalid_domain;
	_yp_maplist;
	_yp_master;
	_yp_match;
	_yp_next;
	_yp_order;
	_yp_setbindtries;
	_yp_unbind;
	_ypbindlist;
	_yperr_string;
	_yphostent;
	_yplib_bindtries;
	_yplib_cache;
	_yplib_nerrs;
	_yplib_rpc_timeout;
	_yplib_timeout;
	_ypprot_err;
	a64l;
	abort;
	abs;
	accept;
	access;
	acct;
	adjtime;
	aio_suspend;
	alarm;
	alloca;
	allocaddrinfo;
	alphasort;
	arc4random;
	arc4random_addrandom;
	arc4random_buf;
	arc4random_stir;
	arc4random_uniform;
	asctime;
	asctime_r;
	asprintf;
	assertion_type_to_text;
	atexit;
	atof;
	atoi;
	atol;
	atoll;
	atomic_add_32;
	atomic_add_32_nv;
	atomic_add_64;
	atomic_add_64_nv;
	atomic_add_int;
	atomic_add_int_nv;
	atomic_add_long;
	atomic_add_long_nv;
	atomic_add_ptr;
	atomic_add_ptr_nv;
	atomic_and_32;
	atomic_and_32_nv;
	atomic_and_64;
	atomic_and_64_nv;
	atomic_and_ptr;
	atomic_and_ptr_nv;
	atomic_and_uint;
	atomic_and_uint_nv;
	atomic_and_ulong;
	atomic_and_ulong_nv;
	atomic_cas_32;
	atomic_cas_32_ni;
	atomic_cas_64;
	atomic_cas_64_ni;
	atomic_cas_ptr;
	atomic_cas_ptr_ni;
	atomic_cas_uint;
	atomic_cas_uint_ni;
	atomic_cas_ulong;
	atomic_cas_ulong_ni;
	atomic_dec_32;
	atomic_dec_32_nv;
	atomic_dec_64;
	atomic_dec_64_nv;
	atomic_dec_ptr;
	atomic_dec_ptr_nv;
	atomic_dec_uint;
	atomic_dec_uint_nv;
	atomic_dec_ulong;
	atomic_dec_ulong_nv;
	atomic_inc_32;
	atomic_inc_32_nv;
	atomic_inc_64;
	atomic_inc_64_nv;
	atomic_inc_ptr;
	atomic_inc_ptr_nv;
	atomic_inc_uint;
	atomic_inc_uint_nv;
	atomic_inc_ulong;
	atomic_inc_ulong_nv;
	atomic_or_32;
	atomic_or_32_nv;
	atomic_or_64_nv;
	atomic_or_ptr;
	atomic_or_ptr_nv;
	atomic_or_uint;
	atomic_or_uint_nv;
	atomic_or_ulong;
	atomic_or_ulong_nv;
	atomic_swap_32;
	atomic_swap_64;
	atomic_swap_ptr;
	atomic_swap_uint;
	atomic_swap_ulong;
	authnone_create;
	authunix_create;
	authunix_create_default;
	basename;
	bcmp;
	bcopy;
	bind;
	bindresvport;
	bindresvport_sa;
	bm_comp;
	bm_exec;
	bm_free;
	brk;
	bsearch;
	bswap64;
	btowc;
	bzero;
	calloc;
	callrpc;
	catclose;
	catgets;
	catopen;
	cdbr_close;
	cdbr_entries;
	cdbr_find;
	cdbr_get;
	cdbr_open;
	cdbw_close;
	cdbw_open;
	cdbw_output;
	cdbw_put;
	cdbw_put_data;
	cdbw_put_key;
	cdbw_stable_seeder;
	cfgetispeed;
	cfgetospeed;
	cfmakeraw;
	cfsetispeed;
	cfsetospeed;
	cfsetspeed;
	cgetcap;
	cgetclose;
	cgetent;
	cgetfirst;
	cgetmatch;
	cgetnext;
	cgetnum;
	cgetset;
	cgetstr;
	cgetustr;
	chdir;
	chflags;
	chmod;
	chown;
	chroot;
	clearerr;
	clnt_broadcast;
	clnt_create;
	clnt_create_vers;
	clnt_dg_create;
	clnt_pcreateerror;
	clnt_perrno;
	clnt_perror;
	clnt_raw_create;
	clnt_spcreateerror;
	clnt_sperrno;
	clnt_sperror;
	clnt_tli_create;
	clnt_tp_create;
	clnt_vc_create;
	clntraw_create;
	clnttcp_create;
	clntudp_bufcreate;
	clntudp_create;
	clock;
	clock_getres;
	clock_gettime;
	clock_nanosleep;
	clock_settime;
	clone;
	close;
	closedir;
	closefrom;
	closelog;
	closelog_r;
	confstr;
	connect;
	cpxattr;
	creat;
	csetexpandtc;
	ctermid;
	ctime;
	ctime_r;
	ctime_rz;
	daemon;
	daylight;
	dbm_clearerr;
	dbm_close;
	dbm_delete;
	dbm_dirfno;
	dbm_error;
	dbm_fetch;
	dbm_firstkey;
	dbm_nextkey;
	dbm_open;
	dbm_store;
	dbopen;
	dehumanize_number;
	devname;
	devname_r;
	difftime;
	dirname;
	div;
	dl_iterate_phdr;
	dladdr;
	dlclose;
	dlerror;
	dlinfo;
	dlopen;
	dlsym;
	dlvsym;
	dn_comp;
	dn_expand;
	dprintf;
	drand48;
	dup2;
	dup3;
	dup;
	endfsent;
	endgrent;
	endhostent;
	endnetconfig;
	endnetent;
	endnetgrent;
	endnetpath;
	endprotoent;
	endprotoent_r;
	endpwent;
	endrpcent;
	endservent;
	endservent_r;
	endttyent;
	endusershell;
	endutent;
	endutxent;
	environ;
	erand48;
	err;
	errno;
	errx;
	ether_aton;
	ether_hostton;
	ether_line;
	ether_ntoa;
	ether_ntohost;
	execl;
	execle;
	execlp;
	exect;
	execv;
	execve;
	execvp;
	exit;
	extattr_copy_fd;
	extattr_copy_file;
	extattr_copy_link;
	extattr_delete_fd;
	extattr_delete_file;
	extattr_delete_link;
	extattr_get_fd;
	extattr_get_file;
	extattr_get_link;
	extattr_list_fd;
	extattr_list_file;
	extattr_list_link;
	extattr_namespace_to_string;
	extattr_namespaces;
	extattr_set_fd;
	extattr_set_file;
	extattr_set_link;
	extattr_string_to_namespace;
	extattrctl;
	f_prealloc;
	fabs;
	faccessat;
	fchdir;
	fchflags;
	fchmod;
	fchmodat;
	fchown;
	fchownat;
	fchroot;
	fclose;
	fcntl;
	fcpxattr;
	fdatasync;
	fdopen;
	fdopendir;
	feof;
	ferror;
	fexecve;
	fflush;
	ffs;
	fgetc;
	fgetln;
	fgetpos;
	fgets;
	fgetwc;
	fgetwln;
	fgetws;
	fgetxattr;
	fhopen;
	fhstat;
	fhstatfs;
	fhstatvfs1;
	fhstatvfs;
	fileno;
	fktrace;
	flistxattr;
	flock;
	flockfile;
	fmemopen;
	fmtcheck;
	fmtmsg;
	fnmatch;
	fopen;
	fork;
	fparseln;
	fpathconf;
	fpgetmask;
	fpgetprec;
	fpgetround;
	fpgetsticky;
	fprintf;
	fpsetmask;
	fpsetprec;
	fpsetround;
	fpsetsticky;
	fpurge;
	fputc;
	fputs;
	fputwc;
	fputws;
	fread;
	free;
	freeaddrinfo;
	freeifaddrs;
	freenetconfigent;
	fremovexattr;
	freopen;
	frexp;
	fscanf;
	fseek;
	fseeko;
	fsetpos;
	fsetxattr;
	fstat;
	fstatat;
	fstatfs;
	fstatvfs1;
	fstatvfs;
	fsync;
	fsync_range;
	ftell;
	ftello;
	ftok;
	ftruncate;
	ftrylockfile;
	fts_children;
	fts_close;
	fts_open;
	fts_read;
	fts_set;
	ftw;
	funlockfile;
	funopen2;
	funopen;
	futimens;
	futimes;
	fwide;
	fwprintf;
	fwrite;
	fwscanf;
	gai_strerror;
	get_myaddress;
	getaddrinfo;
	getbsize;
	getc;
	getc_unlocked;
	getchar;
	getchar_unlocked;
	getcontext;
	getcwd;
	getdate;
	getdate_err;
	getdelim;
	getdents;
	getdevmajor;
	getdirentries;
	getdiskbyname;
	getdomainname;
	getdtablesize;
	getegid;
	getenv;
	getenv_r;
	geteuid;
	getfh;
	getfsent;
	getfsfile;
	getfsspec;
	getfsstat;
	getgid;
	getgrent;
	getgrent_r;
	getgrgid;
	getgrgid_r;
	getgrnam;
	getgrnam_r;
	getgrouplist;
	getgroupmembership;
	getgroups;
	gethostbyaddr;
	gethostbyname2;
	gethostbyname;
	gethostent;
	gethostid;
	gethostname;
	getifaddrs;
	getitimer;
	getlastlogx;
	getline;
	getloadavg;
	getlogin;
	getlogin_r;
	getmntinfo;
	getmode;
	getnameinfo;
	getnetbyaddr;
	getnetbyname;
	getnetconfig;
	getnetconfigent;
	getnetent;
	getnetgrent;
	getnetpath;
	getopt;
	getopt_long;
	getpagesize;
	getpass;
	getpass_r;
	getpassfd;
	getpeereid;
	getpeername;
	getpgid;
	getpgrp;
	getpid;
	getppid;
	getpriority;
	getprogname;
	getprotobyname;
	getprotobyname_r;
	getprotobynumber;
	getprotobynumber_r;
	getprotoent;
	getprotoent_r;
	getpwent;
	getpwent_r;
	getpwnam;
	getpwnam_r;
	getpwuid;
	getpwuid_r;
	getrlimit;
	getrpcbyname;
	getrpcbynumber;
	getrpcent;
	getrpcport;
	getrusage;
	gets;
	getservbyname;
	getservbyname_r;
	getservbyport;
	getservbyport_r;
	getservent;
	getservent_r;
	getsid;
	getsockname;
	getsockopt;
	getsubopt;
	gettimeofday;
	getttyent;
	getttynam;
	getuid;
	getusershell;
	getutent;
	getutmp;
	getutmpx;
	getutxent;
	getutxid;
	getutxline;
	getvfsstat;
	getw;
	getwc;
	getwchar;
	getwd;
	getxattr;
	gid_from_group;
	glob;
	glob_pattern_p;
	globfree;
	gmtime;
	gmtime_r;
	grantpt;
	group_from_gid;
	h_errlist;
	h_errno;
	h_nerr;
	hcreate;
	hcreate_r;
	hdestroy;
	hdestroy_r;
	heapsort;
	herror;
	hes_error;
	hes_free;
	hes_init;
	hes_resolve;
	hes_to_bind;
	hesiod_end;
	hesiod_free_list;
	hesiod_init;
	hesiod_resolve;
	hesiod_to_bind;
	hsearch;
	hsearch_r;
	hstrerror;
	htonl;
	htons;
	humanize_number;
	iconv;
	iconv_close;
	iconv_open;
	if_freenameindex;
	if_indextoname;
	if_nameindex;
	if_nametoindex;
	imaxabs;
	imaxdiv;
	in6addr_any;
	in6addr_linklocal_allnodes;
	in6addr_linklocal_allrouters;
	in6addr_loopback;
	in6addr_nodelocal_allnodes;
	index;
	inet6_opt_append;
	inet6_opt_find;
	inet6_opt_finish;
	inet6_opt_get_val;
	inet6_opt_init;
	inet6_opt_next;
	inet6_opt_set_val;
	inet6_option_alloc;
	inet6_option_append;
	inet6_option_find;
	inet6_option_init;
	inet6_option_next;
	inet6_option_space;
	inet6_rth_add;
	inet6_rth_getaddr;
	inet6_rth_init;
	inet6_rth_reverse;
	inet6_rth_segments;
	inet6_rth_space;
	inet6_rthdr_add;
	inet6_rthdr_getaddr;
	inet6_rthdr_getflags;
	inet6_rthdr_init;
	inet6_rthdr_lasthop;
	inet6_rthdr_segments;
	inet6_rthdr_space;
	inet_addr;
	inet_aton;
	inet_cidr_ntop;
	inet_cidr_pton;
	inet_lnaof;
	inet_makeaddr;
	inet_net_ntop;
	inet_net_pton;
	inet_neta;
	inet_netof;
	inet_network;
	inet_nsap_addr;
	inet_nsap_ntoa;
	inet_ntoa;
	inet_ntop;
	inet_pton;
	initgroups;
	initstate;
	innetgr;
	insque;
	ioctl;
	iruserok;
	iruserok_sa;
	isalnum;
	isalpha;
	isascii;
	isatty;
	isblank;
	iscntrl;
	isdigit;
	isgraph;
	isinf;
	islower;
	isnan;
	iso_addr;
	iso_ntoa;
	isprint;
	ispunct;
	issetugid;
	isspace;
	isupper;
	iswalnum;
	iswalpha;
	iswblank;
	iswcntrl;
	iswctype;
	iswdigit;
	iswgraph;
	iswlower;
	iswprint;
	iswpunct;
	iswspace;
	iswupper;
	iswxdigit;
	isxdigit;
	jrand48;
	kevent;
	kill;
	killpg;
	kqueue1;
	kqueue;
	ktrace;
	l64a;
	l64a_r;
	labs;
	lastlogxname;
	lchflags;
	lchmod;
	lchown;
	lcong48;
	lcpxattr;
	ldexp;
	ldiv;
	lfind;
	lfs_bmapv;
	lfs_markv;
	lfs_segclean;
	lfs_segwait;
	lgetxattr;
	link;
	link_addr;
	link_ntoa;
	linkat;
	listen;
	listxattr;
	llabs;
	lldiv;
	llistxattr;
	localeconv;
	localtime;
	localtime_r;
	localtime_rz;
	lockf;
	longjmperror;
	lrand48;
	lremovexattr;
	lsearch;
	lseek;
	lsetxattr;
	lstat;
	lutimens;
	lutimes;
	madvise;
	makecontext;
	malloc;
	mblen;
	mbrlen;
	mbrtowc;
	mbsinit;
	mbsrtowcs;
	mbstowcs;
	mbtowc;
	mcount;
	membar_consumer;
	membar_enter;
	membar_exit;
	membar_producer;
	membar_sync;
	memccpy;
	memchr;
	memcmp;
	memcpy;
	memmem;
	memmove;
	memrchr;
	memset;
	mergesort;
	mi_vector_hash;
	mincore;
	minherit;
	mkdir;
	mkdirat;
	mkdtemp;
	mkfifo;
	mkfifoat;
	mknod;
	mknodat;
	mkstemp;
	mktemp;
	mktime;
	mktime_z;
	mlock;
	mlockall;
	mmap;
	modctl;
	modf;
	moncontrol;
	monstartup;
	mount;
	mpool_close;
	mpool_filter;
	mpool_get;
	mpool_new;
	mpool_open;
	mpool_put;
	mpool_sync;
	mprotect;
	mq_receive;
	mq_send;
	mq_timedreceive;
	mq_timedsend;
	mrand48;
	mremap;
	msgctl;
	msgget;
	msgrcv;
	msgsnd;
	msync;
	munlock;
	munlockall;
	munmap;
	murmurhash2;
	nanosleep;
	nc_perror;
	nc_sperror;
	nfssvc;
	nftw;
	nice;
	nl_langinfo;
	nlist;
	nrand48;
	ns_addr;
	ns_ntoa;
	nsdispatch;
	ntohl;
	ntohs;
	ntp_adjtime;
	ntp_gettime;
	nvis;
	offtime;
	offtime_r;
	open;
	openat;
	opendir;
	openlog;
	openlog_r;
	optarg;
	opterr;
	optind;
	optopt;
	optreset;
	orcmd;
	orcmd_af;
	paccept;
	pathconf;
	pause;
	pclose;
	perror;
	pipe2;
	pipe;
	pmap_getmaps;
	pmap_getport;
	pmap_rmtcall;
	pmap_set;
	pmap_unset;
	pmc_control;
	pmc_get_info;
	poll;
	pollts;
	popcount32;
	popcount64;
	popcount;
	popcountl;
	popcountll;
	popen;
	posix2time;
	posix2time_z;
	posix_fadvise;
	posix_madvise;
	posix_memalign;
	posix_openpt;
	posix_spawn;
	posix_spawn_file_actions_addclose;
	posix_spawn_file_actions_adddup2;
	posix_spawn_file_actions_addopen;
	posix_spawn_file_actions_destroy;
	posix_spawn_file_actions_init;
	posix_spawnattr_destroy;
	posix_spawnattr_getflags;
	posix_spawnattr_getpgroup;
	posix_spawnattr_getschedparam;
	posix_spawnattr_getschedpolicy;
	posix_spawnattr_getsigdefault;
	posix_spawnattr_getsigmask;
	posix_spawnattr_init;
	posix_spawnattr_setflags;
	posix_spawnattr_setpgroup;
	posix_spawnattr_setschedparam;
	posix_spawnattr_setschedpolicy;
	posix_spawnattr_setsigdefault;
	posix_spawnattr_setsigmask;
	posix_spawnp;
	pread;
	preadv;
	printf;
	profil;
	pselect;
	psiginfo;
	psignal;
	pthread_atfork;
	ptrace;
	ptree_check;
	ptree_find_filtered_node;
	ptree_init;
	ptree_insert_mask_node;
	ptree_insert_node;
	ptree_iterate;
	ptree_mask_node_p;
	ptree_remove_node;
	ptsname;
	putc;
	putc_unlocked;
	putchar;
	putchar_unlocked;
	putenv;
	puts;
	pututxline;
	putw;
	putwc;
	putwchar;
	pwcache_groupdb;
	pwcache_userdb;
	pwrite;
	pwritev;
	qabs;
	qdiv;
	qsort;
	quotactl;
	radixsort;
	raise;
	rand;
	rand_r;
	random;
	randomid;
	randomid_delete;
	randomid_new;
	rasctl;
	rb_tree_find_node;
	rb_tree_find_node_geq;
	rb_tree_find_node_leq;
	rb_tree_init;
	rb_tree_insert_node;
	rb_tree_iterate;
	rb_tree_remove_node;
	rcmd;
	rcmd_af;
	read;
	readdir;
	readdir_r;
	readlink;
	readlinkat;
	readv;
	realloc;
	realpath;
	reboot;
	recv;
	recvfrom;
	recvmmsg;
	recvmsg;
	regcomp;
	regerror;
	regexec;
	regfree;
	registerrpc;
	remove;
	removexattr;
	remque;
	rename;
	renameat;
	res_close;
	res_init;
	res_mkquery;
	res_query;
	res_querydomain;
	res_search;
	res_send;
	res_send_setqhook;
	res_send_setrhook;
	revoke;
	rewind;
	rewinddir;
	rindex;
	rmdir;
	rpc_broadcast;
	rpc_broadcast_exp;
	rpc_call;
	rpc_control;
	rpc_createerr;
	rpc_nullproc;
	rpc_reg;
	rpcb_getaddr;
	rpcb_getmaps;
	rpcb_gettime;
	rpcb_rmtcall;
	rpcb_set;
	rpcb_taddr2uaddr;
	rpcb_uaddr2taddr;
	rpcb_unset;
	rresvport;
	rresvport_af;
	rresvport_af_addr;
	ruserok;
	sbrk;
	scandir;
	scanf;
	sched_get_priority_max;
	sched_get_priority_min;
	sched_getaffinity_np;
	sched_getparam;
	sched_getscheduler;
	sched_rr_get_interval;
	sched_setaffinity_np;
	sched_setparam;
	sched_setscheduler;
	sched_yield;
	seed48;
	seekdir;
	select;
	semconfig;
	semctl;
	semget;
	semop;
	send;
	sendmmsg;
	sendmsg;
	sendto;
	serialize_pkey;
	set_assertion_failure_callback;
	setbuf;
	setbuffer;
	setcontext;
	setdisktab;
	setdomainname;
	setegid;
	setenv;
	seteuid;
	setfsent;
	setgid;
	setgrent;
	setgroupent;
	setgroups;
	sethostent;
	sethostid;
	sethostname;
	setitimer;
	setlinebuf;
	setlocale;
	setlogin;
	setlogmask;
	setlogmask_r;
	setmode;
	setnetconfig;
	setnetent;
	setnetgrent;
	setnetpath;
	setpassent;
	setpgid;
	setpgrp;
	setpriority;
	setproctitle;
	setprogname;
	setprotoent;
	setprotoent_r;
	setpwent;
	setregid;
	setreuid;
	setrgid;
	setrlimit;
	setrpcent;
	setruid;
	setservent;
	setservent_r;
	setsid;
	setsockopt;
	setstate;
	settimeofday;
	setttyent;
	setttyentpath;
	setuid;
	setusershell;
	setutent;
	setutxent;
	setvbuf;
	setxattr;
	shmat;
	shmctl;
	shmdt;
	shmget;
	shquote;
	shquotev;
	shutdown;
	sigaction;
	sigaddset;
	sigaltstack;
	sigblock;
	sigdelset;
	sigemptyset;
	sigfillset;
	sighold;
	sigignore;
	siginterrupt;
	sigismember;
	signal;
	sigpause;
	sigpending;
	sigprocmask;
	sigqueue;
	sigqueueinfo;
	sigrelse;
	sigset;
	sigsetmask;
	sigsuspend;
	sigtimedwait;
	sigvec;
	sigwait;
	sigwaitinfo;
	sl_add;
	sl_delete;
	sl_find;
	sl_free;
	sl_init;
	sleep;
	snprintf;
	snprintf_ss;
	snvis;
	sockatmark;
	socket;
	socketpair;
	sprintf;
	sradixsort;
	srand48;
	srand;
	srandom;
	sscanf;
	stat;
	statfs;
	statvfs1;
	statvfs;
	stpcpy;
	stpncpy;
	strcasecmp;
	strcasestr;
	strcat;
	strchr;
	strcmp;
	strcoll;
	strcpy;
	strcspn;
	strdup;
	strenvisx;
	strerror;
	strerror_r;
	stresep;
	strfmon;
	strftime;
	strftime_z;
	strlcat;
	strlcpy;
	strlen;
	strmode;
	strncasecmp;
	strncat;
	strncmp;
	strncpy;
	strndup;
	strnlen;
	strnunvis;
	strnunvisx;
	strnvis;
	strnvisx;
	strpbrk;
	strptime;
	strrchr;
	strsenvisx;
	strsep;
	strsignal;
	strsnvis;
	strsnvisx;
	strspn;
	strstr;
	strsuftoll;
	strsuftollx;
	strsvis;
	strsvisx;
	strtod;
	strtof;
	strtoimax;
	strtok;
	strtok_r;
	strtol;
	strtold;
	strtoll;
	strtoq;
	strtoul;
	strtoull;
	strtoumax;
	strtouq;
	strunvis;
	strunvisx;
	strvis;
	strvisx;
	strxfrm;
	suboptarg;
	svc_auth_reg;
	svc_create;
	svc_dg_create;
	svc_dg_enablecache;
	svc_exit;
	svc_fd_create;
	svc_fdset;
	svc_getreq;
	svc_getreq_common;
	svc_getreq_poll;
	svc_getreqset;
	svc_maxfd;
	svc_raw_create;
	svc_reg;
	svc_register;
	svc_run;
	svc_sendreply;
	svc_tli_create;
	svc_tp_create;
	svc_unreg;
	svc_unregister;
	svc_vc_create;
	svcerr_auth;
	svcerr_decode;
	svcerr_noproc;
	svcerr_noprog;
	svcerr_progvers;
	svcerr_systemerr;
	svcerr_weakauth;
	svcfd_create;
	svcraw_create;
	svctcp_create;
	svcudp_bufcreate;
	svcudp_create;
	svis;
	swab;
	swapcontext;
	swapctl;
	swapon;
	swprintf;
	swscanf;
	symlink;
	symlinkat;
	sync;
	sys_errlist;
	sys_nerr;
	sys_siglist;
	sys_signame;
	sysarch;
	syscall;
	sysconf;
	sysctl;
	sysctlbyname;
	sysctlgetmibinfo;
	sysctlnametomib;
	syslog;
	syslog_r;
	syslog_ss;
	syslogp;
	syslogp_r;
	syslogp_ss;
	system;
	taddr2uaddr;
	tcdrain;
	tcflow;
	tcflush;
	tcgetattr;
	tcgetpgrp;
	tcgetsid;
	tcsendbreak;
	tcsetattr;
	tcsetpgrp;
	tdelete;
	telldir;
	tempnam;
	tfind;
	time2posix;
	time2posix_z;
	time;
	timegm;
	timelocal;
	timelocal_z;
	timeoff;
	timer_create;
	timer_delete;
	timer_getoverrun;
	timer_gettime;
	timer_settime;
	times;
	timezone;
	tmpfile;
	tmpnam;
	toascii;
	tolower;
	toupper;
	towctrans;
	towlower;
	towupper;
	truncate;
	tsearch;
	ttyname;
	ttyname_r;
	ttyslot;
	twalk;
	tzalloc;
	tzfree;
	tzgetname;
	tzname;
	tzset;
	tzsetwall;
	uaddr2taddr;
	ualarm;
	uid_from_user;
	ulimit;
	umask;
	uname;
	undelete;
	ungetc;
	ungetwc;
	unlink;
	unlinkat;
	unlockpt;
	unmount;
	unsetenv;
	unvis;
	updlastlogx;
	updwtmpx;
	user_from_uid;
	usleep;
	utime;
	utimens;
	utimensat;
	utimes;
	utmpname;
	utmpxname;
	utrace;
	uuid_compare;
	uuid_create;
	uuid_create_nil;
	uuid_dec_be;
	uuid_dec_le;
	uuid_enc_be;
	uuid_enc_le;
	uuid_equal;
	uuid_from_string;
	uuid_hash;
	uuid_is_nil;
	uuid_to_string;
	uuidgen;
	vadvise;
	valloc;
	vasprintf;
	vdprintf;
	verr;
	verrx;
	vfork;
	vfprintf;
	vfscanf;
	vfwprintf;
	vfwscanf;
	vis;
	vprintf;
	vscanf;
	vsnprintf;
	vsnprintf_ss;
	vsprintf;
	vsscanf;
	vswprintf;
	vswscanf;
	vsyslog;
	vsyslog_r;
	vsyslog_ss;
	vsyslogp;
	vsyslogp_r;
	vsyslogp_ss;
	vwarn;
	vwarnx;
	vwprintf;
	vwscanf;
	wait3;
	wait4;
	wait;
	waitpid;
	warn;
	warnx;
	wcrtomb;
	wcscasecmp;
	wcscat;
	wcschr;
	wcscmp;
	wcscoll;
	wcscpy;
	wcscspn;
	wcsdup;
	wcsftime;
	wcslcat;
	wcslcpy;
	wcslen;
	wcsncasecmp;
	wcsncat;
	wcsncmp;
	wcsncpy;
	wcspbrk;
	wcsrchr;
	wcsrtombs;
	wcsspn;
	wcsstr;
	wcstod;
	wcstof;
	wcstoimax;
	wcstok;
	wcstol;
	wcstold;
	wcstoll;
	wcstombs;
	wcstoul;
	wcstoull;
	wcstoumax;
	wcswcs;
	wcswidth;
	wcsxfrm;
	wctob;
	wctomb;
	wctrans;
	wctype;
	wcwidth;
	wmemchr;
	wmemcmp;
	wmemcpy;
	wmemmove;
	wmemset;
	wordexp;
	wordfree;
	wprintf;
	write;
	writev;
	wscanf;
	xdr_accepted_reply;
	xdr_array;
	xdr_authunix_parms;
	xdr_bool;
	xdr_bytes;
	xdr_callhdr;
	xdr_callmsg;
	xdr_char;
	xdr_datum;
	xdr_des_block;
	xdr_domainname;
	xdr_double;
	xdr_enum;
	xdr_float;
	xdr_free;
	xdr_hyper;
	xdr_int16_t;
	xdr_int32_t;
	xdr_int64_t;
	xdr_int;
	xdr_long;
	xdr_longlong_t;
	xdr_mapname;
	xdr_netbuf;
	xdr_netobj;
	xdr_opaque;
	xdr_opaque_auth;
	xdr_peername;
	xdr_pmap;
	xdr_pmaplist;
	xdr_pmaplist_ptr;
	xdr_pointer;
	xdr_reference;
	xdr_rejected_reply;
	xdr_replymsg;
	xdr_rmtcall_args;
	xdr_rmtcallres;
	xdr_rpcb;
	xdr_rpcb_entry;
	xdr_rpcb_entry_list_ptr;
	xdr_rpcb_rmtcallargs;
	xdr_rpcb_rmtcallres;
	xdr_rpcb_stat;
	xdr_rpcb_stat_byvers;
	xdr_rpcblist;
	xdr_rpcblist_ptr;
	xdr_rpcbs_addrlist;
	xdr_rpcbs_addrlist_ptr;
	xdr_rpcbs_proc;
	xdr_rpcbs_rmtcalllist;
	xdr_rpcbs_rmtcalllist_ptr;
	xdr_short;
	xdr_sizeof;
	xdr_string;
	xdr_u_char;
	xdr_u_hyper;
	xdr_u_int16_t;
	xdr_u_int32_t;
	xdr_u_int64_t;
	xdr_u_int;
	xdr_u_long;
	xdr_u_longlong_t;
	xdr_u_short;
	xdr_union;
	xdr_vector;
	xdr_void;
	xdr_wrapstring;
	xdr_yp_inaddr;
	xdr_ypall;
	xdr_ypbind_resp;
	xdr_ypbind_setdom;
	xdr_ypdomain_wrap_string;
	xdr_ypmap_parms;
	xdr_ypmap_wrap_string;
	xdr_ypmaplist;
	xdr_ypowner_wrap_string;
	xdr_yppushresp_xfr;
	xdr_ypreq_key;
	xdr_ypreq_nokey;
	xdr_ypreq_xfr;
	xdr_ypresp_key_val;
	xdr_ypresp_maplist;
	xdr_ypresp_master;
	xdr_ypresp_order;
	xdr_ypresp_val;
	xdrmem_create;
	xdrrec_create;
	xdrrec_endofrecord;
	xdrrec_eof;
	xdrrec_skiprecord;
	xdrstdio_create;
	xprt_register;
	xprt_unregister;
	yp_all;
	yp_bind;
	yp_first;
	yp_get_default_domain;
	yp_maplist;
	yp_master;
	yp_match;
	yp_next;
	yp_order;
	yp_setbindtries;
	yp_unbind;
	yperr_string;
	ypprot_err;
};

NetBSD_6.99.18.0 {
} LIBC_12.185.0.0;

LIBC_private_12.185.0.0 {
local:
	*;
};

