/Users/sidqian/Downloads/summer/L2S/netbsd-src/sys/kern/kern_module.c:216:1:module_listener_cb	8	static
/Users/sidqian/Downloads/summer/L2S/netbsd-src/sys/kern/kern_module.c:817:1:module_enqueue	8	static
/Users/sidqian/Downloads/summer/L2S/netbsd-src/sys/kern/kern_module.c:846:1:alloc_required	24	dynamic,bounded
/Users/sidqian/Downloads/summer/L2S/netbsd-src/sys/kern/kern_module.c:506:1:sysctl_module_autotime	168	dynamic,bounded
/Users/sidqian/Downloads/summer/L2S/netbsd-src/sys/kern/kern_module.c:1053:1:module_unload_evcnt.part.0.isra	36	dynamic,bounded
/Users/sidqian/Downloads/summer/L2S/netbsd-src/sys/kern/kern_module.c:149:1:module_kernel	0	static
/Users/sidqian/Downloads/summer/L2S/netbsd-src/sys/kern/kern_module.c:161:1:module_error	20	dynamic,bounded
/Users/sidqian/Downloads/summer/L2S/netbsd-src/sys/kern/kern_module.c:872:1:module_do_builtin	96	dynamic,bounded
/Users/sidqian/Downloads/summer/L2S/netbsd-src/sys/kern/kern_module.c:1618:1:module_fetch_info	36	dynamic,bounded
/Users/sidqian/Downloads/summer/L2S/netbsd-src/sys/kern/kern_module.c:178:1:module_print	20	dynamic,bounded
/Users/sidqian/Downloads/summer/L2S/netbsd-src/sys/kern/kern_module.c:1462:1:module_do_unload	44	dynamic,bounded
/Users/sidqian/Downloads/summer/L2S/netbsd-src/sys/kern/kern_module.c:1678:1:module_thread	60	dynamic,bounded
/Users/sidqian/Downloads/summer/L2S/netbsd-src/sys/kern/kern_module.c:1085:1:module_do_load	168	dynamic,bounded
/Users/sidqian/Downloads/summer/L2S/netbsd-src/sys/kern/kern_module.c:197:1:module_name	0	static
/Users/sidqian/Downloads/summer/L2S/netbsd-src/sys/kern/kern_module.c:209:1:module_source	0	static
/Users/sidqian/Downloads/summer/L2S/netbsd-src/sys/kern/kern_module.c:278:1:module_builtin_add	88	dynamic,bounded
/Users/sidqian/Downloads/summer/L2S/netbsd-src/sys/kern/kern_module.c:368:1:module_builtin_remove	52	dynamic,bounded
/Users/sidqian/Downloads/summer/L2S/netbsd-src/sys/kern/kern_module.c:411:1:module_init	88	dynamic,bounded
/Users/sidqian/Downloads/summer/L2S/netbsd-src/sys/kern/kern_module.c:475:1:module_start_unload_thread	28	dynamic,bounded
/Users/sidqian/Downloads/summer/L2S/netbsd-src/sys/kern/kern_module.c:492:1:module_builtin_require_force	0	static
/Users/sidqian/Downloads/summer/L2S/netbsd-src/sys/kern/kern_module.c:580:1:module_init_class	52	dynamic,bounded
/Users/sidqian/Downloads/summer/L2S/netbsd-src/sys/kern/kern_module.c:649:1:module_compatible	0	static
/Users/sidqian/Downloads/summer/L2S/netbsd-src/sys/kern/kern_module.c:665:1:module_load	48	dynamic,bounded
/Users/sidqian/Downloads/summer/L2S/netbsd-src/sys/kern/kern_module.c:702:1:module_autoload	48	dynamic,bounded
/Users/sidqian/Downloads/summer/L2S/netbsd-src/sys/kern/kern_module.c:742:1:module_unload	40	dynamic,bounded
/Users/sidqian/Downloads/summer/L2S/netbsd-src/sys/kern/kern_module.c:788:1:module_hold	4	static
/Users/sidqian/Downloads/summer/L2S/netbsd-src/sys/kern/kern_module.c:802:1:module_rele	4	static
/Users/sidqian/Downloads/summer/L2S/netbsd-src/sys/kern/kern_module.c:1557:1:module_prime	40	dynamic,bounded
/Users/sidqian/Downloads/summer/L2S/netbsd-src/sys/kern/kern_module.c:1659:1:module_find_section	16	dynamic,bounded
/Users/sidqian/Downloads/summer/L2S/netbsd-src/sys/kern/kern_module.c:1754:1:module_thread_kick	12	dynamic,bounded
/Users/sidqian/Downloads/summer/L2S/netbsd-src/sys/kern/kern_module.c:1770:1:module_whatis	52	dynamic,bounded
/Users/sidqian/Downloads/summer/L2S/netbsd-src/sys/kern/kern_module.c:1797:1:module_print_list	60	dynamic,bounded
/Users/sidqian/Downloads/summer/L2S/netbsd-src/sys/kern/kern_module.c:1876:1:module_specific_key_create	12	dynamic,bounded
/Users/sidqian/Downloads/summer/L2S/netbsd-src/sys/kern/kern_module.c:1888:1:module_specific_key_delete	8	dynamic,bounded
/Users/sidqian/Downloads/summer/L2S/netbsd-src/sys/kern/kern_module.c:1900:1:module_getspecific	12	dynamic,bounded
/Users/sidqian/Downloads/summer/L2S/netbsd-src/sys/kern/kern_module.c:1913:1:module_setspecific	16	dynamic,bounded
/Users/sidqian/Downloads/summer/L2S/netbsd-src/sys/kern/kern_module.c:1928:1:module_register_callbacks	20	dynamic,bounded
/Users/sidqian/Downloads/summer/L2S/netbsd-src/sys/kern/kern_module.c:1954:1:module_unregister_callbacks	16	dynamic,bounded
