/Users/sidqian/Downloads/summer/L2S/netbsd-src/sys/sys/lwp.h:410:1:lwp_lock	36	dynamic,bounded
/Users/sidqian/Downloads/summer/L2S/netbsd-src/sys/kern/kern_exit.c:135:1:exit_psignal	20	dynamic,bounded
/Users/sidqian/Downloads/summer/L2S/netbsd-src/sys/kern/kern_exit.c:831:1:match_process	60	dynamic,bounded
/Users/sidqian/Downloads/summer/L2S/netbsd-src/sys/kern/kern_exit.c:617:1:exit_lwps	60	dynamic,bounded
/Users/sidqian/Downloads/summer/L2S/netbsd-src/sys/kern/kern_exit.c:1314:1:proc_reparent	8	static
/Users/sidqian/Downloads/summer/L2S/netbsd-src/sys/kern/kern_exit.c:198:1:exit1	228	dynamic,bounded
/Users/sidqian/Downloads/summer/L2S/netbsd-src/sys/kern/kern_exit.c:170:1:sys_exit	20	dynamic,bounded
/Users/sidqian/Downloads/summer/L2S/netbsd-src/sys/kern/kern_exit.c:660:1:do_sys_waitid	248	dynamic,bounded
/Users/sidqian/Downloads/summer/L2S/netbsd-src/sys/kern/kern_exit.c:702:1:do_sys_wait	236	dynamic,bounded
/Users/sidqian/Downloads/summer/L2S/netbsd-src/sys/kern/kern_exit.c:733:1:sys___wait450	128	dynamic,bounded
/Users/sidqian/Downloads/summer/L2S/netbsd-src/sys/kern/kern_exit.c:762:1:sys_wait6	356	dynamic,bounded
/Users/sidqian/Downloads/summer/L2S/netbsd-src/sys/kern/kern_exit.c:1285:1:proc_changeparent	28	dynamic,bounded
