/Users/sidqian/Downloads/summer/L2S/netbsd-src/sys/net/route.c:444:1:route_listener_cb	8	static
/Users/sidqian/Downloads/summer/L2S/netbsd-src/sys/net/route.c:1526:1:rt_maskedcopy	24	static
/Users/sidqian/Downloads/summer/L2S/netbsd-src/sys/net/route.c:2005:1:rt_timer_timer	12	dynamic,bounded
/Users/sidqian/Downloads/summer/L2S/netbsd-src/sys/net/route.c:1070:1:rt_getifp	20	dynamic,bounded
/Users/sidqian/Downloads/summer/L2S/netbsd-src/sys/net/route.c:1971:1:rt_timer_work	56	dynamic,bounded
/Users/sidqian/Downloads/summer/L2S/netbsd-src/sys/net/route.c:2252:1:rtcache_percpu_init_cpu	8	dynamic,bounded
/Users/sidqian/Downloads/summer/L2S/netbsd-src/sys/net/route.c:2428:1:db_print_sa	20	dynamic,bounded
/Users/sidqian/Downloads/summer/L2S/netbsd-src/sys/net/route.c:2471:1:db_show_rtentry	56	dynamic,bounded
/Users/sidqian/Downloads/summer/L2S/netbsd-src/sys/net/route.c:546:1:rtalloc1_locked.constprop	84	dynamic,bounded
/Users/sidqian/Downloads/summer/L2S/netbsd-src/sys/net/route.c:386:1:rt_ifa_connected.isra	160	dynamic,bounded
/Users/sidqian/Downloads/summer/L2S/netbsd-src/sys/net/route.c:712:1:rt_free_work	52	dynamic,bounded
/Users/sidqian/Downloads/summer/L2S/netbsd-src/sys/net/route.c:981:1:ifa_ifwithroute_psref	48	dynamic,bounded
/Users/sidqian/Downloads/summer/L2S/netbsd-src/sys/net/route.c:1095:1:rt_getifa	44	dynamic,bounded
/Users/sidqian/Downloads/summer/L2S/netbsd-src/sys/net/route.c:407:1:rt_replace_ifa	24	dynamic,bounded
/Users/sidqian/Downloads/summer/L2S/netbsd-src/sys/net/route.c:354:1:rt_get_ifa	16	dynamic,bounded
/Users/sidqian/Downloads/summer/L2S/netbsd-src/sys/net/route.c:465:1:rt_init	56	dynamic,bounded
/Users/sidqian/Downloads/summer/L2S/netbsd-src/sys/net/route.c:607:1:rtalloc1	0	static
/Users/sidqian/Downloads/summer/L2S/netbsd-src/sys/net/route.c:627:1:rt_unref	12	dynamic,bounded
/Users/sidqian/Downloads/summer/L2S/netbsd-src/sys/net/route.c:732:1:rt_free	16	dynamic,bounded
/Users/sidqian/Downloads/summer/L2S/netbsd-src/sys/net/route.c:768:1:rt_update_prepare	40	dynamic,bounded
/Users/sidqian/Downloads/summer/L2S/netbsd-src/sys/net/route.c:802:1:rt_update_finish	8	dynamic,bounded
/Users/sidqian/Downloads/summer/L2S/netbsd-src/sys/net/route.c:1321:1:rt_setgate	36	dynamic,bounded
/Users/sidqian/Downloads/summer/L2S/netbsd-src/sys/net/route.c:1139:1:rtrequest1	272	dynamic,bounded
/Users/sidqian/Downloads/summer/L2S/netbsd-src/sys/net/route.c:1056:1:rtrequest	64	dynamic,bounded
/Users/sidqian/Downloads/summer/L2S/netbsd-src/sys/net/route.c:1430:1:rt_update	152	dynamic,bounded
/Users/sidqian/Downloads/summer/L2S/netbsd-src/sys/net/route.c:1548:1:rt_newmsg	72	dynamic,bounded
/Users/sidqian/Downloads/summer/L2S/netbsd-src/sys/net/route.c:1568:1:rt_newmsg_dynamic	72	dynamic,bounded
/Users/sidqian/Downloads/summer/L2S/netbsd-src/sys/net/route.c:827:1:rtredirect	184	dynamic,bounded
/Users/sidqian/Downloads/summer/L2S/netbsd-src/sys/net/route.c:1614:1:rtinit	232	dynamic,bounded
/Users/sidqian/Downloads/summer/L2S/netbsd-src/sys/net/route.c:1687:1:rt_ifa_addlocal	96	dynamic,bounded
/Users/sidqian/Downloads/summer/L2S/netbsd-src/sys/net/route.c:1735:1:rt_ifa_remlocal	104	dynamic,bounded
/Users/sidqian/Downloads/summer/L2S/netbsd-src/sys/net/route.c:1833:1:rt_timer_queue_create	44	dynamic,bounded
/Users/sidqian/Downloads/summer/L2S/netbsd-src/sys/net/route.c:1855:1:rt_timer_queue_change	0	static
/Users/sidqian/Downloads/summer/L2S/netbsd-src/sys/net/route.c:1886:1:rt_timer_queue_destroy	40	dynamic,bounded
/Users/sidqian/Downloads/summer/L2S/netbsd-src/sys/net/route.c:1900:1:rt_timer_count	0	static
/Users/sidqian/Downloads/summer/L2S/netbsd-src/sys/net/route.c:1924:1:rt_timer_add	28	dynamic,bounded
/Users/sidqian/Downloads/summer/L2S/netbsd-src/sys/net/route.c:2038:1:rtcache_init	20	dynamic,bounded
/Users/sidqian/Downloads/summer/L2S/netbsd-src/sys/net/route.c:2045:1:rtcache_init_noclone	20	dynamic,bounded
/Users/sidqian/Downloads/summer/L2S/netbsd-src/sys/net/route.c:2052:1:rtcache_update	20	dynamic,bounded
/Users/sidqian/Downloads/summer/L2S/netbsd-src/sys/net/route.c:2118:1:rtcache_unref	0	static
/Users/sidqian/Downloads/summer/L2S/netbsd-src/sys/net/route.c:2132:1:rtcache_validate	8	static
/Users/sidqian/Downloads/summer/L2S/netbsd-src/sys/net/route.c:2213:1:rtcache_free	8	dynamic,bounded
/Users/sidqian/Downloads/summer/L2S/netbsd-src/sys/net/route.c:2225:1:rtcache_setdst	20	dynamic,bounded
/Users/sidqian/Downloads/summer/L2S/netbsd-src/sys/net/route.c:2060:1:rtcache_copy	24	dynamic,bounded
/Users/sidqian/Downloads/summer/L2S/netbsd-src/sys/net/route.c:2175:1:rtcache_lookup2	28	dynamic,bounded
/Users/sidqian/Downloads/summer/L2S/netbsd-src/sys/net/route.c:2264:1:rtcache_percpu_alloc	16	dynamic,bounded
/Users/sidqian/Downloads/summer/L2S/netbsd-src/sys/net/route.c:2272:1:rt_settag	16	dynamic,bounded
/Users/sidqian/Downloads/summer/L2S/netbsd-src/sys/net/route.c:2283:1:rt_gettag	0	static
/Users/sidqian/Downloads/summer/L2S/netbsd-src/sys/net/route.c:2289:1:rt_check_reject_route	24	static
/Users/sidqian/Downloads/summer/L2S/netbsd-src/sys/net/route.c:2307:1:rt_delete_matched_entries	112	dynamic,bounded
/Users/sidqian/Downloads/summer/L2S/netbsd-src/sys/net/route.c:2361:1:rt_replace_ifa_matched_entries	64	dynamic,bounded
/Users/sidqian/Downloads/summer/L2S/netbsd-src/sys/net/route.c:2408:1:rt_walktree	0	static
/Users/sidqian/Downloads/summer/L2S/netbsd-src/sys/net/route.c:2503:1:db_show_routes	0	static
