/Users/sidqian/Downloads/summer/L2S/netbsd-src/sys/netinet/tcp_congctl.c:520:1:tcp_reno_slow_retransmit	4	static
/Users/sidqian/Downloads/summer/L2S/netbsd-src/sys/netinet/tcp_congctl.c:589:1:tcp_reno_newack	8	static
/Users/sidqian/Downloads/summer/L2S/netbsd-src/sys/netinet/tcp_congctl.c:395:1:tcp_congctl_fillnames	20	dynamic,bounded
/Users/sidqian/Downloads/summer/L2S/netbsd-src/sys/netinet/tcp_congctl.c:465:1:tcp_reno_do_fast_retransmit	12	dynamic,bounded
/Users/sidqian/Downloads/summer/L2S/netbsd-src/sys/netinet/tcp_congctl.c:679:1:tcp_newreno_fast_retransmit_newack	32	dynamic,bounded
/Users/sidqian/Downloads/summer/L2S/netbsd-src/sys/netinet/tcp_congctl.c:564:1:tcp_reno_fast_retransmit_newack	0	static
/Users/sidqian/Downloads/summer/L2S/netbsd-src/sys/netinet/tcp_congctl.c:925:1:tcp_cubic_newack	120	dynamic,bounded
/Users/sidqian/Downloads/summer/L2S/netbsd-src/sys/netinet/tcp_congctl.c:657:1:tcp_newreno_fast_retransmit	4	static
/Users/sidqian/Downloads/summer/L2S/netbsd-src/sys/netinet/tcp_congctl.c:458:1:tcp_reno_congestion_exp	4	static
/Users/sidqian/Downloads/summer/L2S/netbsd-src/sys/netinet/tcp_congctl.c:504:1:tcp_reno_fast_retransmit	8	static
/Users/sidqian/Downloads/summer/L2S/netbsd-src/sys/netinet/tcp_congctl.c:881:1:tcp_cubic_congestion_exp	44	dynamic,bounded
/Users/sidqian/Downloads/summer/L2S/netbsd-src/sys/netinet/tcp_congctl.c:963:1:tcp_cubic_slow_retransmit	8	dynamic,bounded
/Users/sidqian/Downloads/summer/L2S/netbsd-src/sys/netinet/tcp_congctl.c:906:1:tcp_cubic_fast_retransmit	12	dynamic,bounded
/Users/sidqian/Downloads/summer/L2S/netbsd-src/sys/netinet/tcp_congctl.c:773:1:tcp_newreno_newack	8	static
/Users/sidqian/Downloads/summer/L2S/netbsd-src/sys/netinet/tcp_congctl.c:288:1:tcp_congctl_unregister	28	dynamic,bounded
/Users/sidqian/Downloads/summer/L2S/netbsd-src/sys/netinet/tcp_congctl.c:318:1:tcp_congctl_select	44	dynamic,bounded
/Users/sidqian/Downloads/summer/L2S/netbsd-src/sys/netinet/tcp_congctl.c:263:1:tcp_congctl_register	32	dynamic,bounded
/Users/sidqian/Downloads/summer/L2S/netbsd-src/sys/netinet/tcp_congctl.c:236:1:tcp_congctl_init	40	dynamic,bounded
/Users/sidqian/Downloads/summer/L2S/netbsd-src/sys/netinet/tcp_congctl.c:363:1:tcp_congctl_release	0	static
/Users/sidqian/Downloads/summer/L2S/netbsd-src/sys/netinet/tcp_congctl.c:381:1:tcp_congctl_bystruct	0	static
