/Users/sidqian/Downloads/summer/L2S/netbsd-src/sys/netinet/udp_usrreq.c:186:1:do_udpinit	16	dynamic,bounded
/Users/sidqian/Downloads/summer/L2S/netbsd-src/sys/netinet/udp_usrreq.c:1156:1:sysctl_net_inet_udp_stats	44	dynamic,bounded
/Users/sidqian/Downloads/summer/L2S/netbsd-src/sys/netinet/udp_usrreq.c:1350:1:udp_abort_wrapper	8	dynamic,bounded
/Users/sidqian/Downloads/summer/L2S/netbsd-src/sys/netinet/udp_usrreq.c:1350:1:udp_accept_wrapper	8	dynamic,bounded
/Users/sidqian/Downloads/summer/L2S/netbsd-src/sys/netinet/udp_usrreq.c:1350:1:udp_sendoob_wrapper	24	dynamic,bounded
/Users/sidqian/Downloads/summer/L2S/netbsd-src/sys/netinet/udp_usrreq.c:1350:1:udp_recvoob_wrapper	12	dynamic,bounded
/Users/sidqian/Downloads/summer/L2S/netbsd-src/sys/netinet/udp_usrreq.c:1350:1:udp_rcvd_wrapper	12	dynamic,bounded
/Users/sidqian/Downloads/summer/L2S/netbsd-src/sys/netinet/udp_usrreq.c:1350:1:udp_stat_wrapper	12	dynamic,bounded
/Users/sidqian/Downloads/summer/L2S/netbsd-src/sys/netinet/udp_usrreq.c:1350:1:udp_disconnect_wrapper	32	dynamic,bounded
/Users/sidqian/Downloads/summer/L2S/netbsd-src/sys/netinet/udp_usrreq.c:1350:1:udp_connect2_wrapper	12	dynamic,bounded
/Users/sidqian/Downloads/summer/L2S/netbsd-src/sys/netinet/udp_usrreq.c:1350:1:udp_sockaddr_wrapper	20	dynamic,bounded
/Users/sidqian/Downloads/summer/L2S/netbsd-src/sys/netinet/udp_usrreq.c:1350:1:udp_peeraddr_wrapper	20	dynamic,bounded
/Users/sidqian/Downloads/summer/L2S/netbsd-src/sys/netinet/udp_usrreq.c:1350:1:udp_ioctl_wrapper	32	dynamic,bounded
/Users/sidqian/Downloads/summer/L2S/netbsd-src/sys/netinet/udp_usrreq.c:1350:1:udp_shutdown_wrapper	16	dynamic,bounded
/Users/sidqian/Downloads/summer/L2S/netbsd-src/sys/netinet/udp_usrreq.c:1350:1:udp_bind_wrapper	28	dynamic,bounded
/Users/sidqian/Downloads/summer/L2S/netbsd-src/sys/netinet/udp_usrreq.c:1350:1:udp_connect_wrapper	24	dynamic,bounded
/Users/sidqian/Downloads/summer/L2S/netbsd-src/sys/netinet/udp_usrreq.c:1350:1:udp_detach_wrapper	16	dynamic,bounded
/Users/sidqian/Downloads/summer/L2S/netbsd-src/sys/netinet/udp_usrreq.c:1350:1:udp_purgeif_wrapper	44	dynamic,bounded
/Users/sidqian/Downloads/summer/L2S/netbsd-src/sys/netinet/udp_usrreq.c:1350:1:udp_attach_wrapper	20	dynamic,bounded
/Users/sidqian/Downloads/summer/L2S/netbsd-src/sys/netinet/udp_usrreq.c:644:1:udp_notify	16	dynamic,bounded
/Users/sidqian/Downloads/summer/L2S/netbsd-src/sys/netinet/udp_usrreq.c:442:1:udp4_sendup	44	dynamic,bounded
/Users/sidqian/Downloads/summer/L2S/netbsd-src/sys/netinet/udp_usrreq.c:1350:1:udp_listen_wrapper	12	dynamic,bounded
/Users/sidqian/Downloads/summer/L2S/netbsd-src/sys/netinet/udp_usrreq.c:247:1:udp4_input_checksum.part.0	32	dynamic,bounded
/Users/sidqian/Downloads/summer/L2S/netbsd-src/sys/netinet/udp_usrreq.c:200:1:udp_init_common	8	dynamic,bounded
/Users/sidqian/Downloads/summer/L2S/netbsd-src/sys/netinet/udp_usrreq.c:208:1:udp_init	84	dynamic,bounded
/Users/sidqian/Downloads/summer/L2S/netbsd-src/sys/netinet/udp_usrreq.c:220:1:udp_input_checksum	8	static
/Users/sidqian/Downloads/summer/L2S/netbsd-src/sys/netinet/udp_usrreq.c:311:1:udp_input	160	dynamic,bounded
/Users/sidqian/Downloads/summer/L2S/netbsd-src/sys/netinet/udp_usrreq.c:652:1:udp_ctlinput	36	dynamic,bounded
/Users/sidqian/Downloads/summer/L2S/netbsd-src/sys/netinet/udp_usrreq.c:689:1:udp_ctloutput	28	dynamic,bounded
/Users/sidqian/Downloads/summer/L2S/netbsd-src/sys/netinet/udp_usrreq.c:765:1:udp_output	176	dynamic,bounded
/Users/sidqian/Downloads/summer/L2S/netbsd-src/sys/netinet/udp_usrreq.c:1074:1:udp_send	52	dynamic,bounded
/Users/sidqian/Downloads/summer/L2S/netbsd-src/sys/netinet/udp_usrreq.c:1350:1:udp_send_wrapper	36	dynamic,bounded
/Users/sidqian/Downloads/summer/L2S/netbsd-src/sys/netinet/udp_usrreq.c:1227:1:udp_statinc	12	dynamic,bounded
