/Users/sidqian/Downloads/summer/L2S/netbsd-src/sys/kern/uipc_syscalls.c:406:1:makesocket	44	dynamic,bounded
/Users/sidqian/Downloads/summer/L2S/netbsd-src/sys/kern/uipc_syscalls.c:1571:1:sockargs.part.0	36	dynamic,bounded
/Users/sidqian/Downloads/summer/L2S/netbsd-src/sys/kern/uipc_syscalls.c:1215:1:getsockopt.constprop	76	dynamic,bounded
/Users/sidqian/Downloads/summer/L2S/netbsd-src/sys/kern/uipc_syscalls.c:105:1:sys___socket30	24	dynamic,bounded
/Users/sidqian/Downloads/summer/L2S/netbsd-src/sys/kern/uipc_syscalls.c:124:1:sys_bind	300	dynamic,bounded
/Users/sidqian/Downloads/summer/L2S/netbsd-src/sys/kern/uipc_syscalls.c:142:1:do_sys_bind	28	dynamic,bounded
/Users/sidqian/Downloads/summer/L2S/netbsd-src/sys/kern/uipc_syscalls.c:155:1:sys_listen	28	dynamic,bounded
/Users/sidqian/Downloads/summer/L2S/netbsd-src/sys/kern/uipc_syscalls.c:172:1:do_sys_accept	64	dynamic,bounded
/Users/sidqian/Downloads/summer/L2S/netbsd-src/sys/kern/uipc_syscalls.c:354:1:do_sys_connect	40	dynamic,bounded
/Users/sidqian/Downloads/summer/L2S/netbsd-src/sys/kern/uipc_syscalls.c:336:1:sys_connect	288	dynamic,bounded
/Users/sidqian/Downloads/summer/L2S/netbsd-src/sys/kern/uipc_syscalls.c:434:1:sys_socketpair	100	dynamic,bounded
/Users/sidqian/Downloads/summer/L2S/netbsd-src/sys/kern/uipc_syscalls.c:538:1:do_sys_sendmsg_so	172	dynamic,bounded
/Users/sidqian/Downloads/summer/L2S/netbsd-src/sys/kern/uipc_syscalls.c:664:1:do_sys_sendmsg	52	dynamic,bounded
/Users/sidqian/Downloads/summer/L2S/netbsd-src/sys/kern/uipc_syscalls.c:490:1:sys_sendto	56	dynamic,bounded
/Users/sidqian/Downloads/summer/L2S/netbsd-src/sys/kern/uipc_syscalls.c:517:1:sys_sendmsg	52	dynamic,bounded
/Users/sidqian/Downloads/summer/L2S/netbsd-src/sys/kern/uipc_syscalls.c:762:1:sys_sendmmsg	112	dynamic,bounded
/Users/sidqian/Downloads/summer/L2S/netbsd-src/sys/kern/uipc_syscalls.c:847:1:free_control_mbuf	32	dynamic,bounded
/Users/sidqian/Downloads/summer/L2S/netbsd-src/sys/kern/uipc_syscalls.c:868:1:copyout_msg_control	52	dynamic,bounded
/Users/sidqian/Downloads/summer/L2S/netbsd-src/sys/kern/uipc_syscalls.c:918:1:do_sys_recvmsg_so	196	dynamic,bounded
/Users/sidqian/Downloads/summer/L2S/netbsd-src/sys/kern/uipc_syscalls.c:1009:1:do_sys_recvmsg	44	dynamic,bounded
/Users/sidqian/Downloads/summer/L2S/netbsd-src/sys/kern/uipc_syscalls.c:1148:1:sys_shutdown	44	dynamic,bounded
/Users/sidqian/Downloads/summer/L2S/netbsd-src/sys/kern/uipc_syscalls.c:1168:1:sys_setsockopt	76	dynamic,bounded
/Users/sidqian/Downloads/summer/L2S/netbsd-src/sys/kern/uipc_syscalls.c:1266:1:sys_getsockopt	0	static
/Users/sidqian/Downloads/summer/L2S/netbsd-src/sys/kern/uipc_syscalls.c:1280:1:sys_getsockopt2	0	static
/Users/sidqian/Downloads/summer/L2S/netbsd-src/sys/kern/uipc_syscalls.c:1366:1:do_sys_getpeername	36	dynamic,bounded
/Users/sidqian/Downloads/summer/L2S/netbsd-src/sys/kern/uipc_syscalls.c:1389:1:do_sys_getsockname	44	dynamic,bounded
/Users/sidqian/Downloads/summer/L2S/netbsd-src/sys/kern/uipc_syscalls.c:1405:1:copyout_sockname_sb	32	dynamic,bounded
/Users/sidqian/Downloads/summer/L2S/netbsd-src/sys/kern/uipc_syscalls.c:272:1:sys_accept	304	dynamic,bounded
/Users/sidqian/Downloads/summer/L2S/netbsd-src/sys/kern/uipc_syscalls.c:298:1:sys_paccept	324	dynamic,bounded
/Users/sidqian/Downloads/summer/L2S/netbsd-src/sys/kern/uipc_syscalls.c:1444:1:copyout_sockname	32	dynamic,bounded
/Users/sidqian/Downloads/summer/L2S/netbsd-src/sys/kern/uipc_syscalls.c:686:1:sys_recvfrom	88	dynamic,bounded
/Users/sidqian/Downloads/summer/L2S/netbsd-src/sys/kern/uipc_syscalls.c:722:1:sys_recvmsg	92	dynamic,bounded
/Users/sidqian/Downloads/summer/L2S/netbsd-src/sys/kern/uipc_syscalls.c:1023:1:sys_recvmmsg	164	dynamic,bounded
/Users/sidqian/Downloads/summer/L2S/netbsd-src/sys/kern/uipc_syscalls.c:1488:1:sys_getsockname	288	dynamic,bounded
/Users/sidqian/Downloads/summer/L2S/netbsd-src/sys/kern/uipc_syscalls.c:1513:1:sys_getpeername	288	dynamic,bounded
/Users/sidqian/Downloads/summer/L2S/netbsd-src/sys/kern/uipc_syscalls.c:1571:1:sockargs	8	static
/Users/sidqian/Downloads/summer/L2S/netbsd-src/sys/kern/uipc_syscalls.c:1649:1:do_sys_peeloff	0	static
