/Users/sidqian/Downloads/summer/L2S/netbsd-src/sys/lib/libkern/../../../common/lib/libprop/prop_object.c:82:1:_prop_object_init	0	static
/Users/sidqian/Downloads/summer/L2S/netbsd-src/sys/lib/libkern/../../../common/lib/libprop/prop_object.c:96:1:_prop_object_fini	0	static
/Users/sidqian/Downloads/summer/L2S/netbsd-src/sys/lib/libkern/../../../common/lib/libprop/prop_object.c:172:1:_prop_object_externalize_append_cstring	28	dynamic,bounded
/Users/sidqian/Downloads/summer/L2S/netbsd-src/sys/lib/libkern/../../../common/lib/libprop/prop_object.c:231:1:_prop_object_externalize_append_char	20	dynamic,bounded
/Users/sidqian/Downloads/summer/L2S/netbsd-src/sys/lib/libkern/../../../common/lib/libprop/prop_object.c:128:1:_prop_object_externalize_end_tag	32	dynamic,bounded
/Users/sidqian/Downloads/summer/L2S/netbsd-src/sys/lib/libkern/../../../common/lib/libprop/prop_object.c:147:1:_prop_object_externalize_empty_tag	28	dynamic,bounded
/Users/sidqian/Downloads/summer/L2S/netbsd-src/sys/lib/libkern/../../../common/lib/libprop/prop_object.c:191:1:_prop_object_externalize_append_encoded_cstring	24	dynamic,bounded
/Users/sidqian/Downloads/summer/L2S/netbsd-src/sys/lib/libkern/../../../common/lib/libprop/prop_object.c:106:1:_prop_object_externalize_start_tag	28	dynamic,bounded
/Users/sidqian/Downloads/summer/L2S/netbsd-src/sys/lib/libkern/../../../common/lib/libprop/prop_object.c:259:1:_prop_object_externalize_header	28	dynamic,bounded
/Users/sidqian/Downloads/summer/L2S/netbsd-src/sys/lib/libkern/../../../common/lib/libprop/prop_object.c:281:1:_prop_object_externalize_footer	12	dynamic,bounded
/Users/sidqian/Downloads/summer/L2S/netbsd-src/sys/lib/libkern/../../../common/lib/libprop/prop_object.c:296:1:_prop_object_externalize_context_alloc	16	dynamic,bounded
/Users/sidqian/Downloads/summer/L2S/netbsd-src/sys/lib/libkern/../../../common/lib/libprop/prop_object.c:319:1:_prop_object_externalize_context_free	0	static
/Users/sidqian/Downloads/summer/L2S/netbsd-src/sys/lib/libkern/../../../common/lib/libprop/prop_object.c:358:1:_prop_object_internalize_find_tag	36	dynamic,bounded
/Users/sidqian/Downloads/summer/L2S/netbsd-src/sys/lib/libkern/../../../common/lib/libprop/prop_object.c:502:1:_prop_object_internalize_decode_string	8	static
/Users/sidqian/Downloads/summer/L2S/netbsd-src/sys/lib/libkern/../../../common/lib/libprop/prop_object.c:578:1:_prop_object_internalize_match	12	dynamic,bounded
/Users/sidqian/Downloads/summer/L2S/netbsd-src/sys/lib/libkern/../../../common/lib/libprop/prop_object.c:617:1:_prop_object_internalize_by_tag	340	dynamic,bounded
/Users/sidqian/Downloads/summer/L2S/netbsd-src/sys/lib/libkern/../../../common/lib/libprop/prop_object.c:717:1:_prop_object_internalize_context_alloc	32	dynamic,bounded
/Users/sidqian/Downloads/summer/L2S/netbsd-src/sys/lib/libkern/../../../common/lib/libprop/prop_object.c:782:1:_prop_object_internalize_context_free	0	static
/Users/sidqian/Downloads/summer/L2S/netbsd-src/sys/lib/libkern/../../../common/lib/libprop/prop_object.c:995:1:prop_object_retain	0	static
/Users/sidqian/Downloads/summer/L2S/netbsd-src/sys/lib/libkern/../../../common/lib/libprop/prop_object.c:1070:1:prop_object_release	328	dynamic,bounded
/Users/sidqian/Downloads/summer/L2S/netbsd-src/sys/lib/libkern/../../../common/lib/libprop/prop_object.c:661:1:_prop_generic_internalize	24	dynamic,bounded
/Users/sidqian/Downloads/summer/L2S/netbsd-src/sys/lib/libkern/../../../common/lib/libprop/prop_object.c:1122:1:prop_object_type	0	static
/Users/sidqian/Downloads/summer/L2S/netbsd-src/sys/lib/libkern/../../../common/lib/libprop/prop_object.c:1143:1:prop_object_equals_with_error	344	dynamic,bounded
/Users/sidqian/Downloads/summer/L2S/netbsd-src/sys/lib/libkern/../../../common/lib/libprop/prop_object.c:1137:1:prop_object_equals	12	dynamic,bounded
/Users/sidqian/Downloads/summer/L2S/netbsd-src/sys/lib/libkern/../../../common/lib/libprop/prop_object.c:1205:1:prop_object_iterator_next	4	dynamic,bounded
/Users/sidqian/Downloads/summer/L2S/netbsd-src/sys/lib/libkern/../../../common/lib/libprop/prop_object.c:1217:1:prop_object_iterator_reset	0	static
/Users/sidqian/Downloads/summer/L2S/netbsd-src/sys/lib/libkern/../../../common/lib/libprop/prop_object.c:1228:1:prop_object_iterator_release	8	dynamic,bounded
