/Users/sidqian/Downloads/summer/L2S/netbsd-src/sys/lib/libkern/../../../common/lib/libprop/prop_number.c:221:1:_prop_number_equals	4	static
/Users/sidqian/Downloads/summer/L2S/netbsd-src/sys/lib/libkern/../../../common/lib/libprop/prop_number.c:180:1:_prop_number_lock	8	dynamic,bounded
/Users/sidqian/Downloads/summer/L2S/netbsd-src/sys/lib/libkern/../../../common/lib/libprop/prop_number.c:188:1:_prop_number_unlock	4	dynamic,bounded
/Users/sidqian/Downloads/summer/L2S/netbsd-src/sys/lib/libkern/../../../common/lib/libprop/prop_number.c:194:1:_prop_number_externalize	68	dynamic,bounded
/Users/sidqian/Downloads/summer/L2S/netbsd-src/sys/lib/libkern/../../../common/lib/libprop/prop_number.c:157:1:_prop_number_free	20	dynamic,bounded
/Users/sidqian/Downloads/summer/L2S/netbsd-src/sys/lib/libkern/../../../common/lib/libprop/prop_number.c:171:1:_prop_number_init	20	dynamic,bounded
/Users/sidqian/Downloads/summer/L2S/netbsd-src/sys/lib/libkern/../../../common/lib/libprop/prop_number.c:276:1:_prop_number_alloc	44	dynamic,bounded
/Users/sidqian/Downloads/summer/L2S/netbsd-src/sys/lib/libkern/../../../common/lib/libprop/prop_number.c:125:1:_prop_number_rb_compare_nodes	16	static
/Users/sidqian/Downloads/summer/L2S/netbsd-src/sys/lib/libkern/../../../common/lib/libprop/prop_number.c:136:1:_prop_number_rb_compare_key	16	static
/Users/sidqian/Downloads/summer/L2S/netbsd-src/sys/lib/libkern/../../../common/lib/libprop/prop_number.c:331:1:prop_number_create_signed	28	dynamic,bounded
/Users/sidqian/Downloads/summer/L2S/netbsd-src/sys/lib/libkern/../../../common/lib/libprop/prop_number.c:346:1:prop_number_create_integer	28	dynamic,bounded
/Users/sidqian/Downloads/summer/L2S/netbsd-src/sys/lib/libkern/../../../common/lib/libprop/prop_number.c:357:1:prop_number_create_unsigned	28	dynamic,bounded
/Users/sidqian/Downloads/summer/L2S/netbsd-src/sys/lib/libkern/../../../common/lib/libprop/prop_number.c:372:1:prop_number_create_unsigned_integer	28	dynamic,bounded
/Users/sidqian/Downloads/summer/L2S/netbsd-src/sys/lib/libkern/../../../common/lib/libprop/prop_number.c:382:1:prop_number_copy	8	dynamic,bounded
/Users/sidqian/Downloads/summer/L2S/netbsd-src/sys/lib/libkern/../../../common/lib/libprop/prop_number.c:401:1:prop_number_unsigned	0	static
/Users/sidqian/Downloads/summer/L2S/netbsd-src/sys/lib/libkern/../../../common/lib/libprop/prop_number.c:413:1:prop_number_size	16	static
/Users/sidqian/Downloads/summer/L2S/netbsd-src/sys/lib/libkern/../../../common/lib/libprop/prop_number.c:446:1:prop_number_signed_value	0	static
/Users/sidqian/Downloads/summer/L2S/netbsd-src/sys/lib/libkern/../../../common/lib/libprop/prop_number.c:463:1:prop_number_integer_value	0	static
/Users/sidqian/Downloads/summer/L2S/netbsd-src/sys/lib/libkern/../../../common/lib/libprop/prop_number.c:473:1:prop_number_unsigned_value	0	static
/Users/sidqian/Downloads/summer/L2S/netbsd-src/sys/lib/libkern/../../../common/lib/libprop/prop_number.c:490:1:prop_number_unsigned_integer_value	0	static
/Users/sidqian/Downloads/summer/L2S/netbsd-src/sys/lib/libkern/../../../common/lib/libprop/prop_number.c:522:1:prop_number_schar_value	16	static
/Users/sidqian/Downloads/summer/L2S/netbsd-src/sys/lib/libkern/../../../common/lib/libprop/prop_number.c:523:1:prop_number_short_value	16	static
/Users/sidqian/Downloads/summer/L2S/netbsd-src/sys/lib/libkern/../../../common/lib/libprop/prop_number.c:524:1:prop_number_int_value	16	static
/Users/sidqian/Downloads/summer/L2S/netbsd-src/sys/lib/libkern/../../../common/lib/libprop/prop_number.c:525:1:prop_number_long_value	16	static
/Users/sidqian/Downloads/summer/L2S/netbsd-src/sys/lib/libkern/../../../common/lib/libprop/prop_number.c:526:1:prop_number_longlong_value	0	static
/Users/sidqian/Downloads/summer/L2S/netbsd-src/sys/lib/libkern/../../../common/lib/libprop/prop_number.c:527:1:prop_number_intptr_value	16	static
/Users/sidqian/Downloads/summer/L2S/netbsd-src/sys/lib/libkern/../../../common/lib/libprop/prop_number.c:528:1:prop_number_int8_value	16	static
/Users/sidqian/Downloads/summer/L2S/netbsd-src/sys/lib/libkern/../../../common/lib/libprop/prop_number.c:529:1:prop_number_int16_value	16	static
/Users/sidqian/Downloads/summer/L2S/netbsd-src/sys/lib/libkern/../../../common/lib/libprop/prop_number.c:530:1:prop_number_int32_value	16	static
/Users/sidqian/Downloads/summer/L2S/netbsd-src/sys/lib/libkern/../../../common/lib/libprop/prop_number.c:531:1:prop_number_int64_value	0	static
/Users/sidqian/Downloads/summer/L2S/netbsd-src/sys/lib/libkern/../../../common/lib/libprop/prop_number.c:533:1:prop_number_uchar_value	8	static
/Users/sidqian/Downloads/summer/L2S/netbsd-src/sys/lib/libkern/../../../common/lib/libprop/prop_number.c:534:1:prop_number_ushort_value	8	static
/Users/sidqian/Downloads/summer/L2S/netbsd-src/sys/lib/libkern/../../../common/lib/libprop/prop_number.c:535:1:prop_number_uint_value	8	static
/Users/sidqian/Downloads/summer/L2S/netbsd-src/sys/lib/libkern/../../../common/lib/libprop/prop_number.c:536:1:prop_number_ulong_value	8	static
/Users/sidqian/Downloads/summer/L2S/netbsd-src/sys/lib/libkern/../../../common/lib/libprop/prop_number.c:537:1:prop_number_ulonglong_value	0	static
/Users/sidqian/Downloads/summer/L2S/netbsd-src/sys/lib/libkern/../../../common/lib/libprop/prop_number.c:538:1:prop_number_uintptr_value	8	static
/Users/sidqian/Downloads/summer/L2S/netbsd-src/sys/lib/libkern/../../../common/lib/libprop/prop_number.c:539:1:prop_number_uint8_value	8	static
/Users/sidqian/Downloads/summer/L2S/netbsd-src/sys/lib/libkern/../../../common/lib/libprop/prop_number.c:540:1:prop_number_uint16_value	8	static
/Users/sidqian/Downloads/summer/L2S/netbsd-src/sys/lib/libkern/../../../common/lib/libprop/prop_number.c:541:1:prop_number_uint32_value	8	static
/Users/sidqian/Downloads/summer/L2S/netbsd-src/sys/lib/libkern/../../../common/lib/libprop/prop_number.c:542:1:prop_number_uint64_value	0	static
/Users/sidqian/Downloads/summer/L2S/netbsd-src/sys/lib/libkern/../../../common/lib/libprop/prop_number.c:551:1:prop_number_equals	0	static
/Users/sidqian/Downloads/summer/L2S/netbsd-src/sys/lib/libkern/../../../common/lib/libprop/prop_number.c:565:1:prop_number_equals_signed	0	static
/Users/sidqian/Downloads/summer/L2S/netbsd-src/sys/lib/libkern/../../../common/lib/libprop/prop_number.c:582:1:prop_number_equals_integer	0	static
/Users/sidqian/Downloads/summer/L2S/netbsd-src/sys/lib/libkern/../../../common/lib/libprop/prop_number.c:593:1:prop_number_equals_unsigned	8	static
/Users/sidqian/Downloads/summer/L2S/netbsd-src/sys/lib/libkern/../../../common/lib/libprop/prop_number.c:610:1:prop_number_equals_unsigned_integer	8	static
/Users/sidqian/Downloads/summer/L2S/netbsd-src/sys/lib/libkern/../../../common/lib/libprop/prop_number.c:668:1:_prop_number_internalize	48	dynamic,bounded
