LIBBLUETOOTH_4.2.0.0 {
global:
	BLUETOOTH_BASE_UUID;
	_fini;
	_init;
	_sdp_close;
	_sdp_data_print;
	_sdp_errno;
	_sdp_open;
	_sdp_open_local;
	_sdp_recv_pdu;
	_sdp_send_pdu;
	bt_aton;
	bt_devaddr;
	bt_devenum;
	bt_devfilter;
	bt_devfilter_evt_clr;
	bt_devfilter_evt_set;
	bt_devfilter_evt_tst;
	bt_devfilter_pkt_clr;
	bt_devfilter_pkt_set;
	bt_devfilter_pkt_tst;
	bt_devinfo;
	bt_devinquiry;
	bt_devname;
	bt_devopen;
	bt_devrecv;
	bt_devreq;
	bt_devsend;
	bt_endhostent;
	bt_endprotoent;
	bt_gethostbyaddr;
	bt_gethostbyname;
	bt_gethostent;
	bt_getprotobyname;
	bt_getprotobynumber;
	bt_getprotoent;
	bt_ntoa;
	bt_sethostent;
	bt_setprotoent;
	sdp_attr2desc;
	sdp_change_service;
	sdp_close;
	sdp_data_print;
	sdp_data_size;
	sdp_data_type;
	sdp_data_valid;
	sdp_error;
	sdp_get_alt;
	sdp_get_attr;
	sdp_get_bool;
	sdp_get_data;
	sdp_get_int;
	sdp_get_seq;
	sdp_get_str;
	sdp_get_uint;
	sdp_get_url;
	sdp_get_uuid;
	sdp_match_uuid16;
	sdp_open;
	sdp_open_local;
	sdp_print;
	sdp_put_alt;
	sdp_put_attr;
	sdp_put_bool;
	sdp_put_data;
	sdp_put_int16;
	sdp_put_int32;
	sdp_put_int64;
	sdp_put_int8;
	sdp_put_int;
	sdp_put_seq;
	sdp_put_str;
	sdp_put_uint16;
	sdp_put_uint32;
	sdp_put_uint64;
	sdp_put_uint8;
	sdp_put_uint;
	sdp_put_url;
	sdp_put_uuid128;
	sdp_put_uuid16;
	sdp_put_uuid32;
	sdp_put_uuid;
	sdp_record_insert;
	sdp_record_remove;
	sdp_record_update;
	sdp_register_service;
	sdp_search;
	sdp_service_attribute;
	sdp_service_search;
	sdp_service_search_attribute;
	sdp_set_alt;
	sdp_set_bool;
	sdp_set_int;
	sdp_set_seq;
	sdp_set_uint;
	sdp_unregister_service;
	sdp_uuid2desc;
};

NetBSD_6.99.18.0 {
} LIBBLUETOOTH_4.2.0.0;

LIBBLUETOOTH_private_4.2.0.0 {
local:
	*;
};

