LIBPUFFS_2.0.0.0 {
global:
	_fini;
	_init;
	pu_lock;
	puffs__cc_cont;
	puffs__cc_create;
	puffs__cc_destroy;
	puffs__cc_exit;
	puffs__cc_restoremain;
	puffs__cc_savemain;
	puffs__cc_setcaller;
	puffs__framebuf_getdataptr;
	puffs__framebuf_moveinfo;
	puffs__framev_addfd_ctrl;
	puffs__framev_exit;
	puffs__framev_input;
	puffs__framev_notify;
	puffs__framev_output;
	puffs__framev_readclose;
	puffs__framev_writeclose;
	puffs__fsframe_cmp;
	puffs__fsframe_gotframe;
	puffs__fsframe_read;
	puffs__fsframe_write;
	puffs__goto;
	puffs__ml_dispatch;
	puffs__nextreq;
	puffs__theloop;
	puffs_access;
	puffs_access_chmod;
	puffs_access_chown;
	puffs_access_times;
	puffs_addvtype2mode;
	puffs_cancel;
	puffs_cc_continue;
	puffs_cc_getcaller;
	puffs_cc_getcc;
	puffs_cc_schedule;
	puffs_cc_yield;
	puffs_cred_getgid;
	puffs_cred_getgroups;
	puffs_cred_getuid;
	puffs_cred_hasgroup;
	puffs_cred_isfs;
	puffs_cred_isjuggernaut;
	puffs_cred_iskernel;
	puffs_cred_isregular;
	puffs_cred_isuid;
	puffs_daemon;
	puffs_dispatch_create;
	puffs_dispatch_exec;
	puffs_exit;
	puffs_fakecc;
	puffs_flush_pagecache_node;
	puffs_flush_pagecache_node_range;
	puffs_framebuf_destroy;
	puffs_framebuf_dup;
	puffs_framebuf_getdata;
	puffs_framebuf_getdata_atoff;
	puffs_framebuf_getwindow;
	puffs_framebuf_make;
	puffs_framebuf_putdata;
	puffs_framebuf_putdata_atoff;
	puffs_framebuf_recycle;
	puffs_framebuf_remaining;
	puffs_framebuf_reserve_space;
	puffs_framebuf_seekset;
	puffs_framebuf_telloff;
	puffs_framebuf_tellsize;
	puffs_framev_addfd;
	puffs_framev_disablefd;
	puffs_framev_enablefd;
	puffs_framev_enqueue_cb;
	puffs_framev_enqueue_cc;
	puffs_framev_enqueue_directreceive;
	puffs_framev_enqueue_directsend;
	puffs_framev_enqueue_justsend;
	puffs_framev_enqueue_waitevent;
	puffs_framev_framebuf_ccpromote;
	puffs_framev_init;
	puffs_framev_removefd;
	puffs_framev_removeonclose;
	puffs_framev_unmountonclose;
	puffs_fs_suspend;
	puffs_fsnop_statvfs;
	puffs_fsnop_sync;
	puffs_fsnop_unmount;
	puffs_gendotdent;
	puffs_genfs_node_getattr;
	puffs_genfs_node_reclaim;
	puffs_getmaxreqlen;
	puffs_getroot;
	puffs_getrootpathobj;
	puffs_getselectable;
	puffs_getspecific;
	puffs_getstate;
	puffs_init;
	puffs_inval_namecache_all;
	puffs_inval_namecache_dir;
	puffs_inval_pagecache_node;
	puffs_inval_pagecache_node_range;
	puffs_kernerr_abort;
	puffs_kernerr_log;
	puffs_mainloop;
	puffs_ml_setloopfn;
	puffs_ml_settimeout;
	puffs_mode2vt;
	puffs_mount;
	puffs_newinfo_setcnttl;
	puffs_newinfo_setcookie;
	puffs_newinfo_setrdev;
	puffs_newinfo_setsize;
	puffs_newinfo_setva;
	puffs_newinfo_setvattl;
	puffs_newinfo_setvtype;
	puffs_nextdent;
	puffs_null_fs_fhtonode;
	puffs_null_fs_nodetofh;
	puffs_null_fs_statvfs;
	puffs_null_node_create;
	puffs_null_node_fsync;
	puffs_null_node_getattr;
	puffs_null_node_link;
	puffs_null_node_lookup;
	puffs_null_node_mkdir;
	puffs_null_node_mknod;
	puffs_null_node_read;
	puffs_null_node_readdir;
	puffs_null_node_readlink;
	puffs_null_node_remove;
	puffs_null_node_rename;
	puffs_null_node_rmdir;
	puffs_null_node_setattr;
	puffs_null_node_symlink;
	puffs_null_node_write;
	puffs_null_setops;
	puffs_path_buildhash;
	puffs_path_pcnbuild;
	puffs_path_prefixadj;
	puffs_path_walkcmp;
	puffs_pn_getmnt;
	puffs_pn_getmntspecific;
	puffs_pn_getpo;
	puffs_pn_getpriv;
	puffs_pn_getvap;
	puffs_pn_new;
	puffs_pn_nodewalk;
	puffs_pn_put;
	puffs_pn_remove;
	puffs_pn_setpriv;
	puffs_set_cmap;
	puffs_set_errnotify;
	puffs_set_namemod;
	puffs_set_pathbuild;
	puffs_set_pathcmp;
	puffs_set_pathfree;
	puffs_set_pathtransform;
	puffs_set_prepost;
	puffs_setback;
	puffs_setblockingmode;
	puffs_setfhsize;
	puffs_setmaxreqlen;
	puffs_setmntinfo;
	puffs_setncookiehash;
	puffs_setroot;
	puffs_setrootinfo;
	puffs_setspecific;
	puffs_setstacksize;
	puffs_setvattr;
	puffs_stat2vattr;
	puffs_stdpath_buildpath;
	puffs_stdpath_cmppath;
	puffs_stdpath_freepath;
	puffs_unmountonsignal;
	puffs_vattr_null;
	puffs_vtype2dt;
	puffs_zerostatvfs;
	puffsdump_attr;
	puffsdump_cacheop_revmap;
	puffsdump_cn;
	puffsdump_cookie;
	puffsdump_create;
	puffsdump_create_rv;
	puffsdump_errnot_count;
	puffsdump_errnot_revmap;
	puffsdump_flush_count;
	puffsdump_flush_revmap;
	puffsdump_lookup;
	puffsdump_lookup_rv;
	puffsdump_open;
	puffsdump_readdir;
	puffsdump_readdir_rv;
	puffsdump_readwrite;
	puffsdump_readwrite_rv;
	puffsdump_req;
	puffsdump_rv;
	puffsdump_targ;
	puffsdump_vfsop_count;
	puffsdump_vfsop_revmap;
	puffsdump_vnop_count;
	puffsdump_vnop_revmap;
	puffsmopts;
};

NetBSD_6.99.18.0 {
} LIBPUFFS_2.0.0.0;

LIBPUFFS_private_2.0.0.0 {
local:
	*;
};

