/Users/sidqian/Downloads/summer/L2S/netbsd-src/sys/net/bpf.c:2518:1:bpf_stats	8	static
/Users/sidqian/Downloads/summer/L2S/netbsd-src/sys/net/bpf.c:1594:1:filt_bpfread	20	dynamic,bounded
/Users/sidqian/Downloads/summer/L2S/netbsd-src/sys/net/bpf.c:2597:1:_bpf_register_track_event	16	dynamic,bounded
/Users/sidqian/Downloads/summer/L2S/netbsd-src/sys/net/bpf.c:1621:1:bpf_kqfilter	24	dynamic,bounded
/Users/sidqian/Downloads/summer/L2S/netbsd-src/sys/net/bpf.c:1584:1:filt_bpfrdetach	20	dynamic,bounded
/Users/sidqian/Downloads/summer/L2S/netbsd-src/sys/net/bpf.c:2623:1:_bpf_deregister_track_event	24	dynamic,bounded
/Users/sidqian/Downloads/summer/L2S/netbsd-src/sys/net/bpf.c:2128:1:bpf_free_filter	16	dynamic,bounded
/Users/sidqian/Downloads/summer/L2S/netbsd-src/sys/net/bpf.c:500:1:bpf_detachd	28	dynamic,bounded
/Users/sidqian/Downloads/summer/L2S/netbsd-src/sys/net/bpf.c:631:1:bpf_close	44	dynamic,bounded
/Users/sidqian/Downloads/summer/L2S/netbsd-src/sys/net/bpf.c:1520:1:bpf_stat	56	dynamic,bounded
/Users/sidqian/Downloads/summer/L2S/netbsd-src/sys/net/bpf.c:1546:1:bpf_poll	36	dynamic,bounded
/Users/sidqian/Downloads/summer/L2S/netbsd-src/sys/net/bpf.c:585:1:bpfopen	52	dynamic,bounded
/Users/sidqian/Downloads/summer/L2S/netbsd-src/sys/net/bpf.c:474:1:bpf_attachd	28	dynamic,bounded
/Users/sidqian/Downloads/summer/L2S/netbsd-src/sys/net/bpf.c:1940:1:bpf_mtap_si	28	dynamic,bounded
/Users/sidqian/Downloads/summer/L2S/netbsd-src/sys/net/bpf.c:690:1:bpf_read	52	dynamic,bounded
/Users/sidqian/Downloads/summer/L2S/netbsd-src/sys/net/bpf.c:2554:1:sysctl_net_bpf_setup	88	dynamic,bounded
/Users/sidqian/Downloads/summer/L2S/netbsd-src/sys/net/bpf.c:2445:1:sysctl_net_bpf_peers	172	dynamic,bounded
/Users/sidqian/Downloads/summer/L2S/netbsd-src/sys/net/bpf.c:2533:1:bpf_sysctl_gstats_handler	288	dynamic,bounded
/Users/sidqian/Downloads/summer/L2S/netbsd-src/sys/net/bpf.c:2399:1:sysctl_net_bpf_maxbufsize	164	dynamic,bounded
/Users/sidqian/Downloads/summer/L2S/netbsd-src/sys/net/bpf.c:2421:1:sysctl_net_bpf_jit	168	dynamic,bounded
/Users/sidqian/Downloads/summer/L2S/netbsd-src/sys/net/bpf.c:1956:1:_bpf_mtap_softint	24	dynamic,bounded
/Users/sidqian/Downloads/summer/L2S/netbsd-src/sys/net/bpf.c:2204:1:_bpf_mtap_softint_init	24	dynamic,bounded
/Users/sidqian/Downloads/summer/L2S/netbsd-src/sys/net/bpf.c:1648:1:bpf_mcpy	36	dynamic,bounded
/Users/sidqian/Downloads/summer/L2S/netbsd-src/sys/net/bpf.c:2292:1:_bpf_change_type	16	dynamic,bounded
/Users/sidqian/Downloads/summer/L2S/netbsd-src/sys/net/bpf.c:2230:1:_bpfdetach	44	dynamic,bounded
/Users/sidqian/Downloads/summer/L2S/netbsd-src/sys/net/bpf.c:2176:1:_bpfattach	40	dynamic,bounded
/Users/sidqian/Downloads/summer/L2S/netbsd-src/sys/net/bpf.c:2673:1:bpf_modcmd	36	dynamic,bounded
/Users/sidqian/Downloads/summer/L2S/netbsd-src/sys/net/bpf.c:825:1:bpf_write	204	dynamic,bounded
/Users/sidqian/Downloads/summer/L2S/netbsd-src/sys/net/bpf.c:1703:1:bpf_deliver	184	dynamic,bounded
/Users/sidqian/Downloads/summer/L2S/netbsd-src/sys/net/bpf.c:1751:1:_bpf_mtap2	308	dynamic,bounded
/Users/sidqian/Downloads/summer/L2S/netbsd-src/sys/net/bpf.c:1783:1:_bpf_mtap	24	dynamic,bounded
/Users/sidqian/Downloads/summer/L2S/netbsd-src/sys/net/bpf.c:1869:1:_bpf_mtap_sl_out	292	dynamic,bounded
/Users/sidqian/Downloads/summer/L2S/netbsd-src/sys/net/bpf.c:1846:1:_bpf_mtap_sl_in	40	dynamic,bounded
/Users/sidqian/Downloads/summer/L2S/netbsd-src/sys/net/bpf.c:810:1:bpf_timed_out	28	dynamic,bounded
/Users/sidqian/Downloads/summer/L2S/netbsd-src/sys/net/bpf.c:1824:1:_bpf_mtap_af	280	dynamic,bounded
/Users/sidqian/Downloads/summer/L2S/netbsd-src/sys/net/bpf.c:966:1:bpf_ioctl	120	dynamic,bounded
/Users/sidqian/Downloads/summer/L2S/netbsd-src/sys/net/bpf.c:306:1:bpf_jit_generate	16	dynamic,bounded
/Users/sidqian/Downloads/summer/L2S/netbsd-src/sys/net/bpf.c:320:1:bpf_jit_freecode	0	static
/Users/sidqian/Downloads/summer/L2S/netbsd-src/sys/net/bpf.c:575:1:bpfilterattach	0	static
