/Users/sidqian/Downloads/summer/L2S/netbsd-src/sys/netinet/in.c:1373:1:in_rt_ifa_matcher	0	static
/Users/sidqian/Downloads/summer/L2S/netbsd-src/sys/netinet/in.c:2154:1:in_lltable_hash	0	static
/Users/sidqian/Downloads/summer/L2S/netbsd-src/sys/netinet/in.c:2161:1:in_lltable_fill_sa_entry	16	dynamic,bounded
/Users/sidqian/Downloads/summer/L2S/netbsd-src/sys/netinet/in.c:903:1:in_addrhash_insert_locked	12	static
/Users/sidqian/Downloads/summer/L2S/netbsd-src/sys/netinet/in.c:2070:1:in_lltable_free_entry	24	dynamic,bounded
/Users/sidqian/Downloads/summer/L2S/netbsd-src/sys/netinet/in.c:2017:1:in_lltable_destroy_lle	16	dynamic,bounded
/Users/sidqian/Downloads/summer/L2S/netbsd-src/sys/netinet/in.c:2049:1:in_lltable_match_prefix	0	static
/Users/sidqian/Downloads/summer/L2S/netbsd-src/sys/netinet/in.c:2322:1:in_multicast_sysctl	92	dynamic,bounded
/Users/sidqian/Downloads/summer/L2S/netbsd-src/sys/netinet/in.c:2303:1:in_lltable_dump_entry	32	dynamic,bounded
/Users/sidqian/Downloads/summer/L2S/netbsd-src/sys/netinet/in.c:1525:1:in_if_link_up.part.0	80	dynamic,bounded
/Users/sidqian/Downloads/summer/L2S/netbsd-src/sys/netinet/in.c:1389:1:in_scrubprefix.part.0.isra	72	dynamic,bounded
/Users/sidqian/Downloads/summer/L2S/netbsd-src/sys/netinet/in.c:2229:1:in_lltable_create	44	dynamic,bounded
/Users/sidqian/Downloads/summer/L2S/netbsd-src/sys/netinet/in.c:2192:1:in_lltable_delete	20	dynamic,bounded
/Users/sidqian/Downloads/summer/L2S/netbsd-src/sys/netinet/in.c:2280:1:in_lltable_lookup	16	dynamic,bounded
/Users/sidqian/Downloads/summer/L2S/netbsd-src/sys/netinet/in.c:204:1:in_init	84	dynamic,bounded
/Users/sidqian/Downloads/summer/L2S/netbsd-src/sys/netinet/in.c:233:1:in_localaddr	24	dynamic,bounded
/Users/sidqian/Downloads/summer/L2S/netbsd-src/sys/netinet/in.c:263:1:in_direct	28	dynamic,bounded
/Users/sidqian/Downloads/summer/L2S/netbsd-src/sys/netinet/in.c:302:1:in_canforward	0	static
/Users/sidqian/Downloads/summer/L2S/netbsd-src/sys/netinet/in.c:320:1:in_socktrim	0	static
/Users/sidqian/Downloads/summer/L2S/netbsd-src/sys/netinet/in.c:341:1:in_setmaxmtu	36	dynamic,bounded
/Users/sidqian/Downloads/summer/L2S/netbsd-src/sys/netinet/in.c:383:1:in_len2mask	8	static
/Users/sidqian/Downloads/summer/L2S/netbsd-src/sys/netinet/in.c:915:1:in_addrhash_insert	12	dynamic,bounded
/Users/sidqian/Downloads/summer/L2S/netbsd-src/sys/netinet/in.c:934:1:in_addrhash_remove	8	dynamic,bounded
/Users/sidqian/Downloads/summer/L2S/netbsd-src/sys/netinet/in.c:947:1:in_purgeif	24	dynamic,bounded
/Users/sidqian/Downloads/summer/L2S/netbsd-src/sys/netinet/in.c:1481:1:in_broadcast	20	dynamic,bounded
/Users/sidqian/Downloads/summer/L2S/netbsd-src/sys/netinet/in.c:1525:1:in_if_link_up	0	static
/Users/sidqian/Downloads/summer/L2S/netbsd-src/sys/netinet/in.c:1573:1:in_if_up	0	static
/Users/sidqian/Downloads/summer/L2S/netbsd-src/sys/netinet/in.c:1584:1:in_if_link_down	76	dynamic,bounded
/Users/sidqian/Downloads/summer/L2S/netbsd-src/sys/netinet/in.c:1624:1:in_if_down	8	dynamic,bounded
/Users/sidqian/Downloads/summer/L2S/netbsd-src/sys/netinet/in.c:1634:1:in_if_link_state_change	0	static
/Users/sidqian/Downloads/summer/L2S/netbsd-src/sys/netinet/in.c:1654:1:in_lookup_multi	8	static
/Users/sidqian/Downloads/summer/L2S/netbsd-src/sys/netinet/in.c:1672:1:in_multi_group	24	dynamic,bounded
/Users/sidqian/Downloads/summer/L2S/netbsd-src/sys/netinet/in.c:1692:1:in_addmulti	52	dynamic,bounded
/Users/sidqian/Downloads/summer/L2S/netbsd-src/sys/netinet/in.c:1755:1:in_delmulti	36	dynamic,bounded
/Users/sidqian/Downloads/summer/L2S/netbsd-src/sys/netinet/in.c:853:1:in_scrubaddr	72	dynamic,bounded
/Users/sidqian/Downloads/summer/L2S/netbsd-src/sys/netinet/in.c:879:1:in_purgeaddr	24	dynamic,bounded
/Users/sidqian/Downloads/summer/L2S/netbsd-src/sys/netinet/in.c:1150:1:in_ifinit	96	dynamic,bounded
/Users/sidqian/Downloads/summer/L2S/netbsd-src/sys/netinet/in.c:402:1:in_control0	180	dynamic,bounded
/Users/sidqian/Downloads/summer/L2S/netbsd-src/sys/netinet/in.c:774:1:in_control	0	static
/Users/sidqian/Downloads/summer/L2S/netbsd-src/sys/netinet/in.c:1796:1:in_next_multi	8	static
/Users/sidqian/Downloads/summer/L2S/netbsd-src/sys/netinet/in.c:1812:1:in_first_multi	4	static
/Users/sidqian/Downloads/summer/L2S/netbsd-src/sys/netinet/in.c:1822:1:in_multi_lock	8	dynamic,bounded
/Users/sidqian/Downloads/summer/L2S/netbsd-src/sys/netinet/in.c:1828:1:in_multi_unlock	4	dynamic,bounded
/Users/sidqian/Downloads/summer/L2S/netbsd-src/sys/netinet/in.c:1834:1:in_multi_lock_held	4	dynamic,bounded
/Users/sidqian/Downloads/summer/L2S/netbsd-src/sys/netinet/in.c:1840:1:in_selectsrc	84	dynamic,bounded
/Users/sidqian/Downloads/summer/L2S/netbsd-src/sys/netinet/in.c:1968:1:in_tunnel_validate	20	dynamic,bounded
/Users/sidqian/Downloads/summer/L2S/netbsd-src/sys/netinet/in.c:2469:1:in_domifattach	24	dynamic,bounded
/Users/sidqian/Downloads/summer/L2S/netbsd-src/sys/netinet/in.c:2488:1:in_domifdetach	8	dynamic,bounded
