/Users/sidqian/Downloads/summer/L2S/netbsd-src/sys/netinet/in_pcb.c:165:1:inpcb_poolinit	44	dynamic,bounded
/Users/sidqian/Downloads/summer/L2S/netbsd-src/sys/netinet/in_pcb.c:317:1:inpcb_bindableaddr.part.0	24	dynamic,bounded
/Users/sidqian/Downloads/summer/L2S/netbsd-src/sys/netinet/in_pcb.c:178:1:inpcb_init	48	dynamic,bounded
/Users/sidqian/Downloads/summer/L2S/netbsd-src/sys/netinet/in_pcb.c:200:1:inpcb_create	28	dynamic,bounded
/Users/sidqian/Downloads/summer/L2S/netbsd-src/sys/netinet/in_pcb.c:317:1:inpcb_bindableaddr	0	static
/Users/sidqian/Downloads/summer/L2S/netbsd-src/sys/netinet/in_pcb.c:682:1:inpcb_destroy	24	dynamic,bounded
/Users/sidqian/Downloads/summer/L2S/netbsd-src/sys/netinet/in_pcb.c:734:1:inpcb_fetch_sockaddr	0	static
/Users/sidqian/Downloads/summer/L2S/netbsd-src/sys/netinet/in_pcb.c:747:1:inpcb_fetch_peeraddr	0	static
/Users/sidqian/Downloads/summer/L2S/netbsd-src/sys/netinet/in_pcb.c:769:1:inpcb_notify	28	dynamic,bounded
/Users/sidqian/Downloads/summer/L2S/netbsd-src/sys/netinet/in_pcb.c:799:1:inpcb_notifyall	20	dynamic,bounded
/Users/sidqian/Downloads/summer/L2S/netbsd-src/sys/netinet/in_pcb.c:816:1:in_purgeifmcast	28	dynamic,bounded
/Users/sidqian/Downloads/summer/L2S/netbsd-src/sys/netinet/in_pcb.c:848:1:inpcb_purgeif0	60	dynamic,bounded
/Users/sidqian/Downloads/summer/L2S/netbsd-src/sys/netinet/in_pcb.c:872:1:inpcb_purgeif	32	dynamic,bounded
/Users/sidqian/Downloads/summer/L2S/netbsd-src/sys/netinet/in_pcb.c:896:1:inpcb_losing	100	dynamic,bounded
/Users/sidqian/Downloads/summer/L2S/netbsd-src/sys/netinet/in_pcb.c:937:1:inpcb_rtchange	0	static
/Users/sidqian/Downloads/summer/L2S/netbsd-src/sys/netinet/in_pcb.c:954:1:inpcb_lookup_local	116	dynamic,bounded
/Users/sidqian/Downloads/summer/L2S/netbsd-src/sys/netinet/in_pcb.c:1066:1:inpcb_lookup	52	dynamic,bounded
/Users/sidqian/Downloads/summer/L2S/netbsd-src/sys/netinet/in_pcb.c:1118:1:inpcb_lookup_bound	28	static
/Users/sidqian/Downloads/summer/L2S/netbsd-src/sys/netinet/in_pcb.c:1161:1:inpcb_set_state	8	static
/Users/sidqian/Downloads/summer/L2S/netbsd-src/sys/netinet/in_pcb.c:367:1:inpcb_bind_port	148	dynamic,bounded
/Users/sidqian/Downloads/summer/L2S/netbsd-src/sys/netinet/in_pcb.c:478:1:inpcb_bind	36	dynamic,bounded
/Users/sidqian/Downloads/summer/L2S/netbsd-src/sys/netinet/in_pcb.c:523:1:inpcb_connect	156	dynamic,bounded
/Users/sidqian/Downloads/summer/L2S/netbsd-src/sys/netinet/in_pcb.c:660:1:inpcb_disconnect	12	dynamic,bounded
/Users/sidqian/Downloads/summer/L2S/netbsd-src/sys/netinet/in_pcb.c:1195:1:inpcb_rtentry	36	dynamic,bounded
/Users/sidqian/Downloads/summer/L2S/netbsd-src/sys/netinet/in_pcb.c:1217:1:inpcb_rtentry_unref	0	static
