/Users/sidqian/Downloads/summer/L2S/netbsd-src/sys/kern/kern_tc.c:79:1:dummy_get_timecount	0	static
/Users/sidqian/Downloads/summer/L2S/netbsd-src/sys/kern/kern_tc.c:598:1:tc_pick	20	dynamic,bounded
/Users/sidqian/Downloads/summer/L2S/netbsd-src/sys/kern/kern_tc.c:245:1:sysctl_timecounter_setup	88	dynamic,bounded
/Users/sidqian/Downloads/summer/L2S/netbsd-src/sys/kern/kern_tc.c:150:1:sysctl_kern_timecounter_hardware	260	dynamic,bounded
/Users/sidqian/Downloads/summer/L2S/netbsd-src/sys/kern/kern_tc.c:196:1:sysctl_kern_timecounter_choice	184	dynamic,bounded
/Users/sidqian/Downloads/summer/L2S/netbsd-src/sys/kern/kern_tc.c:753:1:tc_windup	92	dynamic,bounded
/Users/sidqian/Downloads/summer/L2S/netbsd-src/sys/kern/kern_tc.c:319:1:binuptime	56	dynamic,bounded
/Users/sidqian/Downloads/summer/L2S/netbsd-src/sys/kern/kern_tc.c:368:1:nanouptime	36	dynamic,bounded
/Users/sidqian/Downloads/summer/L2S/netbsd-src/sys/kern/kern_tc.c:378:1:microuptime	36	dynamic,bounded
/Users/sidqian/Downloads/summer/L2S/netbsd-src/sys/kern/kern_tc.c:388:1:bintime	24	dynamic,bounded
/Users/sidqian/Downloads/summer/L2S/netbsd-src/sys/kern/kern_tc.c:397:1:nanotime	52	dynamic,bounded
/Users/sidqian/Downloads/summer/L2S/netbsd-src/sys/kern/kern_tc.c:407:1:microtime	52	dynamic,bounded
/Users/sidqian/Downloads/summer/L2S/netbsd-src/sys/kern/kern_tc.c:417:1:getbinuptime	4	static
/Users/sidqian/Downloads/summer/L2S/netbsd-src/sys/kern/kern_tc.c:431:1:getnanouptime	8	static
/Users/sidqian/Downloads/summer/L2S/netbsd-src/sys/kern/kern_tc.c:445:1:getmicrouptime	8	static
/Users/sidqian/Downloads/summer/L2S/netbsd-src/sys/kern/kern_tc.c:459:1:getbintime	28	static
/Users/sidqian/Downloads/summer/L2S/netbsd-src/sys/kern/kern_tc.c:488:1:getnanotime	4	static
/Users/sidqian/Downloads/summer/L2S/netbsd-src/sys/kern/kern_tc.c:497:1:dtrace_getnanotime	4	static
/Users/sidqian/Downloads/summer/L2S/netbsd-src/sys/kern/kern_tc.c:504:1:getmicrotime	4	static
/Users/sidqian/Downloads/summer/L2S/netbsd-src/sys/kern/kern_tc.c:518:1:getnanoboottime	4	static
/Users/sidqian/Downloads/summer/L2S/netbsd-src/sys/kern/kern_tc.c:527:1:getmicroboottime	4	static
/Users/sidqian/Downloads/summer/L2S/netbsd-src/sys/kern/kern_tc.c:536:1:getbinboottime	0	static
/Users/sidqian/Downloads/summer/L2S/netbsd-src/sys/kern/kern_tc.c:550:1:tc_init	52	dynamic,bounded
/Users/sidqian/Downloads/summer/L2S/netbsd-src/sys/kern/kern_tc.c:622:1:tc_gonebad	0	static
/Users/sidqian/Downloads/summer/L2S/netbsd-src/sys/kern/kern_tc.c:634:1:tc_detach	44	dynamic,bounded
/Users/sidqian/Downloads/summer/L2S/netbsd-src/sys/kern/kern_tc.c:712:1:tc_getfrequency	0	static
/Users/sidqian/Downloads/summer/L2S/netbsd-src/sys/kern/kern_tc.c:723:1:tc_setclock	100	dynamic,bounded
/Users/sidqian/Downloads/summer/L2S/netbsd-src/sys/kern/kern_tc.c:902:1:pps_ioctl	0	static
/Users/sidqian/Downloads/summer/L2S/netbsd-src/sys/kern/kern_tc.c:955:1:pps_init	0	static
/Users/sidqian/Downloads/summer/L2S/netbsd-src/sys/kern/kern_tc.c:971:1:pps_capture	24	dynamic,bounded
/Users/sidqian/Downloads/summer/L2S/netbsd-src/sys/kern/kern_tc.c:1032:1:pps_ref_event	80	dynamic,bounded
/Users/sidqian/Downloads/summer/L2S/netbsd-src/sys/kern/kern_tc.c:994:1:pps_event	16	dynamic,bounded
/Users/sidqian/Downloads/summer/L2S/netbsd-src/sys/kern/kern_tc.c:1332:1:tc_ticktock	8	dynamic,bounded
/Users/sidqian/Downloads/summer/L2S/netbsd-src/sys/kern/kern_tc.c:1352:1:inittimecounter	28	dynamic,bounded
