/Users/sidqian/Downloads/summer/L2S/netbsd-src/sys/kern/kern_time.c:1779:1:ptimer_intr	196	dynamic,bounded
/Users/sidqian/Downloads/summer/L2S/netbsd-src/sys/kern/kern_time.c:837:1:itimer_callout	92	dynamic,bounded
/Users/sidqian/Downloads/summer/L2S/netbsd-src/sys/kern/kern_time.c:1068:1:ptimers_alloc	20	dynamic,bounded
/Users/sidqian/Downloads/summer/L2S/netbsd-src/sys/kern/kern_time.c:1171:1:ptimer_fire	0	static
/Users/sidqian/Downloads/summer/L2S/netbsd-src/sys/kern/kern_time.c:188:1:settime1.part.0	104	dynamic,bounded
/Users/sidqian/Downloads/summer/L2S/netbsd-src/sys/kern/kern_time.c:105:1:time_init	24	dynamic,bounded
/Users/sidqian/Downloads/summer/L2S/netbsd-src/sys/kern/kern_time.c:123:1:time_wraps	8	static
/Users/sidqian/Downloads/summer/L2S/netbsd-src/sys/kern/kern_time.c:148:1:itimer_lock	4	dynamic,bounded
/Users/sidqian/Downloads/summer/L2S/netbsd-src/sys/kern/kern_time.c:159:1:itimer_unlock	4	dynamic,bounded
/Users/sidqian/Downloads/summer/L2S/netbsd-src/sys/kern/kern_time.c:171:1:itimer_lock_held	4	dynamic,bounded
/Users/sidqian/Downloads/summer/L2S/netbsd-src/sys/kern/kern_time.c:239:1:settime	8	static
/Users/sidqian/Downloads/summer/L2S/netbsd-src/sys/kern/kern_time.c:246:1:sys___clock_gettime50	44	dynamic,bounded
/Users/sidqian/Downloads/summer/L2S/netbsd-src/sys/kern/kern_time.c:265:1:sys___clock_settime50	52	dynamic,bounded
/Users/sidqian/Downloads/summer/L2S/netbsd-src/sys/kern/kern_time.c:283:1:clock_settime1	16	static
/Users/sidqian/Downloads/summer/L2S/netbsd-src/sys/kern/kern_time.c:306:1:sys___clock_getres50	60	dynamic,bounded
/Users/sidqian/Downloads/summer/L2S/netbsd-src/sys/kern/kern_time.c:326:1:clock_getres1	28	dynamic,bounded
/Users/sidqian/Downloads/summer/L2S/netbsd-src/sys/kern/kern_time.c:402:1:nanosleep1	128	dynamic,bounded
/Users/sidqian/Downloads/summer/L2S/netbsd-src/sys/kern/kern_time.c:347:1:sys___nanosleep50	72	dynamic,bounded
/Users/sidqian/Downloads/summer/L2S/netbsd-src/sys/kern/kern_time.c:372:1:sys_clock_nanosleep	72	dynamic,bounded
/Users/sidqian/Downloads/summer/L2S/netbsd-src/sys/kern/kern_time.c:465:1:sys_clock_getcpuclockid2	24	dynamic,bounded
/Users/sidqian/Downloads/summer/L2S/netbsd-src/sys/kern/kern_time.c:496:1:sys___gettimeofday50	56	dynamic,bounded
/Users/sidqian/Downloads/summer/L2S/netbsd-src/sys/kern/kern_time.c:528:1:sys___settimeofday50	64	dynamic,bounded
/Users/sidqian/Downloads/summer/L2S/netbsd-src/sys/kern/kern_time.c:540:1:settimeofday1	76	dynamic,bounded
/Users/sidqian/Downloads/summer/L2S/netbsd-src/sys/kern/kern_time.c:606:1:adjtime1	56	dynamic,bounded
/Users/sidqian/Downloads/summer/L2S/netbsd-src/sys/kern/kern_time.c:577:1:sys___adjtime50	96	dynamic,bounded
/Users/sidqian/Downloads/summer/L2S/netbsd-src/sys/kern/kern_time.c:674:1:itimer_init	28	dynamic,bounded
/Users/sidqian/Downloads/summer/L2S/netbsd-src/sys/kern/kern_time.c:708:1:itimer_poison	12	dynamic,bounded
/Users/sidqian/Downloads/summer/L2S/netbsd-src/sys/kern/kern_time.c:1036:1:ptimer_free	8	dynamic,bounded
/Users/sidqian/Downloads/summer/L2S/netbsd-src/sys/kern/kern_time.c:740:1:itimer_fini	8	dynamic,bounded
/Users/sidqian/Downloads/summer/L2S/netbsd-src/sys/kern/kern_time.c:907:1:itimer_settime	36	dynamic,bounded
/Users/sidqian/Downloads/summer/L2S/netbsd-src/sys/kern/kern_time.c:766:1:itimer_decr	16	dynamic,bounded
/Users/sidqian/Downloads/summer/L2S/netbsd-src/sys/kern/kern_time.c:1628:1:dosetitimer.part.0	92	dynamic,bounded
/Users/sidqian/Downloads/summer/L2S/netbsd-src/sys/kern/kern_time.c:975:1:itimer_gettime	60	dynamic,bounded
/Users/sidqian/Downloads/summer/L2S/netbsd-src/sys/kern/kern_time.c:1102:1:ptimers_free	44	dynamic,bounded
/Users/sidqian/Downloads/summer/L2S/netbsd-src/sys/kern/kern_time.c:1219:1:timer_create1	64	dynamic,bounded
/Users/sidqian/Downloads/summer/L2S/netbsd-src/sys/kern/kern_time.c:1205:1:sys_timer_create	20	dynamic,bounded
/Users/sidqian/Downloads/summer/L2S/netbsd-src/sys/kern/kern_time.c:1307:1:sys_timer_delete	36	dynamic,bounded
/Users/sidqian/Downloads/summer/L2S/netbsd-src/sys/kern/kern_time.c:1385:1:dotimer_settime	132	dynamic,bounded
/Users/sidqian/Downloads/summer/L2S/netbsd-src/sys/kern/kern_time.c:1354:1:sys___timer_settime50	104	dynamic,bounded
/Users/sidqian/Downloads/summer/L2S/netbsd-src/sys/kern/kern_time.c:1465:1:sys___timer_gettime50	80	dynamic,bounded
/Users/sidqian/Downloads/summer/L2S/netbsd-src/sys/kern/kern_time.c:1483:1:dotimer_gettime	16	dynamic,bounded
/Users/sidqian/Downloads/summer/L2S/netbsd-src/sys/kern/kern_time.c:1510:1:sys_timer_getoverrun	12	dynamic,bounded
/Users/sidqian/Downloads/summer/L2S/netbsd-src/sys/kern/kern_time.c:1547:1:sys___getitimer50	108	dynamic,bounded
/Users/sidqian/Downloads/summer/L2S/netbsd-src/sys/kern/kern_time.c:1566:1:dogetitimer	60	dynamic,bounded
/Users/sidqian/Downloads/summer/L2S/netbsd-src/sys/kern/kern_time.c:1596:1:sys___setitimer50	76	dynamic,bounded
/Users/sidqian/Downloads/summer/L2S/netbsd-src/sys/kern/kern_time.c:1628:1:dosetitimer	20	dynamic,bounded
/Users/sidqian/Downloads/summer/L2S/netbsd-src/sys/kern/kern_time.c:1747:1:ptimer_tick	20	dynamic,bounded
