/Users/sidqian/Downloads/summer/L2S/netbsd-src/sys/kern/kern_ksyms.c:958:1:ksyms_sizes_calc	8	static
/Users/sidqian/Downloads/summer/L2S/netbsd-src/sys/kern/kern_ksyms.c:990:1:ksyms_hdr_init	40	dynamic,bounded
/Users/sidqian/Downloads/summer/L2S/netbsd-src/sys/kern/kern_ksyms.c:303:1:addsymtab_compar	0	static
/Users/sidqian/Downloads/summer/L2S/netbsd-src/sys/kern/kern_ksyms.c:192:1:findsym	48	dynamic,bounded
/Users/sidqian/Downloads/summer/L2S/netbsd-src/sys/kern/kern_ksyms.c:1418:1:ksymsseek	40	dynamic,bounded
/Users/sidqian/Downloads/summer/L2S/netbsd-src/sys/kern/kern_ksyms.c:1390:1:ksymsmmap	24	dynamic,bounded
/Users/sidqian/Downloads/summer/L2S/netbsd-src/sys/kern/kern_ksyms.c:1367:1:ksymsstat	32	dynamic,bounded
/Users/sidqian/Downloads/summer/L2S/netbsd-src/sys/kern/kern_ksyms.c:1316:1:ksymsread	84	dynamic,bounded
/Users/sidqian/Downloads/summer/L2S/netbsd-src/sys/kern/kern_ksyms.c:329:1:addsymtab.constprop	76	dynamic,bounded
/Users/sidqian/Downloads/summer/L2S/netbsd-src/sys/kern/kern_ksyms.c:1199:1:ksymsopen	164	dynamic,bounded
/Users/sidqian/Downloads/summer/L2S/netbsd-src/sys/kern/kern_ksyms.c:1306:1:ksymsclose	24	dynamic,bounded
/Users/sidqian/Downloads/summer/L2S/netbsd-src/sys/kern/kern_ksyms.c:252:1:ksymsattach	0	static
/Users/sidqian/Downloads/summer/L2S/netbsd-src/sys/kern/kern_ksyms.c:258:1:ksyms_init	20	dynamic,bounded
/Users/sidqian/Downloads/summer/L2S/netbsd-src/sys/kern/kern_ksyms.c:281:1:ksyms_available	0	static
/Users/sidqian/Downloads/summer/L2S/netbsd-src/sys/kern/kern_ksyms.c:499:1:ksyms_addsyms_elf	56	dynamic,bounded
/Users/sidqian/Downloads/summer/L2S/netbsd-src/sys/kern/kern_ksyms.c:608:1:ksyms_addsyms_explicit	44	dynamic,bounded
/Users/sidqian/Downloads/summer/L2S/netbsd-src/sys/kern/kern_ksyms.c:634:1:ksyms_getval_unlocked	48	dynamic,bounded
/Users/sidqian/Downloads/summer/L2S/netbsd-src/sys/kern/kern_ksyms.c:1466:1:ksymsioctl	84	dynamic,bounded
/Users/sidqian/Downloads/summer/L2S/netbsd-src/sys/kern/kern_ksyms.c:664:1:ksyms_getval	20	dynamic,bounded
/Users/sidqian/Downloads/summer/L2S/netbsd-src/sys/kern/kern_ksyms.c:681:1:ksyms_get_mod	32	dynamic,bounded
/Users/sidqian/Downloads/summer/L2S/netbsd-src/sys/kern/kern_ksyms.c:708:1:ksyms_mod_foreach	64	dynamic,bounded
/Users/sidqian/Downloads/summer/L2S/netbsd-src/sys/kern/kern_ksyms.c:754:1:ksyms_getname	36	static
/Users/sidqian/Downloads/summer/L2S/netbsd-src/sys/kern/kern_ksyms.c:808:1:ksyms_modload	88	dynamic,bounded
/Users/sidqian/Downloads/summer/L2S/netbsd-src/sys/kern/kern_ksyms.c:833:1:ksyms_modunload	52	dynamic,bounded
/Users/sidqian/Downloads/summer/L2S/netbsd-src/sys/kern/kern_ksyms.c:896:1:ksyms_sift	52	dynamic,bounded
