/Users/sidqian/Downloads/summer/L2S/netbsd-src/sys/arch/luna68k/dev/lunafb.c:297:1:omfbmmap	16	static
/Users/sidqian/Downloads/summer/L2S/netbsd-src/sys/arch/luna68k/dev/lunafb.c:394:1:omfb_resetcmap	8	static
/Users/sidqian/Downloads/summer/L2S/netbsd-src/sys/arch/luna68k/dev/lunafb.c:528:1:omfb_alloc_screen	24	dynamic,bounded
/Users/sidqian/Downloads/summer/L2S/netbsd-src/sys/arch/luna68k/dev/lunafb.c:557:1:omfb_show_screen	0	static
/Users/sidqian/Downloads/summer/L2S/netbsd-src/sys/arch/luna68k/dev/lunafb.c:546:1:omfb_free_screen	4	dynamic,bounded
/Users/sidqian/Downloads/summer/L2S/netbsd-src/sys/arch/luna68k/dev/lunafb.c:348:1:omsetcmap	840	dynamic,bounded
/Users/sidqian/Downloads/summer/L2S/netbsd-src/sys/arch/luna68k/dev/lunafb.c:241:1:omfbioctl	36	dynamic,bounded
/Users/sidqian/Downloads/summer/L2S/netbsd-src/sys/arch/luna68k/dev/lunafb.c:182:1:omfbmatch	8	dynamic,bounded
/Users/sidqian/Downloads/summer/L2S/netbsd-src/sys/arch/luna68k/dev/lunafb.c:459:1:omfb_getdevconfig.constprop	24	dynamic,bounded
/Users/sidqian/Downloads/summer/L2S/netbsd-src/sys/arch/luna68k/dev/lunafb.c:199:1:omfbattach	56	dynamic,bounded
/Users/sidqian/Downloads/summer/L2S/netbsd-src/sys/arch/luna68k/dev/lunafb.c:227:1:omfb_cnattach	48	dynamic,bounded
