/Users/sidqian/Downloads/summer/L2S/netbsd-src/sys/dev/ic/mb89352.c:213:1:spc_find	20	dynamic,bounded
/Users/sidqian/Downloads/summer/L2S/netbsd-src/sys/dev/ic/mb89352.c:313:1:spc_childdet	4	dynamic,bounded
/Users/sidqian/Downloads/summer/L2S/netbsd-src/sys/dev/ic/mb89352.c:322:1:spc_detach	0	static
/Users/sidqian/Downloads/summer/L2S/netbsd-src/sys/dev/ic/mb89352.c:340:1:spc_reset	12	dynamic,bounded
/Users/sidqian/Downloads/summer/L2S/netbsd-src/sys/dev/ic/mb89352.c:371:1:spc_scsi_reset	8	dynamic,bounded
/Users/sidqian/Downloads/summer/L2S/netbsd-src/sys/dev/ic/mb89352.c:455:1:spc_free_acb	8	static
/Users/sidqian/Downloads/summer/L2S/netbsd-src/sys/dev/ic/mb89352.c:468:1:spc_get_acb	4	static
/Users/sidqian/Downloads/summer/L2S/netbsd-src/sys/dev/ic/mb89352.c:667:1:spc_select	12	static
/Users/sidqian/Downloads/summer/L2S/netbsd-src/sys/dev/ic/mb89352.c:707:1:spc_reselect	32	dynamic,bounded
/Users/sidqian/Downloads/summer/L2S/netbsd-src/sys/dev/ic/mb89352.c:786:1:spc_sched	16	dynamic,bounded
/Users/sidqian/Downloads/summer/L2S/netbsd-src/sys/dev/ic/mb89352.c:885:1:spc_dequeue	0	static
/Users/sidqian/Downloads/summer/L2S/netbsd-src/sys/dev/ic/mb89352.c:823:1:spc_done	28	dynamic,bounded
/Users/sidqian/Downloads/summer/L2S/netbsd-src/sys/dev/ic/mb89352.c:389:1:spc_init	28	dynamic,bounded
/Users/sidqian/Downloads/summer/L2S/netbsd-src/sys/dev/ic/mb89352.c:253:1:spc_attach	32	dynamic,bounded
/Users/sidqian/Downloads/summer/L2S/netbsd-src/sys/dev/ic/mb89352.c:905:1:spc_msgin	60	dynamic,bounded
/Users/sidqian/Downloads/summer/L2S/netbsd-src/sys/dev/ic/mb89352.c:1231:1:spc_msgout	60	dynamic,bounded
/Users/sidqian/Downloads/summer/L2S/netbsd-src/sys/dev/ic/mb89352.c:1447:1:spc_dataout_pio	44	dynamic,bounded
/Users/sidqian/Downloads/summer/L2S/netbsd-src/sys/dev/ic/mb89352.c:1556:1:spc_datain_pio	32	dynamic,bounded
/Users/sidqian/Downloads/summer/L2S/netbsd-src/sys/dev/ic/mb89352.c:1638:1:spc_intr	64	dynamic,bounded
/Users/sidqian/Downloads/summer/L2S/netbsd-src/sys/dev/ic/mb89352.c:607:1:spc_poll	28	dynamic,bounded
/Users/sidqian/Downloads/summer/L2S/netbsd-src/sys/dev/ic/mb89352.c:2046:1:spc_abort	16	dynamic,bounded
/Users/sidqian/Downloads/summer/L2S/netbsd-src/sys/dev/ic/mb89352.c:2069:1:spc_timeout	28	dynamic,bounded
/Users/sidqian/Downloads/summer/L2S/netbsd-src/sys/dev/ic/mb89352.c:509:1:spc_scsipi_request	48	dynamic,bounded
