/Users/sidqian/Downloads/summer/L2S/netbsd-src/sys/secmodel/securelevel/secmodel_securelevel.c:187:1:securelevel_eval	8	dynamic,bounded
/Users/sidqian/Downloads/summer/L2S/netbsd-src/sys/secmodel/securelevel/secmodel_securelevel.c:73:1:secmodel_securelevel_sysctl	168	dynamic,bounded
/Users/sidqian/Downloads/summer/L2S/netbsd-src/sys/secmodel/securelevel/secmodel_securelevel.c:93:1:sysctl_security_securelevel_setup	96	dynamic,bounded
/Users/sidqian/Downloads/summer/L2S/netbsd-src/sys/secmodel/securelevel/secmodel_securelevel.c:251:1:secmodel_securelevel_system_cb	16	dynamic,bounded
/Users/sidqian/Downloads/summer/L2S/netbsd-src/sys/secmodel/securelevel/secmodel_securelevel.c:507:1:secmodel_securelevel_device_cb	16	dynamic,bounded
/Users/sidqian/Downloads/summer/L2S/netbsd-src/sys/secmodel/securelevel/secmodel_securelevel.c:361:1:secmodel_securelevel_process_cb	8	static
/Users/sidqian/Downloads/summer/L2S/netbsd-src/sys/secmodel/securelevel/secmodel_securelevel.c:462:1:secmodel_securelevel_machdep_cb	8	static
/Users/sidqian/Downloads/summer/L2S/netbsd-src/sys/secmodel/securelevel/secmodel_securelevel.c:607:1:secmodel_securelevel_vnode_cb	8	static
/Users/sidqian/Downloads/summer/L2S/netbsd-src/sys/secmodel/securelevel/secmodel_securelevel.c:419:1:secmodel_securelevel_network_cb	8	static
/Users/sidqian/Downloads/summer/L2S/netbsd-src/sys/secmodel/securelevel/secmodel_securelevel.c:149:1:secmodel_securelevel_init	0	static
/Users/sidqian/Downloads/summer/L2S/netbsd-src/sys/secmodel/securelevel/secmodel_securelevel.c:159:1:secmodel_securelevel_start	40	dynamic,bounded
/Users/sidqian/Downloads/summer/L2S/netbsd-src/sys/secmodel/securelevel/secmodel_securelevel.c:176:1:secmodel_securelevel_stop	28	dynamic,bounded
/Users/sidqian/Downloads/summer/L2S/netbsd-src/sys/secmodel/securelevel/secmodel_securelevel.c:204:1:securelevel_modcmd	28	dynamic,bounded
