/Users/sidqian/Downloads/summer/L2S/netbsd-src/sys/arch/luna68k/dev/siotty.c:158:1:siotty_match	0	static
/Users/sidqian/Downloads/summer/L2S/netbsd-src/sys/arch/luna68k/dev/siotty.c:385:1:siostop	8	static
/Users/sidqian/Downloads/summer/L2S/netbsd-src/sys/arch/luna68k/dev/siotty.c:461:1:siomctl	12	static
/Users/sidqian/Downloads/summer/L2S/netbsd-src/sys/arch/luna68k/dev/siotty.c:168:1:siotty_attach	32	dynamic,bounded
/Users/sidqian/Downloads/summer/L2S/netbsd-src/sys/arch/luna68k/dev/siotty.c:284:1:siottysoft	36	dynamic,bounded
/Users/sidqian/Downloads/summer/L2S/netbsd-src/sys/arch/luna68k/dev/siotty.c:610:1:siopoll	20	dynamic,bounded
/Users/sidqian/Downloads/summer/L2S/netbsd-src/sys/arch/luna68k/dev/siotty.c:677:1:siotty	12	dynamic,bounded
/Users/sidqian/Downloads/summer/L2S/netbsd-src/sys/arch/luna68k/dev/siotty.c:599:1:siowrite	20	dynamic,bounded
/Users/sidqian/Downloads/summer/L2S/netbsd-src/sys/arch/luna68k/dev/siotty.c:588:1:sioread	20	dynamic,bounded
/Users/sidqian/Downloads/summer/L2S/netbsd-src/sys/arch/luna68k/dev/siotty.c:400:1:sioparam	32	dynamic,bounded
/Users/sidqian/Downloads/summer/L2S/netbsd-src/sys/arch/luna68k/dev/siotty.c:355:1:siostart	24	dynamic,bounded
/Users/sidqian/Downloads/summer/L2S/netbsd-src/sys/arch/luna68k/dev/siotty.c:224:1:siottyintr	44	static
/Users/sidqian/Downloads/summer/L2S/netbsd-src/sys/arch/luna68k/dev/siotty.c:621:1:sioioctl	48	dynamic,bounded
/Users/sidqian/Downloads/summer/L2S/netbsd-src/sys/arch/luna68k/dev/siotty.c:565:1:sioclose	32	dynamic,bounded
/Users/sidqian/Downloads/summer/L2S/netbsd-src/sys/arch/luna68k/dev/siotty.c:510:1:sioopen	92	dynamic,bounded
/Users/sidqian/Downloads/summer/L2S/netbsd-src/sys/arch/luna68k/dev/siotty.c:701:1:siottycninit	12	dynamic,bounded
/Users/sidqian/Downloads/summer/L2S/netbsd-src/sys/arch/luna68k/dev/siotty.c:738:1:siottycnputc	4	static
/Users/sidqian/Downloads/summer/L2S/netbsd-src/sys/arch/luna68k/dev/siotty.c:729:1:siottycngetc	4	static
