/Users/sidqian/Downloads/summer/L2S/netbsd-src/sys/kern/tty.c:1623:1:filt_ttywrite	16	dynamic,bounded
/Users/sidqian/Downloads/summer/L2S/netbsd-src/sys/kern/tty.c:1833:1:ttrstrt	8	dynamic,bounded
/Users/sidqian/Downloads/summer/L2S/netbsd-src/sys/kern/tty.c:233:1:tty_get_qsize	4	static
/Users/sidqian/Downloads/summer/L2S/netbsd-src/sys/kern/tty.c:1612:1:filt_ttywdetach	20	dynamic,bounded
/Users/sidqian/Downloads/summer/L2S/netbsd-src/sys/kern/tty.c:1585:1:filt_ttyrdetach	20	dynamic,bounded
/Users/sidqian/Downloads/summer/L2S/netbsd-src/sys/kern/tty.c:288:1:sysctl_kern_tty_qsize	164	dynamic,bounded
/Users/sidqian/Downloads/summer/L2S/netbsd-src/sys/kern/tty.c:3035:1:tty_listener_cb	8	static
/Users/sidqian/Downloads/summer/L2S/netbsd-src/sys/kern/tty.c:3024:1:ttyprintf_nolock.constprop	20	dynamic,bounded
/Users/sidqian/Downloads/summer/L2S/netbsd-src/sys/kern/tty.c:1709:1:ttywait_timo	40	dynamic,bounded
/Users/sidqian/Downloads/summer/L2S/netbsd-src/sys/kern/tty.c:364:1:ttylock	0	static
/Users/sidqian/Downloads/summer/L2S/netbsd-src/sys/kern/tty.c:371:1:ttyunlock	0	static
/Users/sidqian/Downloads/summer/L2S/netbsd-src/sys/kern/tty.c:378:1:ttylocked	4	dynamic,bounded
/Users/sidqian/Downloads/summer/L2S/netbsd-src/sys/kern/tty.c:385:1:ttyopen	32	dynamic,bounded
/Users/sidqian/Downloads/summer/L2S/netbsd-src/sys/kern/tty.c:461:1:ttycancel	20	dynamic,bounded
/Users/sidqian/Downloads/summer/L2S/netbsd-src/sys/kern/tty.c:537:1:tty_acquire	0	static
/Users/sidqian/Downloads/summer/L2S/netbsd-src/sys/kern/tty.c:546:1:tty_release	32	dynamic,bounded
/Users/sidqian/Downloads/summer/L2S/netbsd-src/sys/kern/tty.c:938:1:ttyoutput	40	dynamic,bounded
/Users/sidqian/Downloads/summer/L2S/netbsd-src/sys/kern/tty.c:2566:1:ttyecho	16	dynamic,bounded
/Users/sidqian/Downloads/summer/L2S/netbsd-src/sys/kern/tty.c:1653:1:ttykqfilter	32	dynamic,bounded
/Users/sidqian/Downloads/summer/L2S/netbsd-src/sys/kern/tty.c:1734:1:ttywait	8	dynamic,bounded
/Users/sidqian/Downloads/summer/L2S/netbsd-src/sys/kern/tty.c:1761:1:ttyflush	24	dynamic,bounded
/Users/sidqian/Downloads/summer/L2S/netbsd-src/sys/kern/tty.c:477:1:ttyclose	40	dynamic,bounded
/Users/sidqian/Downloads/summer/L2S/netbsd-src/sys/kern/tty.c:1743:1:ttywflush	24	dynamic,bounded
/Users/sidqian/Downloads/summer/L2S/netbsd-src/sys/kern/tty.c:1787:1:ttychars	12	dynamic,bounded
/Users/sidqian/Downloads/summer/L2S/netbsd-src/sys/kern/tty.c:1855:1:ttstart	4	dynamic,bounded
/Users/sidqian/Downloads/summer/L2S/netbsd-src/sys/kern/tty.c:1867:1:ttylclose	16	dynamic,bounded
/Users/sidqian/Downloads/summer/L2S/netbsd-src/sys/kern/tty.c:1921:1:nullmodem	8	dynamic,bounded
/Users/sidqian/Downloads/summer/L2S/netbsd-src/sys/kern/tty.c:2213:1:ttycheckoutq	8	dynamic,bounded
/Users/sidqian/Downloads/summer/L2S/netbsd-src/sys/kern/tty.c:2422:1:ttypull	20	dynamic,bounded
/Users/sidqian/Downloads/summer/L2S/netbsd-src/sys/kern/tty.c:2538:1:ttyretype	56	dynamic,bounded
/Users/sidqian/Downloads/summer/L2S/netbsd-src/sys/kern/tty.c:2440:1:ttyrub	64	dynamic,bounded
/Users/sidqian/Downloads/summer/L2S/netbsd-src/sys/kern/tty.c:2595:1:ttwakeup	16	dynamic,bounded
/Users/sidqian/Downloads/summer/L2S/netbsd-src/sys/kern/tty.c:1885:1:ttymodem	16	dynamic,bounded
/Users/sidqian/Downloads/summer/L2S/netbsd-src/sys/kern/tty.c:2611:1:ttspeedtab	4	static
/Users/sidqian/Downloads/summer/L2S/netbsd-src/sys/kern/tty.c:2627:1:ttsetwater	8	static
/Users/sidqian/Downloads/summer/L2S/netbsd-src/sys/kern/tty.c:248:1:tty_set_qsize	224	dynamic,bounded
/Users/sidqian/Downloads/summer/L2S/netbsd-src/sys/kern/tty.c:440:1:ttylopen	20	dynamic,bounded
/Users/sidqian/Downloads/summer/L2S/netbsd-src/sys/kern/tty.c:2648:1:ttygetinfo	244	dynamic,bounded
/Users/sidqian/Downloads/summer/L2S/netbsd-src/sys/kern/tty.c:2797:1:ttyputinfo	16	dynamic,bounded
/Users/sidqian/Downloads/summer/L2S/netbsd-src/sys/kern/tty.c:3112:1:ttysigintr	272	dynamic,bounded
/Users/sidqian/Downloads/summer/L2S/netbsd-src/sys/kern/tty.c:2831:1:tputchar	28	dynamic,bounded
/Users/sidqian/Downloads/summer/L2S/netbsd-src/sys/kern/tty.c:2861:1:ttysleep	24	dynamic,bounded
/Users/sidqian/Downloads/summer/L2S/netbsd-src/sys/kern/tty.c:2228:1:ttwrite	172	dynamic,bounded
/Users/sidqian/Downloads/summer/L2S/netbsd-src/sys/kern/tty.c:2883:1:ttypause	24	dynamic,bounded
/Users/sidqian/Downloads/summer/L2S/netbsd-src/sys/kern/tty.c:2906:1:tty_attach	8	dynamic,bounded
/Users/sidqian/Downloads/summer/L2S/netbsd-src/sys/kern/tty.c:2919:1:tty_detach	8	dynamic,bounded
/Users/sidqian/Downloads/summer/L2S/netbsd-src/sys/kern/tty.c:2936:1:tty_alloc	52	dynamic,bounded
/Users/sidqian/Downloads/summer/L2S/netbsd-src/sys/kern/tty.c:2974:1:tty_free	40	dynamic,bounded
/Users/sidqian/Downloads/summer/L2S/netbsd-src/sys/kern/tty.c:3011:1:tty_unit	4	static
/Users/sidqian/Downloads/summer/L2S/netbsd-src/sys/kern/tty.c:3068:1:tty_init	112	dynamic,bounded
/Users/sidqian/Downloads/summer/L2S/netbsd-src/sys/kern/tty.c:3089:1:ttysig	8	static
/Users/sidqian/Downloads/summer/L2S/netbsd-src/sys/kern/tty.c:584:1:ttyinput_wlock	60	dynamic,bounded
/Users/sidqian/Downloads/summer/L2S/netbsd-src/sys/kern/tty.c:912:1:ttyinput	24	dynamic,bounded
/Users/sidqian/Downloads/summer/L2S/netbsd-src/sys/kern/tty.c:1944:1:ttypend	52	dynamic,bounded
/Users/sidqian/Downloads/summer/L2S/netbsd-src/sys/kern/tty.c:1032:1:ttioctl	304	dynamic,bounded
/Users/sidqian/Downloads/summer/L2S/netbsd-src/sys/kern/tty.c:1965:1:ttread	144	dynamic,bounded
/Users/sidqian/Downloads/summer/L2S/netbsd-src/sys/kern/tty.c:1596:1:filt_ttyread	28	dynamic,bounded
/Users/sidqian/Downloads/summer/L2S/netbsd-src/sys/kern/tty.c:1553:1:ttpoll	28	dynamic,bounded
/Users/sidqian/Downloads/summer/L2S/netbsd-src/sys/kern/tty.c:3177:1:tty_getctrlchar	0	static
/Users/sidqian/Downloads/summer/L2S/netbsd-src/sys/kern/tty.c:3184:1:tty_setctrlchar	0	static
/Users/sidqian/Downloads/summer/L2S/netbsd-src/sys/kern/tty.c:3191:1:tty_try_xonxoff	20	dynamic,bounded
