/Users/sidqian/Downloads/summer/L2S/netbsd-src/sys/uvm/uvm_map.c:329:1:uvm_map_compare_nodes	0	static
/Users/sidqian/Downloads/summer/L2S/netbsd-src/sys/uvm/uvm_map.c:345:1:uvm_map_compare_key	0	static
/Users/sidqian/Downloads/summer/L2S/netbsd-src/sys/uvm/uvm_map.c:692:1:vm_map_unlock	0	static
/Users/sidqian/Downloads/summer/L2S/netbsd-src/sys/uvm/uvm_map.c:706:1:vm_map_unbusy	16	dynamic,bounded
/Users/sidqian/Downloads/summer/L2S/netbsd-src/sys/uvm/uvm_map.c:947:1:uvm_mapent_splitadj	32	dynamic,bounded
/Users/sidqian/Downloads/summer/L2S/netbsd-src/sys/uvm/uvm_map.c:5423:1:sysctl_uvmmap_setup	80	dynamic,bounded
/Users/sidqian/Downloads/summer/L2S/netbsd-src/sys/uvm/uvm_map.c:5225:1:sysctl_user_va0_disable	172	dynamic,bounded
/Users/sidqian/Downloads/summer/L2S/netbsd-src/sys/uvm/uvm_map.c:740:1:vm_map_unlock_read	0	static
/Users/sidqian/Downloads/summer/L2S/netbsd-src/sys/uvm/uvm_map.c:1722:1:uvm_map_space_avail.constprop	8	static
/Users/sidqian/Downloads/summer/L2S/netbsd-src/sys/uvm/uvm_map.c:398:1:uvm_rb_fixup	12	static
/Users/sidqian/Downloads/summer/L2S/netbsd-src/sys/uvm/uvm_map.c:433:1:uvm_rb_insert	16	dynamic,bounded
/Users/sidqian/Downloads/summer/L2S/netbsd-src/sys/uvm/uvm_map.c:456:1:uvm_rb_remove	32	dynamic,bounded
/Users/sidqian/Downloads/summer/L2S/netbsd-src/sys/uvm/uvm_map.c:4370:1:uvm_mapent_clone	28	dynamic,bounded
/Users/sidqian/Downloads/summer/L2S/netbsd-src/sys/uvm/uvm_map.c:524:1:_uvm_map_sanity	28	dynamic,bounded
/Users/sidqian/Downloads/summer/L2S/netbsd-src/sys/uvm/uvm_map.c:561:1:_uvm_tree_sanity	52	dynamic,bounded
/Users/sidqian/Downloads/summer/L2S/netbsd-src/sys/uvm/uvm_map.c:650:1:vm_map_lock	44	dynamic,bounded
/Users/sidqian/Downloads/summer/L2S/netbsd-src/sys/uvm/uvm_map.c:673:1:vm_map_lock_try	16	dynamic,bounded
/Users/sidqian/Downloads/summer/L2S/netbsd-src/sys/uvm/uvm_map.c:729:1:vm_map_lock_read	8	dynamic,bounded
/Users/sidqian/Downloads/summer/L2S/netbsd-src/sys/uvm/uvm_map.c:753:1:vm_map_busy	0	static
/Users/sidqian/Downloads/summer/L2S/netbsd-src/sys/uvm/uvm_map.c:770:1:vm_map_locked_p	4	dynamic,bounded
/Users/sidqian/Downloads/summer/L2S/netbsd-src/sys/uvm/uvm_map.c:902:1:uvm_map_init	12	dynamic,bounded
/Users/sidqian/Downloads/summer/L2S/netbsd-src/sys/uvm/uvm_map.c:925:1:uvm_map_init_caches	48	dynamic,bounded
/Users/sidqian/Downloads/summer/L2S/netbsd-src/sys/uvm/uvm_map.c:984:1:uvm_map_clip_start	40	dynamic,bounded
/Users/sidqian/Downloads/summer/L2S/netbsd-src/sys/uvm/uvm_map.c:1017:1:uvm_map_clip_end	40	dynamic,bounded
/Users/sidqian/Downloads/summer/L2S/netbsd-src/sys/uvm/uvm_map.c:1664:1:uvm_map_lookup_entry	8	static
/Users/sidqian/Downloads/summer/L2S/netbsd-src/sys/uvm/uvm_map.c:2528:1:uvm_map_replace	36	dynamic,bounded
/Users/sidqian/Downloads/summer/L2S/netbsd-src/sys/uvm/uvm_map.c:1818:1:uvm_map_findspace	72	dynamic,bounded
/Users/sidqian/Downloads/summer/L2S/netbsd-src/sys/uvm/uvm_map.c:1115:1:uvm_map_prepare	88	dynamic,bounded
/Users/sidqian/Downloads/summer/L2S/netbsd-src/sys/uvm/uvm_map.c:2248:1:uvm_unmap_remove	60	dynamic,bounded
/Users/sidqian/Downloads/summer/L2S/netbsd-src/sys/uvm/uvm_map.c:2436:1:uvm_unmap_detach	36	dynamic,bounded
/Users/sidqian/Downloads/summer/L2S/netbsd-src/sys/uvm/uvm_map.c:1270:1:uvm_map_enter	132	dynamic,bounded
/Users/sidqian/Downloads/summer/L2S/netbsd-src/sys/uvm/uvm_map.c:1065:1:uvm_map	116	dynamic,bounded
/Users/sidqian/Downloads/summer/L2S/netbsd-src/sys/uvm/uvm_map.c:2489:1:uvm_map_reserve	44	dynamic,bounded
/Users/sidqian/Downloads/summer/L2S/netbsd-src/sys/uvm/uvm_map.c:2668:1:uvm_map_extract	152	dynamic,bounded
/Users/sidqian/Downloads/summer/L2S/netbsd-src/sys/uvm/uvm_map.c:3029:1:uvm_map_submap	28	dynamic,bounded
/Users/sidqian/Downloads/summer/L2S/netbsd-src/sys/uvm/uvm_map.c:3252:1:uvm_map_inherit	40	dynamic,bounded
/Users/sidqian/Downloads/summer/L2S/netbsd-src/sys/uvm/uvm_map.c:3296:1:uvm_map_advice	40	dynamic,bounded
/Users/sidqian/Downloads/summer/L2S/netbsd-src/sys/uvm/uvm_map.c:3345:1:uvm_map_willneed	92	dynamic,bounded
/Users/sidqian/Downloads/summer/L2S/netbsd-src/sys/uvm/uvm_map.c:3407:1:uvm_map_pageable	64	dynamic,bounded
/Users/sidqian/Downloads/summer/L2S/netbsd-src/sys/uvm/uvm_map.c:3091:1:uvm_map_protect	64	dynamic,bounded
/Users/sidqian/Downloads/summer/L2S/netbsd-src/sys/uvm/uvm_map.c:3067:1:uvm_map_protect_user	20	dynamic,bounded
/Users/sidqian/Downloads/summer/L2S/netbsd-src/sys/uvm/uvm_map.c:3663:1:uvm_map_pageable_all	56	dynamic,bounded
/Users/sidqian/Downloads/summer/L2S/netbsd-src/sys/uvm/uvm_map.c:3894:1:uvm_map_clean	108	dynamic,bounded
/Users/sidqian/Downloads/summer/L2S/netbsd-src/sys/uvm/uvm_map.c:4061:1:uvm_map_checkprot	32	dynamic,bounded
/Users/sidqian/Downloads/summer/L2S/netbsd-src/sys/uvm/uvm_map.c:4105:1:uvmspace_alloc	40	dynamic,bounded
/Users/sidqian/Downloads/summer/L2S/netbsd-src/sys/uvm/uvm_map.c:4123:1:uvmspace_init	44	dynamic,bounded
/Users/sidqian/Downloads/summer/L2S/netbsd-src/sys/uvm/uvm_map.c:4151:1:uvmspace_share	8	dynamic,bounded
/Users/sidqian/Downloads/summer/L2S/netbsd-src/sys/uvm/uvm_map.c:4196:1:uvmspace_spawn	28	dynamic,bounded
/Users/sidqian/Downloads/summer/L2S/netbsd-src/sys/uvm/uvm_map.c:4313:1:uvmspace_addref	0	static
/Users/sidqian/Downloads/summer/L2S/netbsd-src/sys/uvm/uvm_map.c:4326:1:uvmspace_free	36	dynamic,bounded
/Users/sidqian/Downloads/summer/L2S/netbsd-src/sys/uvm/uvm_map.c:5400:1:sysctl_vmproc	280	dynamic,bounded
/Users/sidqian/Downloads/summer/L2S/netbsd-src/sys/uvm/uvm_map.c:4217:1:uvmspace_exec	60	dynamic,bounded
/Users/sidqian/Downloads/summer/L2S/netbsd-src/sys/uvm/uvm_map.c:4578:1:uvmspace_fork	72	dynamic,bounded
/Users/sidqian/Downloads/summer/L2S/netbsd-src/sys/uvm/uvm_map.c:4660:1:uvm_mapent_trymerge	68	dynamic,bounded
/Users/sidqian/Downloads/summer/L2S/netbsd-src/sys/uvm/uvm_map.c:4772:1:uvm_map_setup	36	dynamic,bounded
/Users/sidqian/Downloads/summer/L2S/netbsd-src/sys/uvm/uvm_map.c:4806:1:uvm_unmap1	36	dynamic,bounded
/Users/sidqian/Downloads/summer/L2S/netbsd-src/sys/uvm/uvm_map.c:4842:1:uvm_map_reference	0	static
/Users/sidqian/Downloads/summer/L2S/netbsd-src/sys/uvm/uvm_map.c:4849:1:uvm_map_lock_entry	16	dynamic,bounded
/Users/sidqian/Downloads/summer/L2S/netbsd-src/sys/uvm/uvm_map.c:4861:1:uvm_map_unlock_entry	8	dynamic,bounded
/Users/sidqian/Downloads/summer/L2S/netbsd-src/sys/uvm/uvm_map.c:4906:1:uvm_voaddr_acquire	80	dynamic,bounded
/Users/sidqian/Downloads/summer/L2S/netbsd-src/sys/uvm/uvm_map.c:5090:1:uvm_voaddr_release	24	dynamic,bounded
/Users/sidqian/Downloads/summer/L2S/netbsd-src/sys/uvm/uvm_map.c:5128:1:uvm_voaddr_compare	16	static
/Users/sidqian/Downloads/summer/L2S/netbsd-src/sys/uvm/uvm_map.c:5168:1:uvm_map_printit	80	dynamic,bounded
/Users/sidqian/Downloads/summer/L2S/netbsd-src/sys/uvm/uvm_map.c:5201:1:uvm_whatis	32	dynamic,bounded
