/Users/sidqian/Downloads/summer/L2S/netbsd-src/sys/kern/vfs_wapbl.c:2024:1:wapbl_jlock_assert	0	static
/Users/sidqian/Downloads/summer/L2S/netbsd-src/sys/kern/vfs_wapbl.c:2374:1:wapbl_transaction_len	8	static
/Users/sidqian/Downloads/summer/L2S/netbsd-src/sys/kern/vfs_wapbl.c:3073:1:wapbl_replay_isopen1	0	static
/Users/sidqian/Downloads/summer/L2S/netbsd-src/sys/kern/vfs_wapbl.c:320:1:wapbl_sysctl_init	88	dynamic,bounded
/Users/sidqian/Downloads/summer/L2S/netbsd-src/sys/kern/vfs_wapbl.c:894:1:wapbl_doio_accounting	16	dynamic,bounded
/Users/sidqian/Downloads/summer/L2S/netbsd-src/sys/kern/vfs_wapbl.c:1278:1:wapbl_add_buf	16	dynamic,bounded
/Users/sidqian/Downloads/summer/L2S/netbsd-src/sys/kern/vfs_wapbl.c:2829:1:wapbl_blkhash_clear	28	dynamic,bounded
/Users/sidqian/Downloads/summer/L2S/netbsd-src/sys/kern/vfs_wapbl.c:988:1:wapbl_buffered_write_async	20	dynamic,bounded
/Users/sidqian/Downloads/summer/L2S/netbsd-src/sys/kern/vfs_wapbl.c:1014:1:wapbl_buffered_flush	36	dynamic,bounded
/Users/sidqian/Downloads/summer/L2S/netbsd-src/sys/kern/vfs_wapbl.c:1064:1:wapbl_buffered_write	72	dynamic,bounded
/Users/sidqian/Downloads/summer/L2S/netbsd-src/sys/kern/vfs_wapbl.c:1146:1:wapbl_circ_write	92	dynamic,bounded
/Users/sidqian/Downloads/summer/L2S/netbsd-src/sys/kern/vfs_wapbl.c:2691:1:wapbl_write_inodes	72	dynamic,bounded
/Users/sidqian/Downloads/summer/L2S/netbsd-src/sys/kern/vfs_wapbl.c:1249:1:wapbl_end	16	dynamic,bounded
/Users/sidqian/Downloads/summer/L2S/netbsd-src/sys/kern/vfs_wapbl.c:910:1:wapbl_doio	56	dynamic,bounded
/Users/sidqian/Downloads/summer/L2S/netbsd-src/sys/kern/vfs_wapbl.c:2859:1:wapbl_circ_read	84	dynamic,bounded
/Users/sidqian/Downloads/summer/L2S/netbsd-src/sys/kern/vfs_wapbl.c:1609:1:wapbl_biodone	40	dynamic,bounded
/Users/sidqian/Downloads/summer/L2S/netbsd-src/sys/kern/vfs_wapbl.c:1370:1:wapbl_resize_buf	24	dynamic,bounded
/Users/sidqian/Downloads/summer/L2S/netbsd-src/sys/kern/vfs_wapbl.c:3432:1:wapbl_modcmd	36	dynamic,bounded
/Users/sidqian/Downloads/summer/L2S/netbsd-src/sys/kern/vfs_wapbl.c:3403:1:wapbl_replay_read	64	dynamic,bounded
/Users/sidqian/Downloads/summer/L2S/netbsd-src/sys/kern/vfs_wapbl.c:2397:1:wapbl_cache_sync.isra	108	dynamic,bounded
/Users/sidqian/Downloads/summer/L2S/netbsd-src/sys/kern/vfs_wapbl.c:2453:1:wapbl_write_commit	100	dynamic,bounded
/Users/sidqian/Downloads/summer/L2S/netbsd-src/sys/kern/vfs_wapbl.c:2031:1:wapbl_junlock_assert	0	static
/Users/sidqian/Downloads/summer/L2S/netbsd-src/sys/kern/vfs_wapbl.c:1521:1:wapbl_truncate	108	dynamic,bounded
/Users/sidqian/Downloads/summer/L2S/netbsd-src/sys/kern/vfs_wapbl.c:1361:1:wapbl_remove_buf	16	dynamic,bounded
/Users/sidqian/Downloads/summer/L2S/netbsd-src/sys/kern/vfs_wapbl.c:3386:1:wapbl_replay_can_read	16	static
/Users/sidqian/Downloads/summer/L2S/netbsd-src/sys/kern/vfs_wapbl.c:697:1:wapbl_discard	60	dynamic,bounded
/Users/sidqian/Downloads/summer/L2S/netbsd-src/sys/kern/vfs_wapbl.c:957:1:wapbl_write	32	dynamic,bounded
/Users/sidqian/Downloads/summer/L2S/netbsd-src/sys/kern/vfs_wapbl.c:970:1:wapbl_read	32	dynamic,bounded
/Users/sidqian/Downloads/summer/L2S/netbsd-src/sys/kern/vfs_wapbl.c:1751:1:wapbl_flush	208	dynamic,bounded
/Users/sidqian/Downloads/summer/L2S/netbsd-src/sys/kern/vfs_wapbl.c:834:1:wapbl_stop	44	dynamic,bounded
/Users/sidqian/Downloads/summer/L2S/netbsd-src/sys/kern/vfs_wapbl.c:1193:1:wapbl_begin	36	dynamic,bounded
/Users/sidqian/Downloads/summer/L2S/netbsd-src/sys/kern/vfs_wapbl.c:2041:1:wapbl_print	88	dynamic,bounded
/Users/sidqian/Downloads/summer/L2S/netbsd-src/sys/kern/vfs_wapbl.c:2162:1:wapbl_dump	12	dynamic,bounded
/Users/sidqian/Downloads/summer/L2S/netbsd-src/sys/kern/vfs_wapbl.c:2177:1:wapbl_register_deallocation	52	dynamic,bounded
/Users/sidqian/Downloads/summer/L2S/netbsd-src/sys/kern/vfs_wapbl.c:2250:1:wapbl_unregister_deallocation	16	dynamic,bounded
/Users/sidqian/Downloads/summer/L2S/netbsd-src/sys/kern/vfs_wapbl.c:2300:1:wapbl_register_inode	44	dynamic,bounded
/Users/sidqian/Downloads/summer/L2S/netbsd-src/sys/kern/vfs_wapbl.c:494:1:wapbl_start	104	dynamic,bounded
/Users/sidqian/Downloads/summer/L2S/netbsd-src/sys/kern/vfs_wapbl.c:2324:1:wapbl_unregister_inode	24	dynamic,bounded
/Users/sidqian/Downloads/summer/L2S/netbsd-src/sys/kern/vfs_wapbl.c:2936:1:wapbl_replay_start	176	dynamic,bounded
/Users/sidqian/Downloads/summer/L2S/netbsd-src/sys/kern/vfs_wapbl.c:3042:1:wapbl_replay_stop	28	dynamic,bounded
/Users/sidqian/Downloads/summer/L2S/netbsd-src/sys/kern/vfs_wapbl.c:3060:1:wapbl_replay_free	16	dynamic,bounded
/Users/sidqian/Downloads/summer/L2S/netbsd-src/sys/kern/vfs_wapbl.c:3355:1:wapbl_replay_write	80	dynamic,bounded
