/Users/sidqian/Downloads/summer/L2S/netbsd-src/sys/kern/vfs_cache.c:1271:1:cache_vdir_filter	0	static
/Users/sidqian/Downloads/summer/L2S/netbsd-src/sys/kern/vfs_cache.c:1304:1:cache_activate	12	dynamic,bounded
/Users/sidqian/Downloads/summer/L2S/netbsd-src/sys/kern/vfs_cache.c:406:1:cache_lookup_entry	40	dynamic,bounded
/Users/sidqian/Downloads/summer/L2S/netbsd-src/sys/kern/vfs_cache.c:357:1:cache_remove	28	dynamic,bounded
/Users/sidqian/Downloads/summer/L2S/netbsd-src/sys/kern/vfs_cache.c:1457:1:cache_update_stats	148	dynamic,bounded
/Users/sidqian/Downloads/summer/L2S/netbsd-src/sys/kern/vfs_cache.c:1321:1:cache_deactivate.part.0	8	static
/Users/sidqian/Downloads/summer/L2S/netbsd-src/sys/kern/vfs_cache.c:320:1:cache_compare_nodes	16	static
/Users/sidqian/Downloads/summer/L2S/netbsd-src/sys/kern/vfs_cache.c:1489:1:cache_stat_sysctl	124	dynamic,bounded
/Users/sidqian/Downloads/summer/L2S/netbsd-src/sys/kern/vfs_cache.c:887:1:cache_enter.part.0	84	dynamic,bounded
/Users/sidqian/Downloads/summer/L2S/netbsd-src/sys/kern/vfs_cache.c:507:1:cache_lookup	72	dynamic,bounded
/Users/sidqian/Downloads/summer/L2S/netbsd-src/sys/kern/vfs_cache.c:619:1:cache_lookup_raw	28	dynamic,bounded
/Users/sidqian/Downloads/summer/L2S/netbsd-src/sys/kern/vfs_cache.c:634:1:cache_lookup_linked	76	dynamic,bounded
/Users/sidqian/Downloads/summer/L2S/netbsd-src/sys/kern/vfs_cache.c:770:1:cache_revlookup	72	dynamic,bounded
/Users/sidqian/Downloads/summer/L2S/netbsd-src/sys/kern/vfs_cache.c:887:1:cache_enter	0	static
/Users/sidqian/Downloads/summer/L2S/netbsd-src/sys/kern/vfs_cache.c:989:1:cache_enter_id	48	dynamic,bounded
/Users/sidqian/Downloads/summer/L2S/netbsd-src/sys/kern/vfs_cache.c:1019:1:cache_have_id	4	static
/Users/sidqian/Downloads/summer/L2S/netbsd-src/sys/kern/vfs_cache.c:1036:1:cache_enter_mount	20	dynamic,bounded
/Users/sidqian/Downloads/summer/L2S/netbsd-src/sys/kern/vfs_cache.c:1053:1:cache_lookup_mount	28	dynamic,bounded
/Users/sidqian/Downloads/summer/L2S/netbsd-src/sys/kern/vfs_cache.c:1067:1:cache_cross_mount	24	dynamic,bounded
/Users/sidqian/Downloads/summer/L2S/netbsd-src/sys/kern/vfs_cache.c:1078:1:nchinit	96	dynamic,bounded
/Users/sidqian/Downloads/summer/L2S/netbsd-src/sys/kern/vfs_cache.c:1108:1:cache_cpu_init	8	dynamic,bounded
/Users/sidqian/Downloads/summer/L2S/netbsd-src/sys/kern/vfs_cache.c:1122:1:cache_vnode_init	24	dynamic,bounded
/Users/sidqian/Downloads/summer/L2S/netbsd-src/sys/kern/vfs_cache.c:1139:1:cache_vnode_fini	8	dynamic,bounded
/Users/sidqian/Downloads/summer/L2S/netbsd-src/sys/kern/vfs_cache.c:1253:1:cache_purge1	80	dynamic,bounded
/Users/sidqian/Downloads/summer/L2S/netbsd-src/sys/kern/vfs_cache.c:1282:1:cache_purgevfs	52	dynamic,bounded
/Users/sidqian/Downloads/summer/L2S/netbsd-src/sys/kern/vfs_cache.c:1434:1:namecache_count_pass2	4	dynamic,bounded
/Users/sidqian/Downloads/summer/L2S/netbsd-src/sys/kern/vfs_cache.c:1445:1:namecache_count_2passes	4	dynamic,bounded
/Users/sidqian/Downloads/summer/L2S/netbsd-src/sys/kern/vfs_cache.c:1518:1:namecache_print	36	dynamic,bounded
