/Users/sidqian/Downloads/summer/L2S/netbsd-src/sys/kern/vfs_vnops.c:1255:1:vn_posix_fadvise	48	dynamic,bounded
/Users/sidqian/Downloads/summer/L2S/netbsd-src/sys/kern/vfs_vnops.c:914:1:vn_poll	0	static
/Users/sidqian/Downloads/summer/L2S/netbsd-src/sys/kern/vfs_vnops.c:816:1:vn_fcntl	28	dynamic,bounded
/Users/sidqian/Downloads/summer/L2S/netbsd-src/sys/kern/vfs_vnops.c:497:1:enforce_rlimit_fsize	36	dynamic,bounded
/Users/sidqian/Downloads/summer/L2S/netbsd-src/sys/kern/vfs_vnops.c:924:1:vn_kqfilter	0	static
/Users/sidqian/Downloads/summer/L2S/netbsd-src/sys/kern/vfs_vnops.c:1242:1:vn_fpathconf	36	dynamic,bounded
/Users/sidqian/Downloads/summer/L2S/netbsd-src/sys/kern/vfs_vnops.c:686:1:vn_write	52	dynamic,bounded
/Users/sidqian/Downloads/summer/L2S/netbsd-src/sys/kern/vfs_vnops.c:1227:1:vn_advlock	44	dynamic,bounded
/Users/sidqian/Downloads/summer/L2S/netbsd-src/sys/kern/vfs_vnops.c:1151:1:vn_seek	252	dynamic,bounded
/Users/sidqian/Downloads/summer/L2S/netbsd-src/sys/kern/vfs_vnops.c:646:1:vn_read	56	dynamic,bounded
/Users/sidqian/Downloads/summer/L2S/netbsd-src/sys/kern/vfs_vnops.c:829:1:vn_ioctl	232	dynamic,bounded
/Users/sidqian/Downloads/summer/L2S/netbsd-src/sys/kern/vfs_vnops.c:374:1:vn_writechk	0	static
/Users/sidqian/Downloads/summer/L2S/netbsd-src/sys/kern/vfs_vnops.c:387:1:vn_openchk	8	static
/Users/sidqian/Downloads/summer/L2S/netbsd-src/sys/kern/vfs_vnops.c:171:1:vn_open	280	dynamic,bounded
/Users/sidqian/Downloads/summer/L2S/netbsd-src/sys/kern/vfs_vnops.c:426:1:vn_markexec	24	dynamic,bounded
/Users/sidqian/Downloads/summer/L2S/netbsd-src/sys/kern/vfs_vnops.c:931:1:vn_mmap	248	dynamic,bounded
/Users/sidqian/Downloads/summer/L2S/netbsd-src/sys/kern/vfs_vnops.c:449:1:vn_marktext	28	dynamic,bounded
/Users/sidqian/Downloads/summer/L2S/netbsd-src/sys/kern/vfs_vnops.c:480:1:vn_close	28	dynamic,bounded
/Users/sidqian/Downloads/summer/L2S/netbsd-src/sys/kern/vfs_vnops.c:1385:1:vn_closefile	12	dynamic,bounded
/Users/sidqian/Downloads/summer/L2S/netbsd-src/sys/kern/vfs_vnops.c:526:1:vn_rdwr	100	dynamic,bounded
/Users/sidqian/Downloads/summer/L2S/netbsd-src/sys/kern/vfs_vnops.c:577:1:vn_readdir	140	dynamic,bounded
/Users/sidqian/Downloads/summer/L2S/netbsd-src/sys/kern/vfs_vnops.c:753:1:vn_stat	224	dynamic,bounded
/Users/sidqian/Downloads/summer/L2S/netbsd-src/sys/kern/vfs_vnops.c:741:1:vn_statfile	32	dynamic,bounded
/Users/sidqian/Downloads/summer/L2S/netbsd-src/sys/kern/vfs_vnops.c:1339:1:vn_lock	12	dynamic,bounded
/Users/sidqian/Downloads/summer/L2S/netbsd-src/sys/kern/vfs_vnops.c:1397:1:vn_extattr_get	100	dynamic,bounded
/Users/sidqian/Downloads/summer/L2S/netbsd-src/sys/kern/vfs_vnops.c:1433:1:vn_extattr_set	96	dynamic,bounded
/Users/sidqian/Downloads/summer/L2S/netbsd-src/sys/kern/vfs_vnops.c:1464:1:vn_extattr_rm	44	dynamic,bounded
/Users/sidqian/Downloads/summer/L2S/netbsd-src/sys/kern/vfs_vnops.c:1486:1:vn_fifo_bypass	0	static
/Users/sidqian/Downloads/summer/L2S/netbsd-src/sys/kern/vfs_vnops.c:1497:1:vn_bdev_open	40	dynamic,bounded
/Users/sidqian/Downloads/summer/L2S/netbsd-src/sys/kern/vfs_vnops.c:1523:1:vn_bdev_openpath	68	dynamic,bounded
/Users/sidqian/Downloads/summer/L2S/netbsd-src/sys/kern/vfs_vnops.c:1571:1:vn_knote_attach	20	dynamic,bounded
/Users/sidqian/Downloads/summer/L2S/netbsd-src/sys/kern/vfs_vnops.c:1601:1:vn_knote_detach	24	dynamic,bounded
