/Users/sidqian/Downloads/summer/L2S/netbsd-src/sys/arch/m68k/m68k/vm_machdep.c:61:1:cpu_proc_fork	0	static
/Users/sidqian/Downloads/summer/L2S/netbsd-src/sys/arch/m68k/m68k/vm_machdep.c:86:1:cpu_lwp_fork	32	dynamic,bounded
/Users/sidqian/Downloads/summer/L2S/netbsd-src/sys/arch/m68k/m68k/vm_machdep.c:131:1:cpu_lwp_free	0	static
/Users/sidqian/Downloads/summer/L2S/netbsd-src/sys/arch/m68k/m68k/vm_machdep.c:138:1:cpu_lwp_free2	0	static
/Users/sidqian/Downloads/summer/L2S/netbsd-src/sys/arch/m68k/m68k/vm_machdep.c:150:1:vmapbuf	52	dynamic,bounded
/Users/sidqian/Downloads/summer/L2S/netbsd-src/sys/arch/m68k/m68k/vm_machdep.c:191:1:vunmapbuf	36	dynamic,bounded
/Users/sidqian/Downloads/summer/L2S/netbsd-src/sys/arch/m68k/m68k/vm_machdep.c:225:1:physaccess	8	static
/Users/sidqian/Downloads/summer/L2S/netbsd-src/sys/arch/m68k/m68k/vm_machdep.c:240:1:physunaccess	0	static
/Users/sidqian/Downloads/summer/L2S/netbsd-src/sys/arch/m68k/m68k/vm_machdep.c:254:1:kvtop	16	dynamic,bounded
