Feb  7 07:50:00 dmz0 named[24527]: client 127.0.0.1#65013: error sending response: socket is not connected
Feb  7 07:50:00 dmz0 named[24527]: client 127.0.0.1#65013: error sending response: socket is not connected
Feb  7 07:52:05 dmz0 ipmon[272]: 07:52:04.985808 2x url0 @0:21 b loghost.crowthorne.alistaircrooks.co.uk[10.4.0.29],netbios-dgm -> 10.255.255.255,netbios-dgm PR udp len 20 249 IN broadcast 
Feb  7 07:54:26 dmz0 ipmon[272]: 07:54:16.366126 url0 @0:26 b lns-bzn-19-82-248-163-146.adsl.proxad.net[82.248.163.146],venus -> gw1.alistaircrooks.co.uk[81.187.253.34],epmap PR tcp len 20 64 -S IN 
Feb  7 07:54:26 dmz0 ipmon[272]: 07:54:16.971131 url0 @0:26 b lns-bzn-19-82-248-163-146.adsl.proxad.net[82.248.163.146],venus -> gw1.alistaircrooks.co.uk[81.187.253.34],epmap PR tcp len 20 64 -S IN 
Feb  7 07:54:35 dmz0 sudo:   hobbit : TTY=unknown ; PWD=/usr/pkg/hobbit411/server ; USER=root ; COMMAND=/usr/pkg/bin/aide --check --config=/diskstats/20020428
Feb  7 07:55:04 dmz0 sudo:   hobbit : TTY=unknown ; PWD=/usr/pkg/hobbit411/server ; USER=root ; COMMAND=/sbin/atactl wd0 smart status
Feb  7 07:57:03 sys3 ntpd[698]: time reset -0.261621 s
Feb  7 08:00:04 dmz0 named[24527]: client 127.0.0.1#64869: error sending response: socket is not connected
Feb  7 08:00:04 dmz0 sudo:   hobbit : TTY=unknown ; PWD=/usr/pkg/hobbit411/server ; USER=root ; COMMAND=/sbin/atactl wd0 smart status
Feb  7 08:00:04 dmz0 named[24527]: client 127.0.0.1#64869: error sending response: socket is not connected
Feb  7 08:00:55 dmz0 ipmon[272]: 08:00:45.397965 url0 @0:26 b dsl-kpogw7-fef3fa00-215.dhcp.inet.fi[84.250.243.215],3065 -> gw1.alistaircrooks.co.uk[81.187.253.34],netbios-ssn PR tcp len 20 48 -S IN 
Feb  7 08:00:55 dmz0 ipmon[272]: 08:00:45.945956 2x url0 @0:26 b dsl-kpogw7-fef3fa00-215.dhcp.inet.fi[84.250.243.215],3065 -> gw1.alistaircrooks.co.uk[81.187.253.34],netbios-ssn PR tcp len 20 48 -S IN 
Feb  7 08:01:05 dmz0 ipmon[272]: 08:01:05.524149 2x url0 @0:21 b loghost.crowthorne.alistaircrooks.co.uk[10.4.0.29],netbios-dgm -> 10.255.255.255,netbios-dgm PR udp len 20 249 IN broadcast 
Feb  7 08:02:00 dmz0 ipmon[272]: 08:01:58.057676 url0 @0:26 b 81.13.228.146,1470 -> water.alistaircrooks.co.uk[81.187.253.35],netbios-ssn PR tcp len 20 48 -S IN 
Feb  7 08:02:00 dmz0 ipmon[272]: 08:01:58.550681 2x url0 @0:26 b 81.13.228.146,1470 -> water.alistaircrooks.co.uk[81.187.253.35],netbios-ssn PR tcp len 20 48 -S IN 
Feb  7 08:05:04 dmz0 named[24527]: client 127.0.0.1#64777: error sending response: socket is not connected
Feb  7 08:05:04 dmz0 sudo:   hobbit : TTY=unknown ; PWD=/usr/pkg/hobbit411/server ; USER=root ; COMMAND=/sbin/atactl wd0 smart status
Feb  7 08:05:04 dmz0 named[24527]: client 127.0.0.1#64777: error sending response: socket is not connected
Feb  7 08:06:26 dmz0 ipmon[272]: 08:06:23.594284 url0 @0:26 b ip-81.180.77.252.asm.renam.md[81.180.77.252],4178 -> monitoring.alistaircrooks.co.uk[81.187.253.36],epmap PR tcp len 20 48 -S IN 
Feb  7 08:06:26 dmz0 ipmon[272]: 08:06:24.183267 2x url0 @0:26 b ip-81.180.77.252.asm.renam.md[81.180.77.252],4178 -> monitoring.alistaircrooks.co.uk[81.187.253.36],epmap PR tcp len 20 48 -S IN 
Feb  7 08:09:35 dmz0 sudo:   hobbit : TTY=unknown ; PWD=/usr/pkg/hobbit411/server ; USER=root ; COMMAND=/usr/pkg/bin/aide --check --config=/diskstats/20020428
Feb  7 08:10:04 dmz0 sudo:   hobbit : TTY=unknown ; PWD=/usr/pkg/hobbit411/server ; USER=root ; COMMAND=/sbin/atactl wd0 smart status
Feb  7 08:11:12 dmz0 ipmon[272]: 08:11:12.230097 2x url0 @0:21 b loghost.crowthorne.alistaircrooks.co.uk[10.4.0.29],netbios-dgm -> 10.255.255.255,netbios-dgm PR udp len 20 249 IN broadcast 
Feb  7 08:14:44 dmz0 ipmon[272]: 08:14:29.303056 url0 @0:27 b 65.62.130.9,20594 -> water.alistaircrooks.co.uk[81.187.253.35],1026 PR udp len 20 1083 IN 
Feb  7 08:14:46 dmz0 ipmon[272]: 08:14:29.305024 url0 @0:27 b 65.21.190.59,15386 -> gw1.alistaircrooks.co.uk[81.187.253.34],1026 PR udp len 20 1083 IN 
Feb  7 08:15:01 dmz0 ipmon[272]: 08:14:29.316027 url0 @0:27 b 65.87.89.45,8488 -> monitoring.alistaircrooks.co.uk[81.187.253.36],1026 PR udp len 20 1083 IN 
Feb  7 08:15:01 dmz0 ipmon[272]: 08:14:39.413155 url0 @0:27 b 194.67-19-135.reverse.theplanet.com[67.19.135.194],1031 -> water.alistaircrooks.co.uk[81.187.253.35],ms-sql-m PR udp len 20 404 IN 
Feb  7 08:15:06 dmz0 named[24527]: client 127.0.0.1#64634: error sending response: socket is not connected
Feb  7 08:15:06 dmz0 sudo:   hobbit : TTY=unknown ; PWD=/usr/pkg/hobbit411/server ; USER=root ; COMMAND=/sbin/atactl wd0 smart status
Feb  7 08:15:06 dmz0 named[24527]: client 127.0.0.1#64634: error sending response: socket is not connected
Feb  7 08:17:00 dmz0 ipmon[272]: 08:16:45.122414 2x url0 @0:26 b h185n1fls301o838.telia.com[81.227.128.185],4341 -> monitoring.alistaircrooks.co.uk[81.187.253.36],microsoft-ds PR tcp len 20 48 -S IN 
Feb  7 08:17:00 dmz0 ipmon[272]: 08:16:46.150400 url0 @0:26 b h185n1fls301o838.telia.com[81.227.128.185],4341 -> monitoring.alistaircrooks.co.uk[81.187.253.36],microsoft-ds PR tcp len 20 48 -S IN 
Feb  7 08:20:06 dmz0 sudo:   hobbit : TTY=unknown ; PWD=/usr/pkg/hobbit411/server ; USER=root ; COMMAND=/sbin/atactl wd0 smart status
Feb  7 08:20:06 dmz0 named[24527]: client 127.0.0.1#64576: error sending response: socket is not connected
Feb  7 08:20:06 dmz0 named[24527]: client 127.0.0.1#64576: error sending response: socket is not connected
Feb  7 08:22:19 dmz0 ipmon[272]: 08:22:18.975606 2x url0 @0:21 b loghost.crowthorne.alistaircrooks.co.uk[10.4.0.29],netbios-dgm -> 10.255.255.255,netbios-dgm PR udp len 20 249 IN broadcast 
Feb  7 08:24:37 dmz0 sudo:   hobbit : TTY=unknown ; PWD=/usr/pkg/hobbit411/server ; USER=root ; COMMAND=/usr/pkg/bin/aide --check --config=/diskstats/20020428
Feb  7 08:25:11 dmz0 named[24527]: client 127.0.0.1#64515: error sending response: socket is not connected
Feb  7 08:25:11 dmz0 sudo:   hobbit : TTY=unknown ; PWD=/usr/pkg/hobbit411/server ; USER=root ; COMMAND=/sbin/atactl wd0 smart status
Feb  7 08:25:11 dmz0 named[24527]: client 127.0.0.1#64515: error sending response: socket is not connected
Feb  7 08:25:23 dmz0 ipmon[272]: 08:25:12.918337 url0 @0:26 b 83.141.118.69,3919 -> gw1.alistaircrooks.co.uk[81.187.253.34],epmap PR tcp len 20 64 -S IN 
Feb  7 08:25:23 dmz0 ipmon[272]: 08:25:13.840318 url0 @0:26 b 83.141.118.69,3919 -> gw1.alistaircrooks.co.uk[81.187.253.34],epmap PR tcp len 20 64 -S IN 
Feb  7 08:29:15 dmz0 ipmon[272]: 08:29:02.925558 url0 @0:26 b MTF3419-3.tu-sofia.bg[81.161.247.23],2910 -> gw1.alistaircrooks.co.uk[81.187.253.34],ms-sql-s PR tcp len 20 48 -S IN 
Feb  7 08:29:15 dmz0 ipmon[272]: 08:29:03.496567 2x url0 @0:26 b MTF3419-3.tu-sofia.bg[81.161.247.23],2910 -> gw1.alistaircrooks.co.uk[81.187.253.34],ms-sql-s PR tcp len 20 48 -S IN 
Feb  7 08:29:36 dmz0 ipmon[272]: 08:29:26.385789 url0 @0:26 b 218.4.216.91,4232 -> gw1.alistaircrooks.co.uk[81.187.253.34],netbios-ssn PR tcp len 20 48 -S IN 
Feb  7 08:29:36 dmz0 ipmon[272]: 08:29:26.391789 url0 @0:26 b 218.4.216.91,4233 -> water.alistaircrooks.co.uk[81.187.253.35],netbios-ssn PR tcp len 20 48 -S IN 
Feb  7 08:29:46 dmz0 ipmon[272]: 08:29:26.401768 url0 @0:26 b 218.4.216.91,4235 -> monitoring.alistaircrooks.co.uk[81.187.253.36],netbios-ssn PR tcp len 20 48 -S IN 
Feb  7 08:29:46 dmz0 ipmon[272]: 08:29:27.164805 url0 @0:26 b 218.4.216.91,4233 -> water.alistaircrooks.co.uk[81.187.253.35],netbios-ssn PR tcp len 20 48 -S IN 
Feb  7 08:29:46 dmz0 ipmon[272]: 08:29:27.168762 url0 @0:26 b 218.4.216.91,4232 -> gw1.alistaircrooks.co.uk[81.187.253.34],netbios-ssn PR tcp len 20 48 -S IN 
Feb  7 08:29:46 dmz0 ipmon[272]: 08:29:27.267763 url0 @0:26 b 218.4.216.91,4235 -> monitoring.alistaircrooks.co.uk[81.187.253.36],netbios-ssn PR tcp len 20 48 -S IN 
Feb  7 08:29:46 dmz0 ipmon[272]: 08:29:27.971803 url0 @0:26 b 218.4.216.91,4232 -> gw1.alistaircrooks.co.uk[81.187.253.34],netbios-ssn PR tcp len 20 48 -S IN 
Feb  7 08:29:46 dmz0 ipmon[272]: 08:29:27.973771 url0 @0:26 b 218.4.216.91,4233 -> water.alistaircrooks.co.uk[81.187.253.35],netbios-ssn PR tcp len 20 48 -S IN 
Feb  7 08:29:46 dmz0 ipmon[272]: 08:29:28.072773 url0 @0:26 b 218.4.216.91,4235 -> monitoring.alistaircrooks.co.uk[81.187.253.36],netbios-ssn PR tcp len 20 48 -S IN 
Feb  7 08:30:11 dmz0 sudo:   hobbit : TTY=unknown ; PWD=/usr/pkg/hobbit411/server ; USER=root ; COMMAND=/sbin/atactl wd0 smart status
Feb  7 08:30:11 dmz0 named[24527]: client 127.0.0.1#64457: error sending response: socket is not connected
Feb  7 08:30:11 dmz0 named[24527]: client 127.0.0.1#64457: error sending response: socket is not connected
Feb  7 08:31:20 dmz0 ipmon[272]: 08:31:09.654809 url0 @0:27 b 82.201.237.76,10026 -> gw1.alistaircrooks.co.uk[81.187.253.34],netbios-ns PR udp len 20 78 IN 
Feb  7 08:31:20 dmz0 ipmon[272]: 08:31:09.706757 url0 @0:27 b 82.201.237.76,10026 -> water.alistaircrooks.co.uk[81.187.253.35],netbios-ns PR udp len 20 78 IN 
Feb  7 08:31:20 dmz0 ipmon[272]: 08:31:09.759754 url0 @0:27 b 82.201.237.76,10026 -> monitoring.alistaircrooks.co.uk[81.187.253.36],netbios-ns PR udp len 20 78 IN 
Feb  7 08:34:26 dmz0 ipmon[272]: 08:34:25.758683 2x url0 @0:21 b loghost.crowthorne.alistaircrooks.co.uk[10.4.0.29],netbios-dgm -> 10.255.255.255,netbios-dgm PR udp len 20 249 IN broadcast 
Feb  7 08:34:39 dmz0 ipmon[272]: 08:34:28.848723 url0 @0:26 b 81.185.72.199,4893 -> monitoring.alistaircrooks.co.uk[81.187.253.36],epmap PR tcp len 20 64 -S IN 
Feb  7 08:34:49 dmz0 ipmon[272]: 08:34:31.089770 2x url0 @0:26 b 81.185.147.190,2139 -> monitoring.alistaircrooks.co.uk[81.187.253.36],microsoft-ds PR tcp len 20 64 -S IN 
Feb  7 08:35:12 dmz0 named[24527]: client 127.0.0.1#64399: error sending response: socket is not connected
Feb  7 08:35:12 dmz0 named[24527]: client 127.0.0.1#64399: error sending response: socket is not connected
Feb  7 08:35:12 dmz0 sudo:   hobbit : TTY=unknown ; PWD=/usr/pkg/hobbit411/server ; USER=root ; COMMAND=/sbin/atactl wd0 smart status
Feb  7 08:39:39 dmz0 sudo:   hobbit : TTY=unknown ; PWD=/usr/pkg/hobbit411/server ; USER=root ; COMMAND=/usr/pkg/bin/aide --check --config=/diskstats/20020428
Feb  7 08:40:13 dmz0 sudo:   hobbit : TTY=unknown ; PWD=/usr/pkg/hobbit411/server ; USER=root ; COMMAND=/sbin/atactl wd0 smart status
Feb  7 08:40:13 dmz0 named[24527]: client 127.0.0.1#64322: error sending response: socket is not connected
Feb  7 08:40:13 dmz0 named[24527]: client 127.0.0.1#64322: error sending response: socket is not connected
Feb  7 08:44:33 dmz0 ipmon[272]: 08:44:30.225585 url0 @0:27 b m812-mp2.cvx5-a.man.dial.ntli.net[213.104.247.44],30659 -> gw1.alistaircrooks.co.uk[81.187.253.34],1026 PR udp len 20 908 IN 
Feb  7 08:44:43 dmz0 ipmon[272]: 08:44:30.231558 url0 @0:27 b 213.78.123.251,29121 -> water.alistaircrooks.co.uk[81.187.253.35],1026 PR udp len 20 908 IN 
Feb  7 08:44:53 dmz0 ipmon[272]: 08:44:30.251558 url0 @0:27 b 213.111.231.109,30584 -> monitoring.alistaircrooks.co.uk[81.187.253.36],1026 PR udp len 20 908 IN 
Feb  7 08:45:14 dmz0 named[24527]: client 127.0.0.1#64264: error sending response: socket is not connected
Feb  7 08:45:14 dmz0 sudo:   hobbit : TTY=unknown ; PWD=/usr/pkg/hobbit411/server ; USER=root ; COMMAND=/sbin/atactl wd0 smart status
Feb  7 08:45:14 dmz0 named[24527]: client 127.0.0.1#64264: error sending response: socket is not connected
Feb  7 08:46:27 dmz0 ipmon[272]: 08:46:26.492699 2x url0 @0:21 b loghost.crowthorne.alistaircrooks.co.uk[10.4.0.29],netbios-dgm -> 10.255.255.255,netbios-dgm PR udp len 20 249 IN broadcast 
Feb  7 08:50:15 dmz0 named[24527]: client 127.0.0.1#64205: error sending response: socket is not connected
Feb  7 08:50:15 dmz0 named[24527]: client 127.0.0.1#64205: error sending response: socket is not connected
Feb  7 08:50:15 dmz0 sudo:   hobbit : TTY=unknown ; PWD=/usr/pkg/hobbit411/server ; USER=root ; COMMAND=/sbin/atactl wd0 smart status
Feb  7 08:54:40 dmz0 sudo:   hobbit : TTY=unknown ; PWD=/usr/pkg/hobbit411/server ; USER=root ; COMMAND=/usr/pkg/bin/aide --check --config=/diskstats/20020428
Feb  7 08:55:19 dmz0 named[24527]: client 127.0.0.1#64145: error sending response: socket is not connected
Feb  7 08:55:19 dmz0 named[24527]: client 127.0.0.1#64145: error sending response: socket is not connected
Feb  7 08:55:19 dmz0 sudo:   hobbit : TTY=unknown ; PWD=/usr/pkg/hobbit411/server ; USER=root ; COMMAND=/sbin/atactl wd0 smart status
Feb  7 08:58:33 dmz0 ipmon[272]: 08:58:33.305778 2x url0 @0:21 b loghost.crowthorne.alistaircrooks.co.uk[10.4.0.29],netbios-dgm -> 10.255.255.255,netbios-dgm PR udp len 20 249 IN broadcast 
Feb  7 09:00:21 dmz0 named[24527]: client 127.0.0.1#64087: error sending response: socket is not connected
Feb  7 09:00:21 dmz0 sudo:   hobbit : TTY=unknown ; PWD=/usr/pkg/hobbit411/server ; USER=root ; COMMAND=/sbin/atactl wd0 smart status
Feb  7 09:00:21 dmz0 named[24527]: client 127.0.0.1#64087: error sending response: socket is not connected
Feb  7 09:05:23 dmz0 named[24527]: client 127.0.0.1#64003: error sending response: socket is not connected
Feb  7 09:05:23 dmz0 sudo:   hobbit : TTY=unknown ; PWD=/usr/pkg/hobbit411/server ; USER=root ; COMMAND=/sbin/atactl wd0 smart status
Feb  7 09:05:23 dmz0 named[24527]: client 127.0.0.1#64003: error sending response: socket is not connected
Feb  7 09:05:40 dmz0 ipmon[272]: 09:05:30.751870 url0 @0:26 b 207.168.54.131,36635 -> gw1.alistaircrooks.co.uk[81.187.253.34],netbios-ssn PR tcp len 20 60 -S IN 
Feb  7 09:05:40 dmz0 ipmon[272]: 09:05:30.777839 url0 @0:26 b 207.168.54.131,36637 -> monitoring.alistaircrooks.co.uk[81.187.253.36],netbios-ssn PR tcp len 20 60 -S IN 
Feb  7 09:05:40 dmz0 ipmon[272]: 09:05:30.817861 url0 @0:26 b 207.168.54.131,36636 -> water.alistaircrooks.co.uk[81.187.253.35],netbios-ssn PR tcp len 20 60 -S IN 
Feb  7 09:06:06 dmz0 ipmon[272]: 09:06:05.412213 url0 @0:26 b p5483F524.dip.t-dialin.net[84.131.245.36],3012 -> gw1.alistaircrooks.co.uk[81.187.253.34],epmap PR tcp len 20 48 -S IN 
Feb  7 09:06:06 dmz0 ipmon[272]: 09:06:06.072201 url0 @0:26 b p5483F524.dip.t-dialin.net[84.131.245.36],3012 -> gw1.alistaircrooks.co.uk[81.187.253.34],epmap PR tcp len 20 48 -S IN 
Feb  7 09:06:07 dmz0 ipmon[272]: 09:06:06.955205 url0 @0:26 b p5483F524.dip.t-dialin.net[84.131.245.36],3012 -> gw1.alistaircrooks.co.uk[81.187.253.34],epmap PR tcp len 20 48 -S IN 
Feb  7 09:06:28 dmz0 ipmon[272]: 09:06:15.232331 url0 @0:26 b 81-178-151-62.dsl.pipex.com[81.178.151.62],2169 -> monitoring.alistaircrooks.co.uk[81.187.253.36],netbios-ssn PR tcp len 20 48 -S IN 
Feb  7 09:07:11 dmz0 ipmon[272]: 09:07:00.903750 url0 @0:27 b 82.201.250.228,10030 -> gw1.alistaircrooks.co.uk[81.187.253.34],netbios-ns PR udp len 20 78 IN 
Feb  7 09:07:11 dmz0 ipmon[272]: 09:07:00.952720 url0 @0:27 b 82.201.250.228,10030 -> water.alistaircrooks.co.uk[81.187.253.35],netbios-ns PR udp len 20 78 IN 
Feb  7 09:07:11 dmz0 ipmon[272]: 09:07:01.004717 url0 @0:27 b 82.201.250.228,10030 -> monitoring.alistaircrooks.co.uk[81.187.253.36],netbios-ns PR udp len 20 78 IN 
Feb  7 09:07:56 dmz0 ipmon[272]: 09:07:53.900267 url0 @0:27 b lucampus-65-39-30-6.lakeheadu.ca[65.39.30.6],4757 -> gw1.alistaircrooks.co.uk[81.187.253.34],1026 PR udp len 20 1249 IN 
Feb  7 09:07:58 dmz0 ipmon[272]: 09:07:53.905235 url0 @0:27 b 65.152.189.10,19588 -> water.alistaircrooks.co.uk[81.187.253.35],1026 PR udp len 20 1249 IN 
Feb  7 09:08:18 dmz0 ipmon[272]: 09:07:53.930236 url0 @0:27 b 65.36.14.88,26690 -> monitoring.alistaircrooks.co.uk[81.187.253.36],1026 PR udp len 20 1249 IN 
Feb  7 09:08:48 dmz0 ipmon[272]: 09:08:38.106700 url0 @0:26 b 80.74.106.75,3689 -> gw1.alistaircrooks.co.uk[81.187.253.34],microsoft-ds PR tcp len 20 48 -S IN 
Feb  7 09:08:48 dmz0 ipmon[272]: 09:08:38.108670 url0 @0:26 b 80.74.106.75,svn -> water.alistaircrooks.co.uk[81.187.253.35],microsoft-ds PR tcp len 20 48 -S IN 
Feb  7 09:08:48 dmz0 ipmon[272]: 09:08:38.110669 url0 @0:26 b 80.74.106.75,3691 -> monitoring.alistaircrooks.co.uk[81.187.253.36],microsoft-ds PR tcp len 20 48 -S IN 
Feb  7 09:08:48 dmz0 ipmon[272]: 09:08:38.735719 url0 @0:26 b 80.74.106.75,3689 -> gw1.alistaircrooks.co.uk[81.187.253.34],microsoft-ds PR tcp len 20 48 -S IN 
Feb  7 09:08:48 dmz0 ipmon[272]: 09:08:38.737677 url0 @0:26 b 80.74.106.75,svn -> water.alistaircrooks.co.uk[81.187.253.35],microsoft-ds PR tcp len 20 48 -S IN 
Feb  7 09:08:48 dmz0 ipmon[272]: 09:08:38.739671 url0 @0:26 b 80.74.106.75,3691 -> monitoring.alistaircrooks.co.uk[81.187.253.36],microsoft-ds PR tcp len 20 48 -S IN 
Feb  7 09:08:48 dmz0 ipmon[272]: 09:08:39.282726 url0 @0:26 b 80.74.106.75,3689 -> gw1.alistaircrooks.co.uk[81.187.253.34],microsoft-ds PR tcp len 20 48 -S IN 
Feb  7 09:08:48 dmz0 ipmon[272]: 09:08:39.386678 url0 @0:26 b 80.74.106.75,3691 -> monitoring.alistaircrooks.co.uk[81.187.253.36],microsoft-ds PR tcp len 20 48 -S IN 
Feb  7 09:08:48 dmz0 ipmon[272]: 09:08:39.388678 url0 @0:26 b 80.74.106.75,svn -> water.alistaircrooks.co.uk[81.187.253.35],microsoft-ds PR tcp len 20 48 -S IN 
Feb  7 09:09:44 dmz0 sudo:   hobbit : TTY=unknown ; PWD=/usr/pkg/hobbit411/server ; USER=root ; COMMAND=/usr/pkg/bin/aide --check --config=/diskstats/20020428
Feb  7 09:10:26 dmz0 named[24527]: client 127.0.0.1#63927: error sending response: socket is not connected
Feb  7 09:10:26 dmz0 named[24527]: client 127.0.0.1#63927: error sending response: socket is not connected
Feb  7 09:10:26 dmz0 sudo:   hobbit : TTY=unknown ; PWD=/usr/pkg/hobbit411/server ; USER=root ; COMMAND=/sbin/atactl wd0 smart status
Feb  7 09:10:40 dmz0 ipmon[272]: 09:10:40.099837 2x url0 @0:21 b loghost.crowthorne.alistaircrooks.co.uk[10.4.0.29],netbios-dgm -> 10.255.255.255,netbios-dgm PR udp len 20 249 IN broadcast 
Feb  7 09:13:11 dmz0 ipmon[272]: 09:13:01.000113 url0 @0:27 b 255-111-66.webhostplus.com[66.111.255.148],1319 -> gw1.alistaircrooks.co.uk[81.187.253.34],ms-sql-m PR udp len 20 404 IN 
Feb  7 09:15:27 dmz0 named[24527]: client 127.0.0.1#63869: error sending response: socket is not connected
Feb  7 09:15:27 dmz0 sudo:   hobbit : TTY=unknown ; PWD=/usr/pkg/hobbit411/server ; USER=root ; COMMAND=/sbin/atactl wd0 smart status
Feb  7 09:15:27 dmz0 named[24527]: client 127.0.0.1#63869: error sending response: socket is not connected
Feb  7 09:17:05 dmz0 ipmon[272]: 09:17:05.374316 url0 @0:26 b 81.88.139.196,2441 -> gw1.alistaircrooks.co.uk[81.187.253.34],radmin-port PR tcp len 20 48 -S IN 
Feb  7 09:17:05 dmz0 ipmon[272]: 09:17:05.383287 url0 @0:26 b 81.88.139.196,2442 -> water.alistaircrooks.co.uk[81.187.253.35],radmin-port PR tcp len 20 48 -S IN 
Feb  7 09:17:05 dmz0 ipmon[272]: 09:17:05.389283 url0 @0:26 b 81.88.139.196,2443 -> monitoring.alistaircrooks.co.uk[81.187.253.36],radmin-port PR tcp len 20 48 -S IN 
Feb  7 09:17:06 dmz0 ipmon[272]: 09:17:05.860349 url0 @0:26 b 81.88.139.196,2441 -> gw1.alistaircrooks.co.uk[81.187.253.34],radmin-port PR tcp len 20 48 -S IN 
Feb  7 09:17:06 dmz0 ipmon[272]: 09:17:05.862291 url0 @0:26 b 81.88.139.196,2442 -> water.alistaircrooks.co.uk[81.187.253.35],radmin-port PR tcp len 20 48 -S IN 
Feb  7 09:17:07 dmz0 ipmon[272]: 09:17:05.864287 2x url0 @0:26 b 81.88.139.196,2443 -> monitoring.alistaircrooks.co.uk[81.187.253.36],radmin-port PR tcp len 20 48 -S IN 
Feb  7 09:17:07 dmz0 ipmon[272]: 09:17:06.366302 url0 @0:26 b 81.88.139.196,2442 -> water.alistaircrooks.co.uk[81.187.253.35],radmin-port PR tcp len 20 48 -S IN 
Feb  7 09:17:07 dmz0 ipmon[272]: 09:17:06.368292 url0 @0:26 b 81.88.139.196,2441 -> gw1.alistaircrooks.co.uk[81.187.253.34],radmin-port PR tcp len 20 48 -S IN 
Feb  7 09:20:28 dmz0 named[24527]: client 127.0.0.1#63810: error sending response: socket is not connected
Feb  7 09:20:28 dmz0 named[24527]: client 127.0.0.1#63810: error sending response: socket is not connected
Feb  7 09:20:28 dmz0 sudo:   hobbit : TTY=unknown ; PWD=/usr/pkg/hobbit411/server ; USER=root ; COMMAND=/sbin/atactl wd0 smart status
Feb  7 09:22:46 dmz0 ipmon[272]: 09:22:45.902385 2x url0 @0:21 b loghost.crowthorne.alistaircrooks.co.uk[10.4.0.29],netbios-dgm -> 10.255.255.255,netbios-dgm PR udp len 20 249 IN broadcast 
Feb  7 09:24:48 dmz0 sudo:   hobbit : TTY=unknown ; PWD=/usr/pkg/hobbit411/server ; USER=root ; COMMAND=/usr/pkg/bin/aide --check --config=/diskstats/20020428
Feb  7 09:25:27 dmz0 named[24527]: client 127.0.0.1#63750: error sending response: socket is not connected
Feb  7 09:25:27 dmz0 sudo:   hobbit : TTY=unknown ; PWD=/usr/pkg/hobbit411/server ; USER=root ; COMMAND=/sbin/atactl wd0 smart status
Feb  7 09:25:27 dmz0 named[24527]: client 127.0.0.1#63750: error sending response: socket is not connected
Feb  7 09:27:05 dmz0 ipmon[272]: 09:27:04.778758 url0 @0:21 b inspiron.crowthorne.alistaircrooks.co.uk[10.4.1.5],1044 -> 255.255.255.255,ms-sql-m PR udp len 20 29 IN broadcast 
Feb  7 09:27:08 sys3 /netbsd: set{u,g}id pid 1175 (netstat) was invoked by uid 1000 ppid 717 (gaim) with fd 0 closed
Feb  7 09:27:43 dmz0 ipmon[272]: 09:27:32.957058 url0 @0:26 b 85.31.176.106,4787 -> gw1.alistaircrooks.co.uk[81.187.253.34],radmin-port PR tcp len 20 48 -S IN 
Feb  7 09:27:43 dmz0 ipmon[272]: 09:27:32.965033 url0 @0:26 b 85.31.176.106,4788 -> water.alistaircrooks.co.uk[81.187.253.35],radmin-port PR tcp len 20 48 -S IN 
Feb  7 09:27:43 dmz0 ipmon[272]: 09:27:32.977027 url0 @0:26 b 85.31.176.106,4789 -> monitoring.alistaircrooks.co.uk[81.187.253.36],radmin-port PR tcp len 20 48 -S IN 
Feb  7 09:27:43 dmz0 ipmon[272]: 09:27:33.442044 url0 @0:26 b 85.31.176.106,4788 -> water.alistaircrooks.co.uk[81.187.253.35],radmin-port PR tcp len 20 48 -S IN 
Feb  7 09:27:43 dmz0 ipmon[272]: 09:27:33.444034 url0 @0:26 b 85.31.176.106,4787 -> gw1.alistaircrooks.co.uk[81.187.253.34],radmin-port PR tcp len 20 48 -S IN 
Feb  7 09:27:43 dmz0 ipmon[272]: 09:27:33.546090 url0 @0:26 b 85.31.176.106,4789 -> monitoring.alistaircrooks.co.uk[81.187.253.36],radmin-port PR tcp len 20 48 -S IN 
Feb  7 09:27:43 dmz0 ipmon[272]: 09:27:33.946093 url0 @0:26 b 85.31.176.106,4788 -> water.alistaircrooks.co.uk[81.187.253.35],radmin-port PR tcp len 20 48 -S IN 
Feb  7 09:27:43 dmz0 ipmon[272]: 09:27:33.950035 url0 @0:26 b 85.31.176.106,4787 -> gw1.alistaircrooks.co.uk[81.187.253.34],radmin-port PR tcp len 20 48 -S IN 
Feb  7 09:27:43 dmz0 ipmon[272]: 09:27:34.049040 url0 @0:26 b 85.31.176.106,4789 -> monitoring.alistaircrooks.co.uk[81.187.253.36],radmin-port PR tcp len 20 48 -S IN 
Feb  7 09:29:20 dmz0 ipmon[272]: 09:29:18.130137 url0 @0:26 b pD9547697.dip.t-dialin.net[217.84.118.151],3135 -> water.alistaircrooks.co.uk[81.187.253.35],epmap PR tcp len 20 52 -S IN 
Feb  7 09:29:20 dmz0 ipmon[272]: 09:29:19.789135 url0 @0:26 b pD9547697.dip.t-dialin.net[217.84.118.151],3135 -> water.alistaircrooks.co.uk[81.187.253.35],epmap PR tcp len 20 52 -S IN 
Feb  7 09:29:21 dmz0 ipmon[272]: 09:29:21.124155 url0 @0:26 b pD9547697.dip.t-dialin.net[217.84.118.151],3135 -> water.alistaircrooks.co.uk[81.187.253.35],epmap PR tcp len 20 52 -S IN 
Feb  7 09:30:28 dmz0 sudo:   hobbit : TTY=unknown ; PWD=/usr/pkg/hobbit411/server ; USER=root ; COMMAND=/sbin/atactl wd0 smart status
Feb  7 09:30:28 dmz0 named[24527]: client 127.0.0.1#63692: error sending response: socket is not connected
Feb  7 09:30:28 dmz0 named[24527]: client 127.0.0.1#63692: error sending response: socket is not connected
Feb  7 09:34:50 dmz0 ipmon[272]: 09:34:49.766444 2x url0 @0:21 b loghost.crowthorne.alistaircrooks.co.uk[10.4.0.29],netbios-dgm -> 10.255.255.255,netbios-dgm PR udp len 20 249 IN broadcast 
Feb  7 09:35:28 dmz0 sudo:   hobbit : TTY=unknown ; PWD=/usr/pkg/hobbit411/server ; USER=root ; COMMAND=/sbin/atactl wd0 smart status
Feb  7 09:35:28 dmz0 named[24527]: client 127.0.0.1#63632: error sending response: socket is not connected
Feb  7 09:35:28 dmz0 named[24527]: client 127.0.0.1#63632: error sending response: socket is not connected
Feb  7 09:39:24 dmz0 ipmon[272]: 09:39:14.030110 url0 @0:27 b 194.67-19-135.reverse.theplanet.com[67.19.135.194],1031 -> monitoring.alistaircrooks.co.uk[81.187.253.36],ms-sql-m PR udp len 20 404 IN 
Feb  7 09:39:50 dmz0 sudo:   hobbit : TTY=unknown ; PWD=/usr/pkg/hobbit411/server ; USER=root ; COMMAND=/usr/pkg/bin/aide --check --config=/diskstats/20020428
Feb  7 09:40:29 dmz0 sudo:   hobbit : TTY=unknown ; PWD=/usr/pkg/hobbit411/server ; USER=root ; COMMAND=/sbin/atactl wd0 smart status
Feb  7 09:40:29 dmz0 named[24527]: client 127.0.0.1#63558: error sending response: socket is not connected
Feb  7 09:40:29 dmz0 named[24527]: client 127.0.0.1#63558: error sending response: socket is not connected
Feb  7 09:41:23 dmz0 ipmon[272]: 09:41:18.135364 url0 @0:27 b host169.glpediatrics.com[65.193.214.169],12233 -> gw1.alistaircrooks.co.uk[81.187.253.34],1026 PR udp len 20 1083 IN 
Feb  7 09:41:38 dmz0 ipmon[272]: 09:41:18.146337 url0 @0:27 b 65.219.28.11,31498 -> water.alistaircrooks.co.uk[81.187.253.35],1026 PR udp len 20 1083 IN 
Feb  7 09:41:48 dmz0 ipmon[272]: 09:41:18.148336 url0 @0:27 b 65.161.64.169,26535 -> monitoring.alistaircrooks.co.uk[81.187.253.36],1026 PR udp len 20 1083 IN 
Feb  7 09:42:18 dmz0 ipmon[272]: 09:42:02.536828 url0 @0:26 b 81.113.33.38,4258 -> gw1.alistaircrooks.co.uk[81.187.253.34],ms-sql-s PR tcp len 20 48 -S IN 
Feb  7 09:45:30 dmz0 named[24527]: client 127.0.0.1#63500: error sending response: socket is not connected
Feb  7 09:45:30 dmz0 named[24527]: client 127.0.0.1#63500: error sending response: socket is not connected
Feb  7 09:45:30 dmz0 sudo:   hobbit : TTY=unknown ; PWD=/usr/pkg/hobbit411/server ; USER=root ; COMMAND=/sbin/atactl wd0 smart status
Feb  7 09:46:50 dmz0 ipmon[272]: 09:46:50.879728 2x url0 @0:21 b loghost.crowthorne.alistaircrooks.co.uk[10.4.0.29],netbios-dgm -> 10.255.255.255,netbios-dgm PR udp len 20 249 IN broadcast 
Feb  7 09:50:31 dmz0 named[24527]: client 127.0.0.1#63442: error sending response: socket is not connected
Feb  7 09:50:31 dmz0 sudo:   hobbit : TTY=unknown ; PWD=/usr/pkg/hobbit411/server ; USER=root ; COMMAND=/sbin/atactl wd0 smart status
Feb  7 09:50:31 dmz0 named[24527]: client 127.0.0.1#63442: error sending response: socket is not connected
Feb  7 09:54:52 dmz0 sudo:   hobbit : TTY=unknown ; PWD=/usr/pkg/hobbit411/server ; USER=root ; COMMAND=/usr/pkg/bin/aide --check --config=/diskstats/20020428
Feb  7 09:55:35 dmz0 named[24527]: client 127.0.0.1#63382: error sending response: socket is not connected
Feb  7 09:55:35 dmz0 named[24527]: client 127.0.0.1#63382: error sending response: socket is not connected
Feb  7 09:55:35 dmz0 sudo:   hobbit : TTY=unknown ; PWD=/usr/pkg/hobbit411/server ; USER=root ; COMMAND=/sbin/atactl wd0 smart status
Feb  7 09:56:30 dmz0 ipmon[272]: 09:56:16.486508 url0 @0:26 b host-81.10.11.2.tedata.net[81.10.11.2],1404 -> monitoring.alistaircrooks.co.uk[81.187.253.36],netbios-ssn PR tcp len 20 48 -S IN 
Feb  7 09:58:53 dmz0 ipmon[272]: 09:58:41.198981 url0 @0:27 b Serial1-0-6-5.gw2.ams9.alter.net[213.53.33.225],21195 -> gw1.alistaircrooks.co.uk[81.187.253.34],1026 PR udp len 20 908 IN 
Feb  7 09:59:13 dmz0 ipmon[272]: 09:58:41.209957 url0 @0:27 b 213.113.191.163,12938 -> water.alistaircrooks.co.uk[81.187.253.35],1026 PR udp len 20 908 IN 
Feb  7 09:59:23 dmz0 ipmon[272]: 09:58:41.211954 url0 @0:27 b 213.128.174.250,3443 -> monitoring.alistaircrooks.co.uk[81.187.253.36],1026 PR udp len 20 908 IN 
Feb  7 09:59:33 dmz0 ipmon[272]: 09:58:48.640063 url0 @0:26 b 211.181.152.82,1765 -> gw1.alistaircrooks.co.uk[81.187.253.34],radmin-port PR tcp len 20 44 -S IN 
Feb  7 09:59:33 dmz0 ipmon[272]: 09:58:48.648034 url0 @0:26 b 211.181.152.82,1769 -> monitoring.alistaircrooks.co.uk[81.187.253.36],radmin-port PR tcp len 20 44 -S IN 
Feb  7 09:59:33 dmz0 ipmon[272]: 09:58:48.658032 url0 @0:26 b 211.181.152.82,1768 -> water.alistaircrooks.co.uk[81.187.253.35],radmin-port PR tcp len 20 44 -S IN 
Feb  7 09:59:33 dmz0 ipmon[272]: 09:58:49.413092 url0 @0:26 b 211.181.152.82,1765 -> gw1.alistaircrooks.co.uk[81.187.253.34],radmin-port PR tcp len 20 44 -S IN 
Feb  7 09:59:33 dmz0 ipmon[272]: 09:58:49.418037 url0 @0:26 b 211.181.152.82,1769 -> monitoring.alistaircrooks.co.uk[81.187.253.36],radmin-port PR tcp len 20 44 -S IN 
Feb  7 09:59:33 dmz0 ipmon[272]: 09:58:49.431046 url0 @0:26 b 211.181.152.82,1768 -> water.alistaircrooks.co.uk[81.187.253.35],radmin-port PR tcp len 20 44 -S IN 
Feb  7 09:59:33 dmz0 ipmon[272]: 09:58:50.116079 url0 @0:26 b 211.181.152.82,1765 -> gw1.alistaircrooks.co.uk[81.187.253.34],radmin-port PR tcp len 20 44 -S IN 
Feb  7 09:59:33 dmz0 ipmon[272]: 09:58:50.120043 url0 @0:26 b 211.181.152.82,1769 -> monitoring.alistaircrooks.co.uk[81.187.253.36],radmin-port PR tcp len 20 44 -S IN 
Feb  7 09:59:33 dmz0 ipmon[272]: 09:58:50.235092 url0 @0:26 b 211.181.152.82,1768 -> water.alistaircrooks.co.uk[81.187.253.35],radmin-port PR tcp len 20 44 -S IN 
Feb  7 09:59:33 dmz0 ipmon[272]: 09:58:50.819087 url0 @0:26 b 211.181.152.82,1765 -> gw1.alistaircrooks.co.uk[81.187.253.34],radmin-port PR tcp len 20 44 -S IN 
Feb  7 09:59:33 dmz0 ipmon[272]: 09:58:50.823048 url0 @0:26 b 211.181.152.82,1769 -> monitoring.alistaircrooks.co.uk[81.187.253.36],radmin-port PR tcp len 20 44 -S IN 
Feb  7 09:59:33 dmz0 ipmon[272]: 09:58:51.038052 url0 @0:26 b 211.181.152.82,1768 -> water.alistaircrooks.co.uk[81.187.253.35],radmin-port PR tcp len 20 44 -S IN 
Feb  7 09:59:33 dmz0 ipmon[272]: 09:58:57.664137 2x url0 @0:21 b loghost.crowthorne.alistaircrooks.co.uk[10.4.0.29],netbios-dgm -> 10.255.255.255,netbios-dgm PR udp len 20 249 IN broadcast 
Feb  7 10:00:37 dmz0 named[24527]: client 127.0.0.1#63324: error sending response: socket is not connected
Feb  7 10:00:37 dmz0 sudo:   hobbit : TTY=unknown ; PWD=/usr/pkg/hobbit411/server ; USER=root ; COMMAND=/sbin/atactl wd0 smart status
Feb  7 10:00:37 dmz0 named[24527]: client 127.0.0.1#63324: error sending response: socket is not connected
Feb  7 10:05:39 dmz0 named[24527]: client 127.0.0.1#63246: error sending response: socket is not connected
Feb  7 10:05:39 dmz0 sudo:   hobbit : TTY=unknown ; PWD=/usr/pkg/hobbit411/server ; USER=root ; COMMAND=/sbin/atactl wd0 smart status
Feb  7 10:05:39 dmz0 named[24527]: client 127.0.0.1#63246: error sending response: socket is not connected
Feb  7 10:09:55 dmz0 sudo:   hobbit : TTY=unknown ; PWD=/usr/pkg/hobbit411/server ; USER=root ; COMMAND=/usr/pkg/bin/aide --check --config=/diskstats/20020428
Feb  7 10:10:44 dmz0 sudo:   hobbit : TTY=unknown ; PWD=/usr/pkg/hobbit411/server ; USER=root ; COMMAND=/sbin/atactl wd0 smart status
Feb  7 10:11:01 dmz0 ipmon[272]: 10:11:00.717550 2x url0 @0:21 b loghost.crowthorne.alistaircrooks.co.uk[10.4.0.29],netbios-dgm -> 10.255.255.255,netbios-dgm PR udp len 20 249 IN broadcast 
Feb  7 10:12:29 dmz0 ipmon[272]: 10:12:18.919371 url0 @0:26 b p54B6D805.dip.t-dialin.net[84.182.216.5],3367 -> monitoring.alistaircrooks.co.uk[81.187.253.36],epmap PR tcp len 20 48 -S IN 
Feb  7 10:12:29 dmz0 ipmon[272]: 10:12:19.513381 2x url0 @0:26 b p54B6D805.dip.t-dialin.net[84.182.216.5],3367 -> monitoring.alistaircrooks.co.uk[81.187.253.36],epmap PR tcp len 20 48 -S IN 
Feb  7 10:15:44 dmz0 named[24527]: client 127.0.0.1#63107: error sending response: socket is not connected
Feb  7 10:15:44 dmz0 named[24527]: client 127.0.0.1#63107: error sending response: socket is not connected
Feb  7 10:15:44 dmz0 sudo:   hobbit : TTY=unknown ; PWD=/usr/pkg/hobbit411/server ; USER=root ; COMMAND=/sbin/atactl wd0 smart status
Feb  7 10:20:45 dmz0 named[24527]: client 127.0.0.1#63049: error sending response: socket is not connected
Feb  7 10:20:45 dmz0 sudo:   hobbit : TTY=unknown ; PWD=/usr/pkg/hobbit411/server ; USER=root ; COMMAND=/sbin/atactl wd0 smart status
Feb  7 10:20:45 dmz0 named[24527]: client 127.0.0.1#63049: error sending response: socket is not connected
Feb  7 10:23:07 dmz0 ipmon[272]: 10:23:07.512008 2x url0 @0:21 b loghost.crowthorne.alistaircrooks.co.uk[10.4.0.29],netbios-dgm -> 10.255.255.255,netbios-dgm PR udp len 20 249 IN broadcast 
Feb  7 10:23:10 dmz0 ipmon[272]: 10:23:07.686009 url0 @0:27 b h245.dtk.kiae.su[144.206.32.245],1067 -> water.alistaircrooks.co.uk[81.187.253.35],ms-sql-m PR udp len 20 404 IN 
Feb  7 10:24:55 dmz0 sudo:   hobbit : TTY=unknown ; PWD=/usr/pkg/hobbit411/server ; USER=root ; COMMAND=/usr/pkg/bin/aide --check --config=/diskstats/20020428
Feb  7 10:25:49 dmz0 sudo:   hobbit : TTY=unknown ; PWD=/usr/pkg/hobbit411/server ; USER=root ; COMMAND=/sbin/atactl wd0 smart status
Feb  7 10:25:49 dmz0 named[24527]: client 127.0.0.1#62989: error sending response: socket is not connected
Feb  7 10:25:49 dmz0 named[24527]: client 127.0.0.1#62989: error sending response: socket is not connected
Feb  7 10:30:50 dmz0 sudo:   hobbit : TTY=unknown ; PWD=/usr/pkg/hobbit411/server ; USER=root ; COMMAND=/sbin/atactl wd0 smart status
Feb  7 10:30:50 dmz0 named[24527]: client 127.0.0.1#62931: error sending response: socket is not connected
Feb  7 10:30:50 dmz0 named[24527]: client 127.0.0.1#62931: error sending response: socket is not connected
Feb  7 10:30:59 dmz0 ipmon[272]: 10:30:49.394779 url0 @0:26 b host21-110.pool8258.interbusiness.it[82.58.110.21],4211 -> gw1.alistaircrooks.co.uk[81.187.253.34],epmap PR tcp len 20 48 -S IN 
Feb  7 10:30:59 dmz0 ipmon[272]: 10:30:49.922782 2x url0 @0:26 b host21-110.pool8258.interbusiness.it[82.58.110.21],4211 -> gw1.alistaircrooks.co.uk[81.187.253.34],epmap PR tcp len 20 48 -S IN 
Feb  7 10:35:16 dmz0 ipmon[272]: 10:35:16.085485 2x url0 @0:21 b loghost.crowthorne.alistaircrooks.co.uk[10.4.0.29],netbios-dgm -> 10.255.255.255,netbios-dgm PR udp len 20 249 IN broadcast 
Feb  7 10:35:51 dmz0 named[24527]: client 127.0.0.1#62873: error sending response: socket is not connected
Feb  7 10:35:51 dmz0 named[24527]: client 127.0.0.1#62873: error sending response: socket is not connected
Feb  7 10:35:51 dmz0 sudo:   hobbit : TTY=unknown ; PWD=/usr/pkg/hobbit411/server ; USER=root ; COMMAND=/sbin/atactl wd0 smart status
Feb  7 10:36:38 dmz0 ipmon[272]: 10:36:27.932238 url0 @0:27 b lgb-cust-66.18.141.126.mpowercom.net[66.18.141.126],29866 -> gw1.alistaircrooks.co.uk[81.187.253.34],1026 PR udp len 20 1329 IN 
Feb  7 10:39:57 dmz0 sudo:   hobbit : TTY=unknown ; PWD=/usr/pkg/hobbit411/server ; USER=root ; COMMAND=/usr/pkg/bin/aide --check --config=/diskstats/20020428
Feb  7 10:40:47 dmz0 ipmon[272]: 10:40:45.122877 url0 @0:26 b 63.Red-81-43-26.staticIP.rima-tde.net[81.43.26.63],1317 -> water.alistaircrooks.co.uk[81.187.253.35],epmap PR tcp len 20 52 -S IN 
Feb  7 10:40:48 dmz0 ipmon[272]: 10:40:47.892898 url0 @0:26 b 63.Red-81-43-26.staticIP.rima-tde.net[81.43.26.63],1317 -> water.alistaircrooks.co.uk[81.187.253.35],epmap PR tcp len 20 52 -S IN 
Feb  7 10:40:51 dmz0 named[24527]: client 127.0.0.1#62794: error sending response: socket is not connected
Feb  7 10:40:51 dmz0 named[24527]: client 127.0.0.1#62794: error sending response: socket is not connected
Feb  7 10:40:51 dmz0 sudo:   hobbit : TTY=unknown ; PWD=/usr/pkg/hobbit411/server ; USER=root ; COMMAND=/sbin/atactl wd0 smart status
Feb  7 10:41:31 dmz0 ipmon[272]: 10:41:30.469341 url0 @0:26 b p5491BF57.dip0.t-ipconnect.de[84.145.191.87],64396 -> gw1.alistaircrooks.co.uk[81.187.253.34],ms-sql-s PR tcp len 20 48 -S IN 
Feb  7 10:41:31 dmz0 ipmon[272]: 10:41:30.483310 url0 @0:26 b p5491BF57.dip0.t-ipconnect.de[84.145.191.87],64397 -> water.alistaircrooks.co.uk[81.187.253.35],ms-sql-s PR tcp len 20 48 -S IN 
Feb  7 10:41:32 dmz0 ipmon[272]: 10:41:31.120366 url0 @0:26 b p5491BF57.dip0.t-ipconnect.de[84.145.191.87],64396 -> gw1.alistaircrooks.co.uk[81.187.253.34],ms-sql-s PR tcp len 20 48 -S IN 
Feb  7 10:45:37 dmz0 ipmon[272]: 10:45:26.770783 2x url0 @0:26 b 81.84.209.135,4812 -> gw1.alistaircrooks.co.uk[81.187.253.34],netbios-ssn PR tcp len 20 48 -S IN 
Feb  7 10:45:37 dmz0 ipmon[272]: 10:45:27.768783 url0 @0:26 b 81.84.209.135,4812 -> gw1.alistaircrooks.co.uk[81.187.253.34],netbios-ssn PR tcp len 20 48 -S IN 
Feb  7 10:45:53 dmz0 named[24527]: client 127.0.0.1#62736: error sending response: socket is not connected
Feb  7 10:45:53 dmz0 named[24527]: client 127.0.0.1#62736: error sending response: socket is not connected
Feb  7 10:45:53 dmz0 sudo:   hobbit : TTY=unknown ; PWD=/usr/pkg/hobbit411/server ; USER=root ; COMMAND=/sbin/atactl wd0 smart status
Feb  7 10:46:19 sys3 smartd[799]: Device: /dev/wd0d, SMART Prefailure Attribute: 8 Seek_Time_Performance changed from 252 to 251 
Feb  7 10:47:08 dmz0 ipmon[272]: 10:47:07.956801 url0 @0:26 b host-81-191-196-111.bluecom.no[81.191.196.111],2355 -> water.alistaircrooks.co.uk[81.187.253.35],microsoft-ds PR tcp len 20 64 -S IN 
Feb  7 10:47:17 dmz0 ipmon[272]: 10:47:16.818895 2x url0 @0:21 b loghost.crowthorne.alistaircrooks.co.uk[10.4.0.29],netbios-dgm -> 10.255.255.255,netbios-dgm PR udp len 20 249 IN broadcast 
Feb  7 10:47:57 dmz0 ipmon[272]: 10:47:46.655226 url0 @0:26 b 88-110-225-81.dynamic.dsl.as9105.com[88.110.225.81],3978 -> gw1.alistaircrooks.co.uk[81.187.253.34],epmap PR tcp len 20 48 -S IN 
Feb  7 10:47:57 dmz0 ipmon[272]: 10:47:47.099210 2x url0 @0:26 b 88-110-225-81.dynamic.dsl.as9105.com[88.110.225.81],3978 -> gw1.alistaircrooks.co.uk[81.187.253.34],epmap PR tcp len 20 48 -S IN 
Feb  7 10:50:54 dmz0 sudo:   hobbit : TTY=unknown ; PWD=/usr/pkg/hobbit411/server ; USER=root ; COMMAND=/sbin/atactl wd0 smart status
Feb  7 10:50:54 dmz0 named[24527]: client 127.0.0.1#62674: error sending response: socket is not connected
Feb  7 10:50:54 dmz0 named[24527]: client 127.0.0.1#62674: error sending response: socket is not connected
Feb  7 10:54:59 dmz0 sudo:   hobbit : TTY=unknown ; PWD=/usr/pkg/hobbit411/server ; USER=root ; COMMAND=/usr/pkg/bin/aide --check --config=/diskstats/20020428
Feb  7 10:55:26 dmz0 ipmon[272]: 10:55:23.848871 2x url0 @0:26 b 66.179.218.36,3535 -> water.alistaircrooks.co.uk[81.187.253.35],ms-sql-s PR tcp len 20 48 -S IN 
Feb  7 10:55:26 dmz0 ipmon[272]: 10:55:25.186884 url0 @0:26 b 66.179.218.36,3535 -> water.alistaircrooks.co.uk[81.187.253.35],ms-sql-s PR tcp len 20 48 -S IN 
Feb  7 10:55:58 dmz0 sudo:   hobbit : TTY=unknown ; PWD=/usr/pkg/hobbit411/server ; USER=root ; COMMAND=/sbin/atactl wd0 smart status
Feb  7 10:55:58 dmz0 named[24527]: client 127.0.0.1#62614: error sending response: socket is not connected
Feb  7 10:55:58 dmz0 named[24527]: client 127.0.0.1#62614: error sending response: socket is not connected
Feb  7 10:59:01 dmz0 ipmon[272]: 10:58:43.284937 url0 @0:26 b 81.195.124.54,3965 -> gw1.alistaircrooks.co.uk[81.187.253.34],netbios-ssn PR tcp len 20 48 -S IN 
Feb  7 10:59:12 dmz0 ipmon[272]: 10:58:43.896929 2x url0 @0:26 b 81.195.124.54,3965 -> gw1.alistaircrooks.co.uk[81.187.253.34],netbios-ssn PR tcp len 20 48 -S IN 
Feb  7 10:59:22 dmz0 ipmon[272]: 10:58:56.699065 3x url0 @0:26 b p54BCE478.dip.t-dialin.net[84.188.228.120],3099 -> gw1.alistaircrooks.co.uk[81.187.253.34],epmap PR tcp len 20 52 -S IN 
Feb  7 10:59:22 dmz0 ipmon[272]: 10:59:13.597214 2x url0 @0:21 b loghost.crowthorne.alistaircrooks.co.uk[10.4.0.29],netbios-dgm -> 10.255.255.255,netbios-dgm PR udp len 20 249 IN broadcast 
Feb  7 11:00:59 dmz0 named[24527]: client 127.0.0.1#62555: error sending response: socket is not connected
Feb  7 11:00:59 dmz0 sudo:   hobbit : TTY=unknown ; PWD=/usr/pkg/hobbit411/server ; USER=root ; COMMAND=/sbin/atactl wd0 smart status
Feb  7 11:00:59 dmz0 named[24527]: client 127.0.0.1#62555: error sending response: socket is not connected
Feb  7 11:06:01 dmz0 named[24527]: client 127.0.0.1#62471: error sending response: socket is not connected
Feb  7 11:06:01 dmz0 named[24527]: client 127.0.0.1#62471: error sending response: socket is not connected
Feb  7 11:06:01 dmz0 sudo:   hobbit : TTY=unknown ; PWD=/usr/pkg/hobbit411/server ; USER=root ; COMMAND=/sbin/atactl wd0 smart status
Feb  7 11:08:19 dmz0 ipmon[272]: 11:08:18.517789 url0 @0:27 b Toronto-HSE-ppp3660825.sympatico.ca[65.95.145.214],7488 -> gw1.alistaircrooks.co.uk[81.187.253.34],1026 PR udp len 20 1083 IN 
Feb  7 11:08:29 dmz0 ipmon[272]: 11:08:18.523766 url0 @0:27 b 65.163.162.200.telcoweb.net[65.163.162.200],14590 -> water.alistaircrooks.co.uk[81.187.253.35],1026 PR udp len 20 1083 IN 
Feb  7 11:08:41 dmz0 ipmon[272]: 11:08:18.532763 url0 @0:27 b d17060.gemlink.com[65.216.170.60],25507 -> monitoring.alistaircrooks.co.uk[81.187.253.36],1026 PR udp len 20 1083 IN 
Feb  7 11:08:43 dmz0 ipmon[272]: 11:08:19.261830 url0 @0:26 b ip-81.180.77.252.asm.renam.md[81.180.77.252],3361 -> monitoring.alistaircrooks.co.uk[81.187.253.36],epmap PR tcp len 20 48 -S IN 
Feb  7 11:08:43 dmz0 ipmon[272]: 11:08:19.263765 url0 @0:26 b ip-81.180.77.252.asm.renam.md[81.180.77.252],3360 -> water.alistaircrooks.co.uk[81.187.253.35],epmap PR tcp len 20 48 -S IN 
Feb  7 11:08:43 dmz0 ipmon[272]: 11:08:19.265765 url0 @0:26 b ip-81.180.77.252.asm.renam.md[81.180.77.252],3359 -> gw1.alistaircrooks.co.uk[81.187.253.34],epmap PR tcp len 20 48 -S IN 
Feb  7 11:08:43 dmz0 ipmon[272]: 11:08:19.847819 url0 @0:26 b ip-81.180.77.252.asm.renam.md[81.180.77.252],3361 -> monitoring.alistaircrooks.co.uk[81.187.253.36],epmap PR tcp len 20 48 -S IN 
Feb  7 11:08:43 dmz0 ipmon[272]: 11:08:19.849771 url0 @0:26 b ip-81.180.77.252.asm.renam.md[81.180.77.252],3360 -> water.alistaircrooks.co.uk[81.187.253.35],epmap PR tcp len 20 48 -S IN 
Feb  7 11:08:43 dmz0 ipmon[272]: 11:08:19.851780 url0 @0:26 b ip-81.180.77.252.asm.renam.md[81.180.77.252],3359 -> gw1.alistaircrooks.co.uk[81.187.253.34],epmap PR tcp len 20 48 -S IN 
Feb  7 11:08:43 dmz0 ipmon[272]: 11:08:20.433823 url0 @0:26 b ip-81.180.77.252.asm.renam.md[81.180.77.252],3361 -> monitoring.alistaircrooks.co.uk[81.187.253.36],epmap PR tcp len 20 48 -S IN 
Feb  7 11:08:43 dmz0 ipmon[272]: 11:08:20.435776 url0 @0:26 b ip-81.180.77.252.asm.renam.md[81.180.77.252],3360 -> water.alistaircrooks.co.uk[81.187.253.35],epmap PR tcp len 20 48 -S IN 
Feb  7 11:08:43 dmz0 ipmon[272]: 11:08:20.437777 url0 @0:26 b ip-81.180.77.252.asm.renam.md[81.180.77.252],3359 -> gw1.alistaircrooks.co.uk[81.187.253.34],epmap PR tcp len 20 48 -S IN 
Feb  7 11:10:02 dmz0 sudo:   hobbit : TTY=unknown ; PWD=/usr/pkg/hobbit411/server ; USER=root ; COMMAND=/usr/pkg/bin/aide --check --config=/diskstats/20020428
Feb  7 11:10:15 dmz0 ipmon[272]: 11:10:13.382970 url0 @0:26 b 32.181.99-84.rev.gaoland.net[84.99.181.32],4087 -> water.alistaircrooks.co.uk[81.187.253.35],epmap PR tcp len 20 48 -S IN 
Feb  7 11:10:15 dmz0 ipmon[272]: 11:10:13.858952 2x url0 @0:26 b 32.181.99-84.rev.gaoland.net[84.99.181.32],4087 -> water.alistaircrooks.co.uk[81.187.253.35],epmap PR tcp len 20 48 -S IN 
Feb  7 11:11:06 dmz0 sudo:   hobbit : TTY=unknown ; PWD=/usr/pkg/hobbit411/server ; USER=root ; COMMAND=/sbin/atactl wd0 smart status
Feb  7 11:11:06 dmz0 named[24527]: client 127.0.0.1#62390: error sending response: socket is not connected
Feb  7 11:11:06 dmz0 named[24527]: client 127.0.0.1#62390: error sending response: socket is not connected
Feb  7 11:11:26 dmz0 ipmon[272]: 11:11:26.276648 2x url0 @0:21 b loghost.crowthorne.alistaircrooks.co.uk[10.4.0.29],netbios-dgm -> 10.255.255.255,netbios-dgm PR udp len 20 249 IN broadcast 
Feb  7 11:13:52 dmz0 ipmon[272]: 11:13:36.866950 url0 @0:27 b 213.153.253.21,11722 -> gw1.alistaircrooks.co.uk[81.187.253.34],1026 PR udp len 20 908 IN 
Feb  7 11:14:02 dmz0 ipmon[272]: 11:13:36.870924 url0 @0:27 b 213.148.120.129,14311 -> monitoring.alistaircrooks.co.uk[81.187.253.36],1026 PR udp len 20 908 IN 
Feb  7 11:14:12 dmz0 ipmon[272]: 11:13:36.874920 url0 @0:27 b 213.183.119.188,9055 -> water.alistaircrooks.co.uk[81.187.253.35],1026 PR udp len 20 908 IN 
Feb  7 11:16:06 dmz0 named[24527]: client 127.0.0.1#62332: error sending response: socket is not connected
Feb  7 11:16:06 dmz0 sudo:   hobbit : TTY=unknown ; PWD=/usr/pkg/hobbit411/server ; USER=root ; COMMAND=/sbin/atactl wd0 smart status
Feb  7 11:16:06 dmz0 named[24527]: client 127.0.0.1#62332: error sending response: socket is not connected
Feb  7 11:16:20 sys3 smartd[799]: Device: /dev/wd1d, SMART Prefailure Attribute: 8 Seek_Time_Performance changed from 252 to 251 
Feb  7 11:21:07 dmz0 named[24527]: client 127.0.0.1#62274: error sending response: socket is not connected
Feb  7 11:21:07 dmz0 sudo:   hobbit : TTY=unknown ; PWD=/usr/pkg/hobbit411/server ; USER=root ; COMMAND=/sbin/atactl wd0 smart status
Feb  7 11:21:07 dmz0 named[24527]: client 127.0.0.1#62274: error sending response: socket is not connected
Feb  7 11:23:34 dmz0 ipmon[272]: 11:23:33.069816 2x url0 @0:21 b loghost.crowthorne.alistaircrooks.co.uk[10.4.0.29],netbios-dgm -> 10.255.255.255,netbios-dgm PR udp len 20 249 IN broadcast 
Feb  7 11:25:02 dmz0 sudo:   hobbit : TTY=unknown ; PWD=/usr/pkg/hobbit411/server ; USER=root ; COMMAND=/usr/pkg/bin/aide --check --config=/diskstats/20020428
Feb  7 11:26:01 dmz0 ipmon[272]: 11:25:59.003269 url0 @0:27 b 255-111-66.webhostplus.com[66.111.255.148],1319 -> water.alistaircrooks.co.uk[81.187.253.35],ms-sql-m PR udp len 20 404 IN 
Feb  7 11:26:11 dmz0 sudo:   hobbit : TTY=unknown ; PWD=/usr/pkg/hobbit411/server ; USER=root ; COMMAND=/sbin/atactl wd0 smart status
Feb  7 11:26:11 dmz0 named[24527]: client 127.0.0.1#62214: error sending response: socket is not connected
Feb  7 11:26:11 dmz0 named[24527]: client 127.0.0.1#62214: error sending response: socket is not connected
Feb  7 11:27:13 dmz0 ipmon[272]: 11:27:03.279941 url0 @0:26 b dyn-240.236.005.081.arpa.etel.at[81.5.236.240],2530 -> water.alistaircrooks.co.uk[81.187.253.35],microsoft-ds PR tcp len 20 48 -S IN 
Feb  7 11:27:13 dmz0 ipmon[272]: 11:27:05.158935 url0 @0:26 b dyn-240.236.005.081.arpa.etel.at[81.5.236.240],2530 -> water.alistaircrooks.co.uk[81.187.253.35],microsoft-ds PR tcp len 20 48 -S IN 
Feb  7 11:30:08 dmz0 ipmon[272]: 11:30:07.929781 url0 @0:26 b 80-219-247-72.dclient.hispeed.ch[80.219.247.72],3784 -> monitoring.alistaircrooks.co.uk[81.187.253.36],epmap PR tcp len 20 48 -S IN 
Feb  7 11:30:09 dmz0 ipmon[272]: 11:30:08.441779 2x url0 @0:26 b 80-219-247-72.dclient.hispeed.ch[80.219.247.72],3784 -> monitoring.alistaircrooks.co.uk[81.187.253.36],epmap PR tcp len 20 48 -S IN 
Feb  7 11:31:12 dmz0 named[24527]: client 127.0.0.1#62156: error sending response: socket is not connected
Feb  7 11:31:12 dmz0 sudo:   hobbit : TTY=unknown ; PWD=/usr/pkg/hobbit411/server ; USER=root ; COMMAND=/sbin/atactl wd0 smart status
Feb  7 11:31:12 dmz0 named[24527]: client 127.0.0.1#62156: error sending response: socket is not connected
Feb  7 11:35:40 dmz0 ipmon[272]: 11:35:39.854110 2x url0 @0:21 b loghost.crowthorne.alistaircrooks.co.uk[10.4.0.29],netbios-dgm -> 10.255.255.255,netbios-dgm PR udp len 20 249 IN broadcast 
Feb  7 11:36:13 dmz0 named[24527]: client 127.0.0.1#62095: error sending response: socket is not connected
Feb  7 11:36:13 dmz0 sudo:   hobbit : TTY=unknown ; PWD=/usr/pkg/hobbit411/server ; USER=root ; COMMAND=/sbin/atactl wd0 smart status
Feb  7 11:36:13 dmz0 named[24527]: client 127.0.0.1#62095: error sending response: socket is not connected
Feb  7 11:40:04 dmz0 sudo:   hobbit : TTY=unknown ; PWD=/usr/pkg/hobbit411/server ; USER=root ; COMMAND=/usr/pkg/bin/aide --check --config=/diskstats/20020428
Feb  7 11:41:13 dmz0 named[24527]: client 127.0.0.1#62019: error sending response: socket is not connected
Feb  7 11:41:13 dmz0 named[24527]: client 127.0.0.1#62019: error sending response: socket is not connected
Feb  7 11:41:13 dmz0 sudo:   hobbit : TTY=unknown ; PWD=/usr/pkg/hobbit411/server ; USER=root ; COMMAND=/sbin/atactl wd0 smart status
Feb  7 11:45:25 dmz0 ipmon[272]: 11:45:22.825026 url0 @0:26 b host81-129-62-103.range81-129.btcentralplus.com[81.129.62.103],4367 -> monitoring.alistaircrooks.co.uk[81.187.253.36],microsoft-ds PR tcp len 20 48 -S IN 
Feb  7 11:45:25 dmz0 ipmon[272]: 11:45:23.397028 2x url0 @0:26 b host81-129-62-103.range81-129.btcentralplus.com[81.129.62.103],4367 -> monitoring.alistaircrooks.co.uk[81.187.253.36],microsoft-ds PR tcp len 20 48 -S IN 
Feb  7 11:46:15 dmz0 named[24527]: client 127.0.0.1#61948: error sending response: socket is not connected
Feb  7 11:46:15 dmz0 named[24527]: client 127.0.0.1#61948: error sending response: socket is not connected
Feb  7 11:46:15 dmz0 sudo:   hobbit : TTY=unknown ; PWD=/usr/pkg/hobbit411/server ; USER=root ; COMMAND=/sbin/atactl wd0 smart status
Feb  7 11:47:47 dmz0 ipmon[272]: 11:47:46.887511 2x url0 @0:21 b loghost.crowthorne.alistaircrooks.co.uk[10.4.0.29],netbios-dgm -> 10.255.255.255,netbios-dgm PR udp len 20 249 IN broadcast 
Feb  7 11:49:34 dmz0 ipmon[272]: 11:49:32.555565 url0 @0:26 b 88-104-143-148.dynamic.dsl.as9105.com[88.104.143.148],3712 -> water.alistaircrooks.co.uk[81.187.253.35],epmap PR tcp len 20 48 -S IN 
Feb  7 11:49:34 dmz0 ipmon[272]: 11:49:33.082566 2x url0 @0:26 b 88-104-143-148.dynamic.dsl.as9105.com[88.104.143.148],3712 -> water.alistaircrooks.co.uk[81.187.253.35],epmap PR tcp len 20 48 -S IN 
Feb  7 11:51:15 dmz0 named[24527]: client 127.0.0.1#61890: error sending response: socket is not connected
Feb  7 11:51:15 dmz0 sudo:   hobbit : TTY=unknown ; PWD=/usr/pkg/hobbit411/server ; USER=root ; COMMAND=/sbin/atactl wd0 smart status
Feb  7 11:51:15 dmz0 named[24527]: client 127.0.0.1#61890: error sending response: socket is not connected
Feb  7 11:52:49 dmz0 ipmon[272]: 11:52:45.655531 url0 @0:27 b 219.150.118.19,2741 -> monitoring.alistaircrooks.co.uk[81.187.253.36],1029 PR udp len 20 951 IN 
Feb  7 11:52:49 dmz0 ipmon[272]: 11:52:45.660501 url0 @0:27 b 219.150.118.19,2048 -> gw1.alistaircrooks.co.uk[81.187.253.34],1029 PR udp len 20 951 IN 
Feb  7 11:52:52 dmz0 ipmon[272]: 11:52:50.555607 url0 @0:26 b 168.Red-81-37-220.dynamicIP.rima-tde.net[81.37.220.168],4424 -> gw1.alistaircrooks.co.uk[81.187.253.34],microsoft-ds PR tcp len 20 48 -S IN 
Feb  7 11:52:52 dmz0 ipmon[272]: 11:52:51.114590 2x url0 @0:26 b 168.Red-81-37-220.dynamicIP.rima-tde.net[81.37.220.168],4424 -> gw1.alistaircrooks.co.uk[81.187.253.34],microsoft-ds PR tcp len 20 48 -S IN 
Feb  7 11:54:43 dmz0 ipmon[272]: 11:54:40.375708 url0 @0:26 b ip68-191-59-81.dyndsl.versatel.nl[81.59.191.68],4566 -> gw1.alistaircrooks.co.uk[81.187.253.34],epmap PR tcp len 20 48 -S IN 
Feb  7 11:54:44 dmz0 ipmon[272]: 11:54:43.284732 url0 @0:26 b ip68-191-59-81.dyndsl.versatel.nl[81.59.191.68],4566 -> gw1.alistaircrooks.co.uk[81.187.253.34],epmap PR tcp len 20 48 -S IN 
