Feb  7 04:23:58 dmz0 sudo:   hobbit : TTY=unknown ; PWD=/usr/pkg/hobbit411/server ; USER=root ; COMMAND=/usr/pkg/bin/aide --check --config=/diskstats/20020428
Feb  7 04:24:14 dmz0 named[24527]: client 127.0.0.1#51526: error sending response: socket is not connected
Feb  7 04:24:14 dmz0 sudo:   hobbit : TTY=unknown ; PWD=/usr/pkg/hobbit411/server ; USER=root ; COMMAND=/sbin/atactl wd0 smart status
Feb  7 04:24:14 dmz0 named[24527]: client 127.0.0.1#51526: error sending response: socket is not connected
Feb  7 04:29:14 dmz0 named[24527]: client 127.0.0.1#51466: error sending response: socket is not connected
Feb  7 04:29:14 dmz0 named[24527]: client 127.0.0.1#51466: error sending response: socket is not connected
Feb  7 04:29:14 dmz0 sudo:   hobbit : TTY=unknown ; PWD=/usr/pkg/hobbit411/server ; USER=root ; COMMAND=/sbin/atactl wd0 smart status
Feb  7 04:32:25 dmz0 ipmon[272]: 04:32:25.105145 2x url0 @0:21 b loghost.crowthorne.alistaircrooks.co.uk[10.4.0.29],netbios-dgm -> 10.255.255.255,netbios-dgm PR udp len 20 249 IN broadcast 
Feb  7 04:34:15 dmz0 named[24527]: client 127.0.0.1#51364: error sending response: socket is not connected
Feb  7 04:34:15 dmz0 named[24527]: client 127.0.0.1#51364: error sending response: socket is not connected
Feb  7 04:34:15 dmz0 sudo:   hobbit : TTY=unknown ; PWD=/usr/pkg/hobbit411/server ; USER=root ; COMMAND=/sbin/atactl wd0 smart status
Feb  7 04:39:02 dmz0 sudo:   hobbit : TTY=unknown ; PWD=/usr/pkg/hobbit411/server ; USER=root ; COMMAND=/usr/pkg/bin/aide --check --config=/diskstats/20020428
Feb  7 04:39:17 dmz0 named[24527]: client 127.0.0.1#51290: error sending response: socket is not connected
Feb  7 04:39:17 dmz0 sudo:   hobbit : TTY=unknown ; PWD=/usr/pkg/hobbit411/server ; USER=root ; COMMAND=/sbin/atactl wd0 smart status
Feb  7 04:39:17 dmz0 named[24527]: client 127.0.0.1#51290: error sending response: socket is not connected
Feb  7 04:44:17 dmz0 named[24527]: client 127.0.0.1#51230: error sending response: socket is not connected
Feb  7 04:44:17 dmz0 sudo:   hobbit : TTY=unknown ; PWD=/usr/pkg/hobbit411/server ; USER=root ; COMMAND=/sbin/atactl wd0 smart status
Feb  7 04:44:17 dmz0 named[24527]: client 127.0.0.1#51230: error sending response: socket is not connected
Feb  7 04:44:22 dmz0 ipmon[272]: 04:44:21.961008 2x url0 @0:21 b loghost.crowthorne.alistaircrooks.co.uk[10.4.0.29],netbios-dgm -> 10.255.255.255,netbios-dgm PR udp len 20 249 IN broadcast 
Feb  7 04:49:20 dmz0 named[24527]: client 127.0.0.1#51152: error sending response: socket is not connected
Feb  7 04:49:20 dmz0 named[24527]: client 127.0.0.1#51152: error sending response: socket is not connected
Feb  7 04:49:20 dmz0 sudo:   hobbit : TTY=unknown ; PWD=/usr/pkg/hobbit411/server ; USER=root ; COMMAND=/sbin/atactl wd0 smart status
Feb  7 04:54:06 dmz0 sudo:   hobbit : TTY=unknown ; PWD=/usr/pkg/hobbit411/server ; USER=root ; COMMAND=/usr/pkg/bin/aide --check --config=/diskstats/20020428
Feb  7 04:54:21 dmz0 named[24527]: client 127.0.0.1#51089: error sending response: socket is not connected
Feb  7 04:54:21 dmz0 named[24527]: client 127.0.0.1#51089: error sending response: socket is not connected
Feb  7 04:54:21 dmz0 sudo:   hobbit : TTY=unknown ; PWD=/usr/pkg/hobbit411/server ; USER=root ; COMMAND=/sbin/atactl wd0 smart status
Feb  7 04:56:39 dmz0 ipmon[272]: 04:56:38.765011 2x url0 @0:21 b loghost.crowthorne.alistaircrooks.co.uk[10.4.0.29],netbios-dgm -> 10.255.255.255,netbios-dgm PR udp len 20 249 IN broadcast 
Feb  7 04:59:21 dmz0 sudo:   hobbit : TTY=unknown ; PWD=/usr/pkg/hobbit411/server ; USER=root ; COMMAND=/sbin/atactl wd0 smart status
Feb  7 04:59:21 dmz0 named[24527]: client 127.0.0.1#51029: error sending response: socket is not connected
Feb  7 04:59:21 dmz0 named[24527]: client 127.0.0.1#51029: error sending response: socket is not connected
Feb  7 05:02:29 dmz0 ipmon[272]: 05:02:16.443812 url0 @0:27 b 213.135.48.75,22310 -> gw1.alistaircrooks.co.uk[81.187.253.34],1026 PR udp len 20 908 IN 
Feb  7 05:02:39 dmz0 ipmon[272]: 05:02:16.449760 url0 @0:27 b 213.179.175.133,25499 -> water.alistaircrooks.co.uk[81.187.253.35],1026 PR udp len 20 908 IN 
Feb  7 05:02:59 dmz0 ipmon[272]: 05:02:16.461757 url0 @0:27 b 213.236.189.20,30839 -> monitoring.alistaircrooks.co.uk[81.187.253.36],1026 PR udp len 20 908 IN 
Feb  7 05:04:22 dmz0 named[24527]: client 127.0.0.1#50971: error sending response: socket is not connected
Feb  7 05:04:22 dmz0 named[24527]: client 127.0.0.1#50971: error sending response: socket is not connected
Feb  7 05:04:22 dmz0 sudo:   hobbit : TTY=unknown ; PWD=/usr/pkg/hobbit411/server ; USER=root ; COMMAND=/sbin/atactl wd0 smart status
Feb  7 05:08:39 dmz0 ipmon[272]: 05:08:39.479973 2x url0 @0:21 b loghost.crowthorne.alistaircrooks.co.uk[10.4.0.29],netbios-dgm -> 10.255.255.255,netbios-dgm PR udp len 20 249 IN broadcast 
Feb  7 05:09:00 sys3 smartd[799]: Device: /dev/wd0d, SMART Prefailure Attribute: 8 Seek_Time_Performance changed from 251 to 250 
Feb  7 05:09:00 sys3 smartd[799]: Device: /dev/wd1d, SMART Prefailure Attribute: 8 Seek_Time_Performance changed from 250 to 249 
Feb  7 05:09:08 dmz0 sudo:   hobbit : TTY=unknown ; PWD=/usr/pkg/hobbit411/server ; USER=root ; COMMAND=/usr/pkg/bin/aide --check --config=/diskstats/20020428
Feb  7 05:09:23 dmz0 named[24527]: client 127.0.0.1#50897: error sending response: socket is not connected
Feb  7 05:09:23 dmz0 sudo:   hobbit : TTY=unknown ; PWD=/usr/pkg/hobbit411/server ; USER=root ; COMMAND=/sbin/atactl wd0 smart status
Feb  7 05:09:23 dmz0 named[24527]: client 127.0.0.1#50897: error sending response: socket is not connected
Feb  7 05:11:16 dmz0 ipmon[272]: 05:10:56.187495 url0 @0:26 b 201.220.4.85,4113 -> monitoring.alistaircrooks.co.uk[81.187.253.36],microsoft-ds PR tcp len 20 48 -S IN 
Feb  7 05:11:26 dmz0 ipmon[272]: 05:10:56.861496 2x url0 @0:26 b 201.220.4.85,4113 -> monitoring.alistaircrooks.co.uk[81.187.253.36],microsoft-ds PR tcp len 20 48 -S IN 
Feb  7 05:11:28 dmz0 ipmon[272]: 05:10:57.922495 url0 @0:26 b adsl-33-160-40.asm.bellsouth.net[67.33.160.40],3033 -> water.alistaircrooks.co.uk[81.187.253.35],epmap PR tcp len 20 48 -S IN 
Feb  7 05:14:24 dmz0 named[24527]: client 127.0.0.1#50837: error sending response: socket is not connected
Feb  7 05:14:24 dmz0 sudo:   hobbit : TTY=unknown ; PWD=/usr/pkg/hobbit411/server ; USER=root ; COMMAND=/sbin/atactl wd0 smart status
Feb  7 05:14:24 dmz0 named[24527]: client 127.0.0.1#50837: error sending response: socket is not connected
Feb  7 05:19:11 dmz0 ipmon[272]: 05:19:08.712898 url0 @0:27 b 218.54.155.24,1027 -> gw1.alistaircrooks.co.uk[81.187.253.34],netbios-ns PR udp len 20 78 IN 
Feb  7 05:19:11 dmz0 ipmon[272]: 05:19:08.784898 url0 @0:27 b 218.54.155.24,1027 -> water.alistaircrooks.co.uk[81.187.253.35],netbios-ns PR udp len 20 78 IN 
Feb  7 05:19:11 dmz0 ipmon[272]: 05:19:08.826911 url0 @0:27 b 218.54.155.24,1027 -> monitoring.alistaircrooks.co.uk[81.187.253.36],netbios-ns PR udp len 20 78 IN 
Feb  7 05:19:24 dmz0 sudo:   hobbit : TTY=unknown ; PWD=/usr/pkg/hobbit411/server ; USER=root ; COMMAND=/sbin/atactl wd0 smart status
Feb  7 05:19:24 dmz0 named[24527]: client 127.0.0.1#50778: error sending response: socket is not connected
Feb  7 05:19:24 dmz0 named[24527]: client 127.0.0.1#50778: error sending response: socket is not connected
Feb  7 05:20:46 dmz0 ipmon[272]: 05:20:46.344928 2x url0 @0:21 b loghost.crowthorne.alistaircrooks.co.uk[10.4.0.29],netbios-dgm -> 10.255.255.255,netbios-dgm PR udp len 20 249 IN broadcast 
Feb  7 05:21:15 dmz0 ipmon[272]: 05:21:12.547231 url0 @0:27 b host130.effem.com[65.213.240.130],8675 -> gw1.alistaircrooks.co.uk[81.187.253.34],1026 PR udp len 20 1083 IN 
Feb  7 05:21:15 dmz0 ipmon[272]: 05:21:12.552201 url0 @0:27 b adsl-65-42-128-10.dsl.chcgil.ameritech.net[65.42.128.10],3705 -> monitoring.alistaircrooks.co.uk[81.187.253.36],1026 PR udp len 20 1083 IN 
Feb  7 05:21:15 dmz0 ipmon[272]: 05:21:12.556197 url0 @0:27 b 133.159.252.64.snet.net[64.252.159.133],18973 -> water.alistaircrooks.co.uk[81.187.253.35],1026 PR udp len 20 1083 IN 
Feb  7 05:24:10 dmz0 sudo:   hobbit : TTY=unknown ; PWD=/usr/pkg/hobbit411/server ; USER=root ; COMMAND=/usr/pkg/bin/aide --check --config=/diskstats/20020428
Feb  7 05:24:25 dmz0 named[24527]: client 127.0.0.1#50720: error sending response: socket is not connected
Feb  7 05:24:25 dmz0 sudo:   hobbit : TTY=unknown ; PWD=/usr/pkg/hobbit411/server ; USER=root ; COMMAND=/sbin/atactl wd0 smart status
Feb  7 05:24:25 dmz0 named[24527]: client 127.0.0.1#50720: error sending response: socket is not connected
Feb  7 05:29:26 dmz0 named[24527]: client 127.0.0.1#50617: error sending response: socket is not connected
Feb  7 05:29:26 dmz0 named[24527]: client 127.0.0.1#50617: error sending response: socket is not connected
Feb  7 05:29:26 dmz0 sudo:   hobbit : TTY=unknown ; PWD=/usr/pkg/hobbit411/server ; USER=root ; COMMAND=/sbin/atactl wd0 smart status
Feb  7 05:32:53 dmz0 ipmon[272]: 05:32:53.245780 2x url0 @0:21 b loghost.crowthorne.alistaircrooks.co.uk[10.4.0.29],netbios-dgm -> 10.255.255.255,netbios-dgm PR udp len 20 249 IN broadcast 
Feb  7 05:33:16 dmz0 ipmon[272]: 05:33:13.000018 url0 @0:6 b 66.250.140.42 -> gw1.alistaircrooks.co.uk[81.187.253.34] PR icmp len 20 64 icmp echo/0 IN 
Feb  7 05:33:16 dmz0 ipmon[272]: 05:33:13.010007 url0 @0:6 b 66.250.140.42 -> water.alistaircrooks.co.uk[81.187.253.35] PR icmp len 20 64 icmp echo/0 IN 
Feb  7 05:33:16 dmz0 ipmon[272]: 05:33:13.028019 url0 @0:6 b 66.250.140.42 -> monitoring.alistaircrooks.co.uk[81.187.253.36] PR icmp len 20 64 icmp echo/0 IN 
Feb  7 05:34:27 dmz0 named[24527]: client 127.0.0.1#50559: error sending response: socket is not connected
Feb  7 05:34:27 dmz0 named[24527]: client 127.0.0.1#50559: error sending response: socket is not connected
Feb  7 05:34:27 dmz0 sudo:   hobbit : TTY=unknown ; PWD=/usr/pkg/hobbit411/server ; USER=root ; COMMAND=/sbin/atactl wd0 smart status
Feb  7 05:39:14 dmz0 sudo:   hobbit : TTY=unknown ; PWD=/usr/pkg/hobbit411/server ; USER=root ; COMMAND=/usr/pkg/bin/aide --check --config=/diskstats/20020428
Feb  7 05:39:29 dmz0 named[24527]: client 127.0.0.1#50485: error sending response: socket is not connected
Feb  7 05:39:29 dmz0 sudo:   hobbit : TTY=unknown ; PWD=/usr/pkg/hobbit411/server ; USER=root ; COMMAND=/sbin/atactl wd0 smart status
Feb  7 05:39:29 dmz0 named[24527]: client 127.0.0.1#50485: error sending response: socket is not connected
Feb  7 05:44:29 dmz0 sudo:   hobbit : TTY=unknown ; PWD=/usr/pkg/hobbit411/server ; USER=root ; COMMAND=/sbin/atactl wd0 smart status
Feb  7 05:44:29 dmz0 named[24527]: client 127.0.0.1#50423: error sending response: socket is not connected
Feb  7 05:44:29 dmz0 named[24527]: client 127.0.0.1#50423: error sending response: socket is not connected
Feb  7 05:45:00 dmz0 ipmon[272]: 05:45:00.003527 2x url0 @0:21 b loghost.crowthorne.alistaircrooks.co.uk[10.4.0.29],netbios-dgm -> 10.255.255.255,netbios-dgm PR udp len 20 249 IN broadcast 
Feb  7 05:49:30 dmz0 named[24527]: client 127.0.0.1#50365: error sending response: socket is not connected
Feb  7 05:49:30 dmz0 sudo:   hobbit : TTY=unknown ; PWD=/usr/pkg/hobbit411/server ; USER=root ; COMMAND=/sbin/atactl wd0 smart status
Feb  7 05:49:30 dmz0 named[24527]: client 127.0.0.1#50365: error sending response: socket is not connected
Feb  7 05:54:17 dmz0 sudo:   hobbit : TTY=unknown ; PWD=/usr/pkg/hobbit411/server ; USER=root ; COMMAND=/usr/pkg/bin/aide --check --config=/diskstats/20020428
Feb  7 05:54:32 dmz0 sudo:   hobbit : TTY=unknown ; PWD=/usr/pkg/hobbit411/server ; USER=root ; COMMAND=/sbin/atactl wd0 smart status
Feb  7 05:54:32 dmz0 named[24527]: client 127.0.0.1#50287: error sending response: socket is not connected
Feb  7 05:54:32 dmz0 named[24527]: client 127.0.0.1#50287: error sending response: socket is not connected
Feb  7 05:57:07 dmz0 ipmon[272]: 05:57:06.797834 2x url0 @0:21 b loghost.crowthorne.alistaircrooks.co.uk[10.4.0.29],netbios-dgm -> 10.255.255.255,netbios-dgm PR udp len 20 249 IN broadcast 
Feb  7 05:59:32 dmz0 named[24527]: client 127.0.0.1#50227: error sending response: socket is not connected
Feb  7 05:59:32 dmz0 named[24527]: client 127.0.0.1#50227: error sending response: socket is not connected
Feb  7 05:59:32 dmz0 sudo:   hobbit : TTY=unknown ; PWD=/usr/pkg/hobbit411/server ; USER=root ; COMMAND=/sbin/atactl wd0 smart status
Feb  7 06:04:33 dmz0 sudo:   hobbit : TTY=unknown ; PWD=/usr/pkg/hobbit411/server ; USER=root ; COMMAND=/sbin/atactl wd0 smart status
Feb  7 06:04:33 dmz0 named[24527]: client 127.0.0.1#50169: error sending response: socket is not connected
Feb  7 06:04:33 dmz0 named[24527]: client 127.0.0.1#50169: error sending response: socket is not connected
Feb  7 06:06:48 dmz0 ipmon[272]: 06:06:45.549705 2x url0 @0:26 b dsl51B68DC8.pool.t-online.hu[81.182.141.200],3376 -> gw1.alistaircrooks.co.uk[81.187.253.34],epmap PR tcp len 20 48 -S IN 
Feb  7 06:06:48 dmz0 ipmon[272]: 06:06:46.569695 url0 @0:26 b dsl51B68DC8.pool.t-online.hu[81.182.141.200],3376 -> gw1.alistaircrooks.co.uk[81.187.253.34],epmap PR tcp len 20 48 -S IN 
Feb  7 06:08:59 sys3 smartd[799]: Device: /dev/wd0d, SMART Prefailure Attribute: 8 Seek_Time_Performance changed from 250 to 249 
Feb  7 06:08:59 sys3 smartd[799]: Device: /dev/wd1d, SMART Prefailure Attribute: 8 Seek_Time_Performance changed from 249 to 248 
Feb  7 06:09:08 dmz0 ipmon[272]: 06:09:07.502090 2x url0 @0:21 b loghost.crowthorne.alistaircrooks.co.uk[10.4.0.29],netbios-dgm -> 10.255.255.255,netbios-dgm PR udp len 20 249 IN broadcast 
Feb  7 06:09:19 dmz0 sudo:   hobbit : TTY=unknown ; PWD=/usr/pkg/hobbit411/server ; USER=root ; COMMAND=/usr/pkg/bin/aide --check --config=/diskstats/20020428
Feb  7 06:09:34 dmz0 sudo:   hobbit : TTY=unknown ; PWD=/usr/pkg/hobbit411/server ; USER=root ; COMMAND=/sbin/atactl wd0 smart status
Feb  7 06:09:34 dmz0 named[24527]: client 127.0.0.1#50052: error sending response: socket is not connected
Feb  7 06:09:34 dmz0 named[24527]: client 127.0.0.1#50052: error sending response: socket is not connected
Feb  7 06:14:35 dmz0 named[24527]: client 127.0.0.1#49989: error sending response: socket is not connected
Feb  7 06:14:35 dmz0 sudo:   hobbit : TTY=unknown ; PWD=/usr/pkg/hobbit411/server ; USER=root ; COMMAND=/sbin/atactl wd0 smart status
Feb  7 06:14:35 dmz0 named[24527]: client 127.0.0.1#49989: error sending response: socket is not connected
Feb  7 06:17:10 dmz0 ipmon[272]: 06:16:56.850835 url0 @0:27 b 214.21.100.252,17778 -> monitoring.alistaircrooks.co.uk[81.187.253.36],1026 PR udp len 20 908 IN 
Feb  7 06:17:23 dmz0 ipmon[272]: 06:16:56.854800 url0 @0:27 b mediait.xs4all.nl[213.84.15.168],27157 -> gw1.alistaircrooks.co.uk[81.187.253.34],1026 PR udp len 20 908 IN 
Feb  7 06:17:33 dmz0 ipmon[272]: 06:16:56.862799 url0 @0:27 b 213.228.221.126,27358 -> water.alistaircrooks.co.uk[81.187.253.35],1026 PR udp len 20 908 IN 
Feb  7 06:19:36 dmz0 named[24527]: client 127.0.0.1#49930: error sending response: socket is not connected
Feb  7 06:19:36 dmz0 named[24527]: client 127.0.0.1#49930: error sending response: socket is not connected
Feb  7 06:19:36 dmz0 sudo:   hobbit : TTY=unknown ; PWD=/usr/pkg/hobbit411/server ; USER=root ; COMMAND=/sbin/atactl wd0 smart status
Feb  7 06:19:44 dmz0 ipmon[272]: 06:19:42.213459 url0 @0:26 b adsl-3-72-50.mia.bellsouth.net[65.3.72.50],4420 -> monitoring.alistaircrooks.co.uk[81.187.253.36],epmap PR tcp len 20 48 -S IN 
Feb  7 06:19:44 dmz0 ipmon[272]: 06:19:42.824480 2x url0 @0:26 b adsl-3-72-50.mia.bellsouth.net[65.3.72.50],4420 -> monitoring.alistaircrooks.co.uk[81.187.253.36],epmap PR tcp len 20 48 -S IN 
Feb  7 06:21:14 dmz0 ipmon[272]: 06:21:14.295336 2x url0 @0:21 b loghost.crowthorne.alistaircrooks.co.uk[10.4.0.29],netbios-dgm -> 10.255.255.255,netbios-dgm PR udp len 20 249 IN broadcast 
Feb  7 06:24:21 dmz0 sudo:   hobbit : TTY=unknown ; PWD=/usr/pkg/hobbit411/server ; USER=root ; COMMAND=/usr/pkg/bin/aide --check --config=/diskstats/20020428
Feb  7 06:24:36 dmz0 named[24527]: client 127.0.0.1#49872: error sending response: socket is not connected
Feb  7 06:24:36 dmz0 sudo:   hobbit : TTY=unknown ; PWD=/usr/pkg/hobbit411/server ; USER=root ; COMMAND=/sbin/atactl wd0 smart status
Feb  7 06:24:36 dmz0 named[24527]: client 127.0.0.1#49872: error sending response: socket is not connected
Feb  7 06:29:37 dmz0 named[24527]: client 127.0.0.1#49812: error sending response: socket is not connected
Feb  7 06:29:37 dmz0 sudo:   hobbit : TTY=unknown ; PWD=/usr/pkg/hobbit411/server ; USER=root ; COMMAND=/sbin/atactl wd0 smart status
Feb  7 06:29:37 dmz0 named[24527]: client 127.0.0.1#49812: error sending response: socket is not connected
Feb  7 06:33:21 dmz0 ipmon[272]: 06:33:21.079310 2x url0 @0:21 b loghost.crowthorne.alistaircrooks.co.uk[10.4.0.29],netbios-dgm -> 10.255.255.255,netbios-dgm PR udp len 20 249 IN broadcast 
Feb  7 06:34:38 dmz0 named[24527]: client 127.0.0.1#49711: error sending response: socket is not connected
Feb  7 06:34:38 dmz0 named[24527]: client 127.0.0.1#49711: error sending response: socket is not connected
Feb  7 06:34:38 dmz0 sudo:   hobbit : TTY=unknown ; PWD=/usr/pkg/hobbit411/server ; USER=root ; COMMAND=/sbin/atactl wd0 smart status
Feb  7 06:39:25 dmz0 sudo:   hobbit : TTY=unknown ; PWD=/usr/pkg/hobbit411/server ; USER=root ; COMMAND=/usr/pkg/bin/aide --check --config=/diskstats/20020428
Feb  7 06:39:40 dmz0 named[24527]: client 127.0.0.1#49637: error sending response: socket is not connected
Feb  7 06:39:40 dmz0 named[24527]: client 127.0.0.1#49637: error sending response: socket is not connected
Feb  7 06:39:40 dmz0 sudo:   hobbit : TTY=unknown ; PWD=/usr/pkg/hobbit411/server ; USER=root ; COMMAND=/sbin/atactl wd0 smart status
Feb  7 06:40:22 dmz0 ipmon[272]: 06:40:17.342412 url0 @0:6 b nil.isi.edu[128.9.160.83] -> water.alistaircrooks.co.uk[81.187.253.35] PR icmp len 20 32 icmp echo/0 IN 
Feb  7 06:44:40 dmz0 named[24527]: client 127.0.0.1#49578: error sending response: socket is not connected
Feb  7 06:44:40 dmz0 sudo:   hobbit : TTY=unknown ; PWD=/usr/pkg/hobbit411/server ; USER=root ; COMMAND=/sbin/atactl wd0 smart status
Feb  7 06:44:40 dmz0 named[24527]: client 127.0.0.1#49578: error sending response: socket is not connected
Feb  7 06:45:28 dmz0 ipmon[272]: 06:45:27.953491 2x url0 @0:21 b loghost.crowthorne.alistaircrooks.co.uk[10.4.0.29],netbios-dgm -> 10.255.255.255,netbios-dgm PR udp len 20 249 IN broadcast 
Feb  7 06:47:44 dmz0 ipmon[272]: 06:47:41.889837 url0 @0:27 b 65.103.80.83,6060 -> gw1.alistaircrooks.co.uk[81.187.253.34],1026 PR udp len 20 1083 IN 
Feb  7 06:47:46 dmz0 ipmon[272]: 06:47:41.897816 url0 @0:27 b adsl-80-22-146.bgk.bellsouth.net[65.80.22.146],23466 -> water.alistaircrooks.co.uk[81.187.253.35],1026 PR udp len 20 1083 IN 
Feb  7 06:47:46 dmz0 ipmon[272]: 06:47:41.903811 url0 @0:27 b 65-102-76-70.bois.qwest.net[65.102.76.70],26133 -> monitoring.alistaircrooks.co.uk[81.187.253.36],1026 PR udp len 20 1083 IN 
Feb  7 06:49:41 dmz0 sudo:   hobbit : TTY=unknown ; PWD=/usr/pkg/hobbit411/server ; USER=root ; COMMAND=/sbin/atactl wd0 smart status
Feb  7 06:49:41 dmz0 named[24527]: client 127.0.0.1#49519: error sending response: socket is not connected
Feb  7 06:49:41 dmz0 named[24527]: client 127.0.0.1#49519: error sending response: socket is not connected
Feb  7 06:50:07 dmz0 ipmon[272]: 06:50:04.517272 url0 @0:27 b 194.67-19-135.reverse.theplanet.com[67.19.135.194],1031 -> gw1.alistaircrooks.co.uk[81.187.253.34],ms-sql-m PR udp len 20 404 IN 
Feb  7 06:54:26 dmz0 sudo:   hobbit : TTY=unknown ; PWD=/usr/pkg/hobbit411/server ; USER=root ; COMMAND=/usr/pkg/bin/aide --check --config=/diskstats/20020428
Feb  7 06:54:42 dmz0 sudo:   hobbit : TTY=unknown ; PWD=/usr/pkg/hobbit411/server ; USER=root ; COMMAND=/sbin/atactl wd0 smart status
Feb  7 06:54:42 dmz0 named[24527]: client 127.0.0.1#49461: error sending response: socket is not connected
Feb  7 06:54:42 dmz0 named[24527]: client 127.0.0.1#49461: error sending response: socket is not connected
Feb  7 06:57:35 dmz0 ipmon[272]: 06:57:34.897694 2x url0 @0:21 b loghost.crowthorne.alistaircrooks.co.uk[10.4.0.29],netbios-dgm -> 10.255.255.255,netbios-dgm PR udp len 20 249 IN broadcast 
Feb  7 06:58:53 dmz0 ipmon[272]: 06:58:53.331482 url0 @0:27 b ip65-46-201-108.z201-46-65.customer.algx.net[65.46.201.108],27656 -> gw1.alistaircrooks.co.uk[81.187.253.34],1026 PR udp len 20 1329 IN 
Feb  7 06:58:54 dmz0 ipmon[272]: 06:58:53.339456 url0 @0:27 b 0-1pool24-83.nas48.somerville1.ma.us.da.qwest.net[65.128.24.83],6392 -> water.alistaircrooks.co.uk[81.187.253.35],1026 PR udp len 20 1329 IN 
Feb  7 06:58:56 dmz0 ipmon[272]: 06:58:53.345485 url0 @0:27 b 65.227.77.45,25835 -> monitoring.alistaircrooks.co.uk[81.187.253.36],1026 PR udp len 20 1329 IN 
Feb  7 06:59:44 dmz0 named[24527]: client 127.0.0.1#49381: error sending response: socket is not connected
Feb  7 06:59:44 dmz0 sudo:   hobbit : TTY=unknown ; PWD=/usr/pkg/hobbit411/server ; USER=root ; COMMAND=/sbin/atactl wd0 smart status
Feb  7 06:59:44 dmz0 named[24527]: client 127.0.0.1#49381: error sending response: socket is not connected
Feb  7 07:12:06 sys3 syslogd: restart
Feb  7 07:12:06 sys3 /netbsd: Copyright (c) 1996, 1997, 1998, 1999, 2000, 2001, 2002, 2003, 2004, 2005, 2006
Feb  7 07:12:06 sys3 /netbsd: The NetBSD Foundation, Inc.  All rights reserved.
Feb  7 07:12:06 sys3 /netbsd: Copyright (c) 1982, 1986, 1989, 1991, 1993
Feb  7 07:12:06 sys3 /netbsd: The Regents of the University of California.  All rights reserved.
Feb  7 07:12:06 sys3 /netbsd: 
Feb  7 07:12:06 sys3 /netbsd: NetBSD 3.99.15 (GENERIC.MPACPI) #19: Sun Jan 22 17:27:40 GMT 2006
Feb  7 07:12:06 sys3 /netbsd: agc@sys3.crowthorne.alistaircrooks.co.uk:/usr/obj/i386/usr/src/sys/arch/i386/compile/GENERIC.MPACPI
Feb  7 07:12:06 sys3 /netbsd: total memory = 2047 MB
Feb  7 07:12:06 sys3 /netbsd: avail memory = 2003 MB
Feb  7 07:12:06 sys3 /netbsd: BIOS32 rev. 0 found at 0xfb4c0
Feb  7 07:12:06 sys3 /netbsd: mainbus0 (root)
Feb  7 07:12:06 sys3 /netbsd: cpu0 at mainbus0: apid 0 (boot processor)
Feb  7 07:12:06 sys3 /netbsd: cpu0: Intel Pentium 4 (686-class), 2813.67 MHz, id 0xf29
Feb  7 07:12:06 sys3 /netbsd: cpu0: features bfebfbff<FPU,VME,DE,PSE,TSC,MSR,PAE,MCE,CX8,APIC,SEP,MTRR>
Feb  7 07:12:06 sys3 /netbsd: cpu0: features bfebfbff<PGE,MCA,CMOV,PAT,PSE36,CFLUSH,DS,ACPI,MMX>
Feb  7 07:12:06 sys3 /netbsd: cpu0: features bfebfbff<FXSR,SSE,SSE2,SS,HTT,TM,SBF>
Feb  7 07:12:06 sys3 /netbsd: cpu0: features2 4400<CID,xTPR>
Feb  7 07:12:06 sys3 /netbsd: cpu0: "Intel(R) Pentium(R) 4 CPU 2.80GHz"
Feb  7 07:12:06 sys3 /netbsd: cpu0: I-cache 12K uOp cache 8-way, D-cache 8 KB 64B/line 4-way
Feb  7 07:12:06 sys3 /netbsd: cpu0: L2 cache 512 KB 64B/line 8-way
Feb  7 07:12:06 sys3 /netbsd: cpu0: ITLB 4K/4M: 64 entries
Feb  7 07:12:06 sys3 /netbsd: cpu0: DTLB 4K/4M: 64 entries
Feb  7 07:12:06 sys3 /netbsd: cpu0: using thermal monitor 1
Feb  7 07:12:06 sys3 /netbsd: cpu0: calibrating local timer
Feb  7 07:12:06 sys3 /netbsd: cpu0: apic clock running at 200 MHz
Feb  7 07:12:06 sys3 /netbsd: cpu0: 16 page colors
Feb  7 07:12:06 sys3 /netbsd: cpu1 at mainbus0: apid 1 (application processor)
Feb  7 07:12:06 sys3 /netbsd: cpu1: starting
Feb  7 07:12:06 sys3 /netbsd: cpu1: Intel Pentium 4 (686-class), 2813.53 MHz, id 0xf29
Feb  7 07:12:06 sys3 /netbsd: cpu1: features bfebfbff<FPU,VME,DE,PSE,TSC,MSR,PAE,MCE,CX8,APIC,SEP,MTRR>
Feb  7 07:12:06 sys3 /netbsd: cpu1: features bfebfbff<PGE,MCA,CMOV,PAT,PSE36,CFLUSH,DS,ACPI,MMX>
Feb  7 07:12:06 sys3 /netbsd: cpu1: features bfebfbff<FXSR,SSE,SSE2,SS,HTT,TM,SBF>
Feb  7 07:12:06 sys3 /netbsd: cpu1: features2 4400<CID,xTPR>
Feb  7 07:12:06 sys3 /netbsd: cpu1: "Intel(R) Pentium(R) 4 CPU 2.80GHz"
Feb  7 07:12:06 sys3 /netbsd: cpu1: I-cache 12K uOp cache 8-way, D-cache 8 KB 64B/line 4-way
Feb  7 07:12:06 sys3 /netbsd: cpu1: L2 cache 512 KB 64B/line 8-way
Feb  7 07:12:06 sys3 /netbsd: cpu1: ITLB 4K/4M: 64 entries
Feb  7 07:12:06 sys3 /netbsd: cpu1: DTLB 4K/4M: 64 entries
Feb  7 07:12:06 sys3 /netbsd: cpu1: using thermal monitor 1
Feb  7 07:12:06 sys3 /netbsd: ioapic0 at mainbus0 apid 2 (I/O APIC)
Feb  7 07:12:06 sys3 /netbsd: ioapic0: pa 0xfec00000, version 20, 24 pins
Feb  7 07:12:06 sys3 /netbsd: ioapic0: misconfigured as apic 0
Feb  7 07:12:06 sys3 /netbsd: ioapic0: remapped to apic 2
Feb  7 07:12:06 sys3 /netbsd: acpi0 at mainbus0
Feb  7 07:12:06 sys3 /netbsd: acpi0: using Intel ACPI CA subsystem version 20050408
Feb  7 07:12:06 sys3 /netbsd: acpi0: X/RSDT: OemId <GBT   ,AWRDACPI,42302e31>, AslId <AWRD,01010101>
Feb  7 07:12:06 sys3 /netbsd: acpi0: SCI interrupting at int 9
Feb  7 07:12:06 sys3 /netbsd: acpi0: fixed-feature power button present
Feb  7 07:12:06 sys3 /netbsd: ACPI Object Type 'Processor' (0x0c) at acpi0 not configured
Feb  7 07:12:06 sys3 /netbsd: ACPI Object Type 'Processor' (0x0c) at acpi0 not configured
Feb  7 07:12:06 sys3 /netbsd: acpibut0 at acpi0 (PNP0C0C): ACPI Power Button
Feb  7 07:12:06 sys3 /netbsd: acpibut1 at acpi0 (PNP0C0E): ACPI Sleep Button
Feb  7 07:12:06 sys3 /netbsd: PNP0C01 [System Board] at acpi0 not configured
Feb  7 07:12:06 sys3 /netbsd: INT0800 at acpi0 not configured
Feb  7 07:12:06 sys3 /netbsd: PNP0A03 [PCI Bus] at acpi0 not configured
Feb  7 07:12:06 sys3 /netbsd: PNP0C02 [Plug and Play motherboard register resources] at acpi0 not configured
Feb  7 07:12:06 sys3 /netbsd: PNP0000 [AT Interrupt Controller] at acpi0 not configured
Feb  7 07:12:06 sys3 /netbsd: PNP0200 [AT DMA Controller] at acpi0 not configured
Feb  7 07:12:06 sys3 /netbsd: attimer1 at acpi0 (PNP0100): AT Timer
Feb  7 07:12:06 sys3 /netbsd: attimer1: io 0x40-0x43 irq 0
Feb  7 07:12:06 sys3 /netbsd: PNP0B00 [AT Real-Time Clock] at acpi0 not configured
Feb  7 07:12:06 sys3 /netbsd: pcppi1 at acpi0 (PNP0800)
Feb  7 07:12:06 sys3 /netbsd: pcppi1: io 0x61
Feb  7 07:12:06 sys3 /netbsd: midi0 at pcppi1: PC speaker
Feb  7 07:12:06 sys3 /netbsd: sysbeep0 at pcppi1
Feb  7 07:12:06 sys3 /netbsd: npx0 at acpi0 (PNP0C04)
Feb  7 07:12:06 sys3 /netbsd: npx0: io 0xf0-0xff irq 13
Feb  7 07:12:06 sys3 /netbsd: npx0: using exception 16
Feb  7 07:12:06 sys3 /netbsd: fdc0 at acpi0 (PNP0700)
Feb  7 07:12:06 sys3 /netbsd: fdc0: io 0x3f0-0x3f5,0x3f7 irq 6 drq 2
Feb  7 07:12:06 sys3 /netbsd: com0 at acpi0 (PNP0501-1)
Feb  7 07:12:06 sys3 /netbsd: com0: io 0x3f8-0x3ff irq 4
Feb  7 07:12:06 sys3 /netbsd: com0: ns16550a, working fifo
Feb  7 07:12:06 sys3 /netbsd: com1 at acpi0 (PNP0501-2)
Feb  7 07:12:06 sys3 /netbsd: com1: io 0x2f8-0x2ff irq 3
Feb  7 07:12:06 sys3 /netbsd: com1: ns16550a, working fifo
Feb  7 07:12:06 sys3 /netbsd: lpt0 at acpi0 (PNP0400)
Feb  7 07:12:06 sys3 /netbsd: lpt0: io 0x378-0x37f irq 7
Feb  7 07:12:06 sys3 /netbsd: pckbc0 at acpi0 (PNP0F13): aux port
Feb  7 07:12:06 sys3 /netbsd: pckbc0: irq 12
Feb  7 07:12:06 sys3 /netbsd: pckbc1 at acpi0 (PNP0303): kbd port
Feb  7 07:12:06 sys3 /netbsd: pckbc1: io 0x60,0x64 irq 1
Feb  7 07:12:06 sys3 /netbsd: PNP0C0F [PCI interrupt link device] at acpi0 not configured
Feb  7 07:12:06 sys3 last message repeated 4 times
Feb  7 07:12:06 sys3 /netbsd: pcppi1: attached to attimer1
Feb  7 07:12:06 sys3 /netbsd: pckbd0 at pckbc1 (kbd slot)
Feb  7 07:12:06 sys3 /netbsd: pckbc1: using irq 1 for kbd slot
Feb  7 07:12:06 sys3 /netbsd: wskbd0 at pckbd0: console keyboard
Feb  7 07:12:06 sys3 /netbsd: pms0 at pckbc1 (aux slot)
Feb  7 07:12:06 sys3 /netbsd: pckbc1: using irq 12 for aux slot
Feb  7 07:12:06 sys3 /netbsd: wsmouse0 at pms0 mux 0
Feb  7 07:12:06 sys3 /netbsd: pci0 at mainbus0 bus 0: configuration mode 1
Feb  7 07:12:06 sys3 /netbsd: pci0: i/o space, memory space enabled, rd/line, rd/mult, wr/inv ok
Feb  7 07:12:06 sys3 /netbsd: pchb0 at pci0 dev 0 function 0
Feb  7 07:12:06 sys3 /netbsd: pchb0: Intel 82865 Host (rev. 0x02)
Feb  7 07:12:06 sys3 /netbsd: agp0 at pchb0: aperture at 0xe0000000, size 0x8000000
Feb  7 07:12:06 sys3 /netbsd: ppb0 at pci0 dev 1 function 0: Intel 82865 AGP (rev. 0x02)
Feb  7 07:12:06 sys3 /netbsd: pci1 at ppb0 bus 1
Feb  7 07:12:06 sys3 /netbsd: pci1: i/o space, memory space enabled
Feb  7 07:12:06 sys3 /netbsd: vga0 at pci1 dev 0 function 0: ATI Technologies Radeon 9000 (PCI) (rev. 0x01)
Feb  7 07:12:06 sys3 /netbsd: wsdisplay0 at vga0 kbdmux 1: console (80x25, vt100 emulation), using wskbd0
Feb  7 07:12:06 sys3 /netbsd: wsmux1: connecting to wsdisplay0
Feb  7 07:12:06 sys3 /netbsd: ATI Technologies product 0x496e (miscellaneous display, revision 0x01) at pci1 dev 0 function 1 not configured
Feb  7 07:12:06 sys3 /netbsd: ppb1 at pci0 dev 3 function 0: Intel 82801EB Hub-PCI Bridge (rev. 0x02)
Feb  7 07:12:06 sys3 /netbsd: pci2 at ppb1 bus 2
Feb  7 07:12:06 sys3 /netbsd: pci2: i/o space, memory space enabled
Feb  7 07:12:06 sys3 /netbsd: wm0 at pci2 dev 1 function 0: Intel i82547EI 1000BASE-T Ethernet, rev. 0
Feb  7 07:12:06 sys3 /netbsd: wm0: interrupting at ioapic0 pin 18 (irq 5)
Feb  7 07:12:06 sys3 /netbsd: wm0: Communication Streaming Architecture
Feb  7 07:12:06 sys3 /netbsd: wm0: using 82547 Tx FIFO stall work-around
Feb  7 07:12:06 sys3 /netbsd: wm0: 64 word (6 address bits) MicroWire EEPROM
Feb  7 07:12:06 sys3 /netbsd: wm0: Ethernet address 00:0d:61:48:d3:f5
Feb  7 07:12:06 sys3 /netbsd: igphy0 at wm0 phy 1: Intel IGP01E1000 Gigabit PHY, rev. 0
Feb  7 07:12:06 sys3 /netbsd: igphy0: 10baseT, 10baseT-FDX, 100baseTX, 100baseTX-FDX, 1000baseT, 1000baseT-FDX, auto
Feb  7 07:12:06 sys3 /netbsd: uhci0 at pci0 dev 29 function 0: Intel 82801EB/ER USB UHCI Controller (rev. 0x02)
Feb  7 07:12:06 sys3 /netbsd: uhci0: interrupting at ioapic0 pin 16 (irq 11)
Feb  7 07:12:06 sys3 /netbsd: usb0 at uhci0: USB revision 1.0
Feb  7 07:12:06 sys3 /netbsd: uhub0 at usb0
Feb  7 07:12:06 sys3 /netbsd: uhub0: Intel UHCI root hub, class 9/0, rev 1.00/1.00, addr 1
Feb  7 07:12:06 sys3 /netbsd: uhub0: 2 ports with 2 removable, self powered
Feb  7 07:12:06 sys3 /netbsd: uhci1 at pci0 dev 29 function 1: Intel 82801EB/ER USB UHCI Controller (rev. 0x02)
Feb  7 07:12:06 sys3 /netbsd: uhci1: interrupting at ioapic0 pin 19 (irq 11)
Feb  7 07:12:06 sys3 /netbsd: usb1 at uhci1: USB revision 1.0
Feb  7 07:12:06 sys3 /netbsd: uhub1 at usb1
Feb  7 07:12:06 sys3 /netbsd: uhub1: Intel UHCI root hub, class 9/0, rev 1.00/1.00, addr 1
Feb  7 07:12:06 sys3 /netbsd: uhub1: 2 ports with 2 removable, self powered
Feb  7 07:12:06 sys3 /netbsd: uhci2 at pci0 dev 29 function 2: Intel 82801EB/ER USB UHCI Controller (rev. 0x02)
Feb  7 07:12:06 sys3 /netbsd: uhci2: interrupting at ioapic0 pin 18 (irq 5)
Feb  7 07:12:06 sys3 /netbsd: usb2 at uhci2: USB revision 1.0
Feb  7 07:12:06 sys3 /netbsd: uhub2 at usb2
Feb  7 07:12:06 sys3 /netbsd: uhub2: Intel UHCI root hub, class 9/0, rev 1.00/1.00, addr 1
Feb  7 07:12:06 sys3 /netbsd: uhub2: 2 ports with 2 removable, self powered
Feb  7 07:12:06 sys3 /netbsd: uhci3 at pci0 dev 29 function 3: Intel 82801EB/ER USB UHCI Controller (rev. 0x02)
Feb  7 07:12:06 sys3 /netbsd: uhci3: interrupting at ioapic0 pin 16 (irq 11)
Feb  7 07:12:06 sys3 /netbsd: usb3 at uhci3: USB revision 1.0
Feb  7 07:12:06 sys3 /netbsd: uhub3 at usb3
Feb  7 07:12:06 sys3 /netbsd: uhub3: Intel UHCI root hub, class 9/0, rev 1.00/1.00, addr 1
Feb  7 07:12:06 sys3 /netbsd: uhub3: 2 ports with 2 removable, self powered
Feb  7 07:12:06 sys3 /netbsd: ppb2 at pci0 dev 30 function 0: Intel 82801BA Hub-PCI Bridge (rev. 0xc2)
Feb  7 07:12:06 sys3 /netbsd: pci3 at ppb2 bus 3
Feb  7 07:12:06 sys3 /netbsd: pci3: i/o space, memory space enabled
Feb  7 07:12:06 sys3 /netbsd: eap0 at pci3 dev 1 function 0: Ensoniq CT5880 CT5880-C (rev. 0x02)
Feb  7 07:12:06 sys3 /netbsd: eap0: interrupting at ioapic0 pin 21 (irq 10)
Feb  7 07:12:06 sys3 /netbsd: eap0: ac97: SigmaTel STAC9708 codec; 18 bit DAC, 18 bit ADC, SigmaTel 3D
Feb  7 07:12:06 sys3 /netbsd: eap0: ac97: ext id 80<SDAC>
Feb  7 07:12:06 sys3 /netbsd: audio0 at eap0: full duplex, mmap, independent
Feb  7 07:12:06 sys3 /netbsd: midi1 at eap0: AudioPCI MIDI UART
Feb  7 07:12:06 sys3 /netbsd: wm1 at pci3 dev 4 function 0: Intel i82541GI 1000BASE-T Ethernet, rev. 0
Feb  7 07:12:06 sys3 /netbsd: wm1: interrupting at ioapic0 pin 18 (irq 5)
Feb  7 07:12:06 sys3 /netbsd: wm1: 32-bit 33MHz PCI bus
Feb  7 07:12:06 sys3 /netbsd: wm1: 64 word (6 address bits) MicroWire EEPROM
Feb  7 07:12:06 sys3 /netbsd: wm1: Ethernet address 00:0e:0c:22:ad:50
Feb  7 07:12:06 sys3 /netbsd: igphy1 at wm1 phy 1: Intel IGP01E1000 Gigabit PHY, rev. 0
Feb  7 07:12:06 sys3 /netbsd: igphy1: 10baseT, 10baseT-FDX, 100baseTX, 100baseTX-FDX, 1000baseT, 1000baseT-FDX, auto
Feb  7 07:12:06 sys3 /netbsd: pcib0 at pci0 dev 31 function 0
Feb  7 07:12:06 sys3 /netbsd: pcib0: Intel 82801EB LPC Interface Bridge (rev. 0x02)
Feb  7 07:12:06 sys3 /netbsd: piixide0 at pci0 dev 31 function 1
Feb  7 07:12:06 sys3 /netbsd: piixide0: Intel 82801EB IDE Controller (ICH5) (rev. 0x02)
Feb  7 07:12:06 sys3 /netbsd: piixide0: bus-master DMA support present
Feb  7 07:12:06 sys3 /netbsd: piixide0: primary channel configured to compatibility mode
Feb  7 07:12:06 sys3 /netbsd: piixide0: primary channel interrupting at ioapic0 pin 14 (irq 14)
Feb  7 07:12:06 sys3 /netbsd: atabus0 at piixide0 channel 0
Feb  7 07:12:06 sys3 /netbsd: piixide0: secondary channel configured to compatibility mode
Feb  7 07:12:06 sys3 /netbsd: piixide0: secondary channel interrupting at ioapic0 pin 15 (irq 15)
Feb  7 07:12:06 sys3 /netbsd: atabus1 at piixide0 channel 1
Feb  7 07:12:06 sys3 /netbsd: Intel 82801EB/ER SMBus Controller (SMBus serial bus, revision 0x02) at pci0 dev 31 function 3 not configured
Feb  7 07:12:06 sys3 /netbsd: isa0 at pcib0
Feb  7 07:12:06 sys3 /netbsd: isapnp0 at isa0 port 0x279: ISA Plug 'n Play device support
Feb  7 07:12:06 sys3 /netbsd: isapnp0: no ISA Plug 'n Play devices found
Feb  7 07:12:06 sys3 /netbsd: ioapic0: enabling
Feb  7 07:12:06 sys3 /netbsd: Kernelized RAIDframe activated
Feb  7 07:12:06 sys3 /netbsd: wd0 at atabus0 drive 0: <Maxtor 7Y250P0>
Feb  7 07:12:06 sys3 /netbsd: wd0: drive supports 16-sector PIO transfers, LBA48 addressing
Feb  7 07:12:06 sys3 /netbsd: wd0: 233 GB, 486344 cyl, 16 head, 63 sec, 512 bytes/sect x 490234752 sectors
Feb  7 07:12:06 sys3 /netbsd: wd0: 32-bit data port
Feb  7 07:12:06 sys3 /netbsd: wd0: drive supports PIO mode 4, DMA mode 2, Ultra-DMA mode 6 (Ultra/133)
Feb  7 07:12:06 sys3 /netbsd: wd0(piixide0:0:0): using PIO mode 4, Ultra-DMA mode 5 (Ultra/100) (using DMA)
Feb  7 07:12:06 sys3 /netbsd: atapibus0 at atabus1: 2 targets
Feb  7 07:12:06 sys3 /netbsd: cd0 at atapibus0 drive 1: <SONY    DVD RW DRU-710A, , BY02> cdrom removable
Feb  7 07:12:06 sys3 /netbsd: cd0: 32-bit data port
Feb  7 07:12:06 sys3 /netbsd: cd0: drive supports PIO mode 4, DMA mode 2, Ultra-DMA mode 4 (Ultra/66)
Feb  7 07:12:06 sys3 /netbsd: wd1 at atabus1 drive 0: <Maxtor 7Y250P0>
Feb  7 07:12:06 sys3 /netbsd: wd1: drive supports 16-sector PIO transfers, LBA48 addressing
Feb  7 07:12:06 sys3 /netbsd: wd1: 233 GB, 486344 cyl, 16 head, 63 sec, 512 bytes/sect x 490234752 sectors
Feb  7 07:12:06 sys3 /netbsd: wd1: 32-bit data port
Feb  7 07:12:06 sys3 /netbsd: wd1: drive supports PIO mode 4, DMA mode 2, Ultra-DMA mode 6 (Ultra/133)
Feb  7 07:12:06 sys3 /netbsd: wd1(piixide0:1:0): using PIO mode 4, Ultra-DMA mode 5 (Ultra/100) (using DMA)
Feb  7 07:12:06 sys3 /netbsd: cd0(piixide0:1:1): using PIO mode 4, Ultra-DMA mode 4 (Ultra/66) (using DMA)
Feb  7 07:12:06 sys3 /netbsd: raid0: RAID Level 1
Feb  7 07:12:06 sys3 /netbsd: raid0: Components: /dev/wd0a /dev/wd1a
Feb  7 07:12:06 sys3 /netbsd: raid0: Total Sectors: 490234624 (239372 MB)
Feb  7 07:12:06 sys3 /netbsd: boot device: raid0
Feb  7 07:12:06 sys3 /netbsd: root on raid0a dumps on raid0b
Feb  7 07:12:06 sys3 /netbsd: root file system type: ffs
Feb  7 07:12:06 sys3 /netbsd: cpu1: CPU 1 running
Feb  7 07:12:06 sys3 /netbsd: wsdisplay0: screen 1 added (80x25, vt100 emulation)
Feb  7 07:12:06 sys3 /netbsd: wsdisplay0: screen 2 added (80x25, vt100 emulation)
Feb  7 07:12:06 sys3 /netbsd: wsdisplay0: screen 3 added (80x25, vt100 emulation)
Feb  7 07:12:06 sys3 /netbsd: wsdisplay0: screen 4 added (80x25, vt100 emulation)
Feb  7 07:12:07 sys3 savecore: reboot after panic: panic: trap
Feb  7 07:12:07 sys3 savecore: writing compressed core to /var/crash/netbsd.2.core.gz
Feb  7 07:14:51 10.4.0.1 named[24527]: client 127.0.0.1#65481: error sending response: socket is not connected
Feb  7 07:14:51 10.4.0.1 sudo:   hobbit : TTY=unknown ; PWD=/usr/pkg/hobbit411/server ; USER=root ; COMMAND=/sbin/atactl wd0 smart status
Feb  7 07:14:51 10.4.0.1 named[24527]: client 127.0.0.1#65481: error sending response: socket is not connected
Feb  7 07:16:07 sys3 savecore: writing compressed kernel to /var/crash/netbsd.2.gz
Feb  7 07:16:08 sys3 named[342]: starting BIND 9.3.2 -u named -t /var/chroot/named
Feb  7 07:16:08 sys3 named[342]: found 2 CPUs, using 2 worker threads
Feb  7 07:16:08 sys3 named[342]: loading configuration from '/etc/named.conf'
Feb  7 07:16:08 sys3 named[342]: listening on IPv4 interface wm0, 10.4.0.29#53
Feb  7 07:16:08 sys3 named[342]: listening on IPv4 interface lo0, 127.0.0.1#53
Feb  7 07:16:08 sys3 named[342]: command channel listening on 127.0.0.1#953
Feb  7 07:16:08 sys3 named[342]: command channel listening on ::1#953
Feb  7 07:16:08 sys3 named[342]: zone 10.in-addr.arpa/IN: loaded serial 2005101001
Feb  7 07:16:08 sys3 named[342]: zone 127.IN-ADDR.ARPA/IN: loaded serial 1999012100
Feb  7 07:16:08 sys3 named[342]: zone 0.0.0.0.0.0.0.0.0.0.0.0.0.0.0.0.0.0.0.0.0.0.0.0.0.0.0.0.0.0.0.ip6.int/IN: loaded serial 1999012100
Feb  7 07:16:08 sys3 named[342]: zone localhost/IN: loaded serial 1999012100
Feb  7 07:16:08 sys3 named[342]: zone crowthorne.alistaircrooks.co.uk/IN: loaded serial 2005101001
Feb  7 07:16:08 sys3 named[342]: running
Feb  7 07:16:08 sys3 named[342]: zone 10.in-addr.arpa/IN: sending notifies (serial 2005101001)
Feb  7 07:16:08 sys3 named[342]: zone localhost/IN: sending notifies (serial 1999012100)
Feb  7 07:16:08 sys3 named[342]: zone 127.IN-ADDR.ARPA/IN: sending notifies (serial 1999012100)
Feb  7 07:16:08 sys3 named[342]: zone 0.0.0.0.0.0.0.0.0.0.0.0.0.0.0.0.0.0.0.0.0.0.0.0.0.0.0.0.0.0.0.ip6.int/IN: sending notifies (serial 1999012100)
Feb  7 07:16:08 sys3 named[342]: zone crowthorne.alistaircrooks.co.uk/IN: sending notifies (serial 2005101001)
Feb  7 07:16:08 sys3 ntpdate[373]: ntpdate 4.2.0-r Sun Jan 22 15:39:26 GMT 2006 (1)
Feb  7 07:16:08 sys3 named[342]: client 10.4.0.29#65528: received notify for zone '10.in-addr.arpa'
Feb  7 07:16:08 sys3 named[342]: zone 10.in-addr.arpa/IN: refused notify from non-master: 10.4.0.29#65528
Feb  7 07:16:09 sys3 named[342]: client 127.0.0.1#65528: received notify for zone 'localhost'
Feb  7 07:16:10 sys3 named[342]: client 127.0.0.1#65528: received notify for zone '127.IN-ADDR.ARPA'
Feb  7 07:16:10 sys3 named[342]: client 127.0.0.1#65528: received notify for zone '0.0.0.0.0.0.0.0.0.0.0.0.0.0.0.0.0.0.0.0.0.0.0.0.0.0.0.0.0.0.0.ip6.int'
Feb  7 07:16:11 sys3 named[342]: client 10.4.0.29#65528: received notify for zone 'crowthorne.alistaircrooks.co.uk'
Feb  7 07:16:11 sys3 named[342]: zone crowthorne.alistaircrooks.co.uk/IN: refused notify from non-master: 10.4.0.29#65528
Feb  7 07:16:11 sys3 ntpdate[373]: adjust time server 58.73.137.250 offset -0.235212 sec
Feb  7 07:16:12 sys3 ntpd[698]: ntpd 4.2.0-r Sun Jan 22 15:39:08 GMT 2006 (1)
Feb  7 07:16:13 sys3 ntpd[698]: precision = 1.000 usec
Feb  7 07:16:13 sys3 ntpd[698]: kernel time sync status 0040
Feb  7 07:16:13 sys3 ntpd[698]: frequency initialized -9.218 PPM from /var/db/ntp.drift
Feb  7 07:16:17 sys3 smartd[363]: smartd version 5.32 Copyright (C) 2002-4 Bruce Allen 
Feb  7 07:16:17 sys3 smartd[363]: Home page is http://smartmontools.sourceforge.net/  
Feb  7 07:16:17 sys3 smartd[363]: Opened configuration file /usr/pkg/etc/smartd.conf 
Feb  7 07:16:17 sys3 smartd[363]: Drive: DEVICESCAN, implied '-a' Directive on line 23 of file /usr/pkg/etc/smartd.conf 
Feb  7 07:16:17 sys3 smartd[363]: Configuration file /usr/pkg/etc/smartd.conf was parsed, found DEVICESCAN, scanning devices 
Feb  7 07:16:17 sys3 smartd[363]: Device: /dev/wd0d, opened 
Feb  7 07:16:17 dmz0 ipmon[272]: 07:16:16.908725 5x url0 @0:21 b loghost.crowthorne.alistaircrooks.co.uk[10.4.0.29],netbios-ns -> 10.255.255.255,netbios-ns PR udp len 20 96 IN broadcast 
Feb  7 07:16:17 dmz0 ipmon[272]: 07:16:16.918704 url0 @0:21 b loghost.crowthorne.alistaircrooks.co.uk[10.4.0.29],netbios-dgm -> 10.255.255.255,netbios-dgm PR udp len 20 249 IN broadcast 
Feb  7 07:16:17 dmz0 ipmon[272]: 07:16:16.969717 url0 @0:21 b loghost.crowthorne.alistaircrooks.co.uk[10.4.0.29],netbios-ns -> 10.255.255.255,netbios-ns PR udp len 20 78 IN broadcast 
Feb  7 07:16:17 sys3 smartd[363]: Device: /dev/wd0d, found in smartd database. 
Feb  7 07:16:18 sys3 smartd[363]: Device: /dev/wd0d, is SMART capable. Adding to "monitor" list. 
Feb  7 07:16:18 sys3 smartd[363]: Device: /dev/wd1d, opened 
Feb  7 07:16:18 sys3 smartd[363]: Device: /dev/wd1d, found in smartd database. 
Feb  7 07:16:18 sys3 smartd[363]: Device: /dev/wd1d, is SMART capable. Adding to "monitor" list. 
Feb  7 07:16:18 sys3 smartd[363]: Monitoring 2 ATA and 0 SCSI devices 
Feb  7 07:16:19 sys3 smartd[799]: smartd has fork()ed into background mode. New PID=799. 
Feb  7 07:16:19 sys3 smartd[799]: file /var/run/smartd.pid written containing PID 799 
Feb  7 07:16:19 dmz0 ipmon[272]: 07:16:18.984746 12x url0 @0:21 b loghost.crowthorne.alistaircrooks.co.uk[10.4.0.29],netbios-ns -> 10.255.255.255,netbios-ns PR udp len 20 96 IN broadcast 
Feb  7 07:16:21 dmz0 ipmon[272]: 07:16:21.003762 7x url0 @0:21 b loghost.crowthorne.alistaircrooks.co.uk[10.4.0.29],netbios-ns -> 10.255.255.255,netbios-ns PR udp len 20 96 IN broadcast 
Feb  7 07:16:23 dmz0 ipmon[272]: 07:16:23.243787 url0 @0:21 b loghost.crowthorne.alistaircrooks.co.uk[10.4.0.29],netbios-ns -> 10.255.255.255,netbios-ns PR udp len 20 96 IN broadcast 
Feb  7 07:16:23 dmz0 ipmon[272]: 07:16:23.245771 url0 @0:21 b loghost.crowthorne.alistaircrooks.co.uk[10.4.0.29],netbios-dgm -> 10.255.255.255,netbios-dgm PR udp len 20 215 IN broadcast 
Feb  7 07:16:23 dmz0 ipmon[272]: 07:16:23.247770 url0 @0:21 b loghost.crowthorne.alistaircrooks.co.uk[10.4.0.29],netbios-ns -> 10.255.255.255,netbios-ns PR udp len 20 96 IN broadcast 
Feb  7 07:16:25 dmz0 ipmon[272]: 07:16:25.263794 url0 @0:21 b loghost.crowthorne.alistaircrooks.co.uk[10.4.0.29],netbios-ns -> 10.255.255.255,netbios-ns PR udp len 20 96 IN broadcast 
Feb  7 07:16:25 dmz0 ipmon[272]: 07:16:25.265787 url0 @0:21 b loghost.crowthorne.alistaircrooks.co.uk[10.4.0.29],netbios-dgm -> 10.255.255.255,netbios-dgm PR udp len 20 215 IN broadcast 
Feb  7 07:16:28 dmz0 ipmon[272]: 07:16:28.293827 url0 @0:21 b loghost.crowthorne.alistaircrooks.co.uk[10.4.0.29],netbios-dgm -> 10.255.255.255,netbios-dgm PR udp len 20 215 IN broadcast 
Feb  7 07:16:30 dmz0 ipmon[272]: 07:16:30.453846 url0 @0:21 b loghost.crowthorne.alistaircrooks.co.uk[10.4.0.29],netbios-dgm -> 10.255.255.255,netbios-dgm PR udp len 20 215 IN broadcast 
Feb  7 07:16:32 dmz0 ipmon[272]: 07:16:32.473865 url0 @0:21 b loghost.crowthorne.alistaircrooks.co.uk[10.4.0.29],netbios-dgm -> 10.255.255.255,netbios-dgm PR udp len 20 215 IN broadcast 
Feb  7 07:16:32 dmz0 ipmon[272]: 07:16:32.475860 url0 @0:21 b loghost.crowthorne.alistaircrooks.co.uk[10.4.0.29],netbios-ns -> 10.255.255.255,netbios-ns PR udp len 20 96 IN broadcast 
Feb  7 07:16:34 dmz0 ipmon[272]: 07:16:34.553884 2x url0 @0:21 b loghost.crowthorne.alistaircrooks.co.uk[10.4.0.29],netbios-ns -> 10.255.255.255,netbios-ns PR udp len 20 96 IN broadcast 
Feb  7 07:16:36 dmz0 ipmon[272]: 07:16:36.573902 2x url0 @0:21 b loghost.crowthorne.alistaircrooks.co.uk[10.4.0.29],netbios-ns -> 10.255.255.255,netbios-ns PR udp len 20 96 IN broadcast 
Feb  7 07:16:38 dmz0 ipmon[272]: 07:16:38.593924 2x url0 @0:21 b loghost.crowthorne.alistaircrooks.co.uk[10.4.0.29],netbios-ns -> 10.255.255.255,netbios-ns PR udp len 20 96 IN broadcast 
Feb  7 07:16:40 dmz0 ipmon[272]: 07:16:40.663943 url0 @0:21 b loghost.crowthorne.alistaircrooks.co.uk[10.4.0.29],netbios-ns -> 10.255.255.255,netbios-ns PR udp len 20 96 IN broadcast 
Feb  7 07:16:40 dmz0 ipmon[272]: 07:16:40.665940 3x url0 @0:21 b loghost.crowthorne.alistaircrooks.co.uk[10.4.0.29],netbios-dgm -> 10.255.255.255,netbios-dgm PR udp len 20 203 IN broadcast 
Feb  7 07:19:05 dmz0 ipmon[272]: 07:18:44.530186 url0 @0:26 b adsl-217-185-192-81.marocconnect.net.ma[81.192.185.217],4629 -> monitoring.alistaircrooks.co.uk[81.187.253.36],netbios-ssn PR tcp len 20 48 -S IN 
Feb  7 07:19:05 dmz0 ipmon[272]: 07:18:45.810208 2x url0 @0:26 b adsl-217-185-192-81.marocconnect.net.ma[81.192.185.217],4629 -> monitoring.alistaircrooks.co.uk[81.187.253.36],netbios-ssn PR tcp len 20 48 -S IN 
Feb  7 07:19:05 dmz0 ipmon[272]: 07:18:50.861240 2x url0 @0:21 b loghost.crowthorne.alistaircrooks.co.uk[10.4.0.29],netbios-dgm -> 10.255.255.255,netbios-dgm PR udp len 20 249 IN broadcast 
Feb  7 07:19:54 dmz0 sudo:   hobbit : TTY=unknown ; PWD=/usr/pkg/hobbit411/server ; USER=root ; COMMAND=/sbin/atactl wd0 smart status
Feb  7 07:19:54 dmz0 named[24527]: client 127.0.0.1#65390: error sending response: socket is not connected
Feb  7 07:20:33 sys3 ntpd[698]: kernel time sync disabled 0041
Feb  7 07:19:54 dmz0 named[24527]: client 127.0.0.1#65390: error sending response: socket is not connected
Feb  7 07:21:51 dmz0 ipmon[272]: 07:21:51.057019 2x url0 @0:21 b loghost.crowthorne.alistaircrooks.co.uk[10.4.0.29],netbios-dgm -> 10.255.255.255,netbios-dgm PR udp len 20 249 IN broadcast 
Feb  7 07:22:42 sys3 ntpd[698]: kernel time sync enabled 0001
Feb  7 07:23:00 dmz0 ipmon[272]: 07:22:47.628593 url0 @0:26 b p5483EF81.dip.t-dialin.net[84.131.239.129],1257 -> gw1.alistaircrooks.co.uk[81.187.253.34],epmap PR tcp len 20 48 -S IN 
Feb  7 07:23:00 dmz0 ipmon[272]: 07:22:48.155558 2x url0 @0:26 b p5483EF81.dip.t-dialin.net[84.131.239.129],1257 -> gw1.alistaircrooks.co.uk[81.187.253.34],epmap PR tcp len 20 48 -S IN 
Feb  7 07:24:30 dmz0 sudo:   hobbit : TTY=unknown ; PWD=/usr/pkg/hobbit411/server ; USER=root ; COMMAND=/usr/pkg/bin/aide --check --config=/diskstats/20020428
Feb  7 07:24:57 dmz0 sudo:   hobbit : TTY=unknown ; PWD=/usr/pkg/hobbit411/server ; USER=root ; COMMAND=/sbin/atactl wd0 smart status
Feb  7 07:25:51 dmz0 ipmon[272]: 07:25:51.291357 2x url0 @0:21 b loghost.crowthorne.alistaircrooks.co.uk[10.4.0.29],netbios-dgm -> 10.255.255.255,netbios-dgm PR udp len 20 249 IN broadcast 
Feb  7 07:29:57 dmz0 named[24527]: client 127.0.0.1#65264: error sending response: socket is not connected
Feb  7 07:29:57 dmz0 named[24527]: client 127.0.0.1#65264: error sending response: socket is not connected
Feb  7 07:29:57 dmz0 sudo:   hobbit : TTY=unknown ; PWD=/usr/pkg/hobbit411/server ; USER=root ; COMMAND=/sbin/atactl wd0 smart status
Feb  7 07:29:58 dmz0 ipmon[272]: 07:29:56.149773 url0 @0:27 b IP-66.170.35.41.indigital.net[66.170.35.41],2882 -> gw1.alistaircrooks.co.uk[81.187.253.34],1026 PR udp len 20 1329 IN 
Feb  7 07:30:00 dmz0 ipmon[272]: 07:29:56.162778 url0 @0:27 b twdp-066-026-243-141.triad.res.rr.com[66.26.243.141],28699 -> water.alistaircrooks.co.uk[81.187.253.35],1026 PR udp len 20 1329 IN 
Feb  7 07:30:01 dmz0 ipmon[272]: 07:29:56.168750 url0 @0:27 b 66.46.27.177,28270 -> monitoring.alistaircrooks.co.uk[81.187.253.36],1026 PR udp len 20 1329 IN 
Feb  7 07:30:43 dmz0 ipmon[272]: 07:30:30.666109 url0 @0:27 b d213-101-79-47.swipnet.se[213.101.79.47],12158 -> monitoring.alistaircrooks.co.uk[81.187.253.36],1026 PR udp len 20 908 IN 
Feb  7 07:30:53 dmz0 ipmon[272]: 07:30:30.670080 url0 @0:27 b 213.222.252.64,20597 -> water.alistaircrooks.co.uk[81.187.253.35],1026 PR udp len 20 908 IN 
Feb  7 07:31:03 dmz0 ipmon[272]: 07:30:30.674077 url0 @0:27 b 213.205.234.247,30700 -> gw1.alistaircrooks.co.uk[81.187.253.34],1026 PR udp len 20 908 IN 
Feb  7 07:31:03 dmz0 ipmon[272]: 07:30:51.595304 2x url0 @0:21 b loghost.crowthorne.alistaircrooks.co.uk[10.4.0.29],netbios-dgm -> 10.255.255.255,netbios-dgm PR udp len 20 249 IN broadcast 
Feb  7 07:33:23 dmz0 ipmon[272]: 07:33:12.629714 url0 @0:26 b p5491BF57.dip0.t-ipconnect.de[84.145.191.87],61612 -> water.alistaircrooks.co.uk[81.187.253.35],ms-sql-s PR tcp len 20 48 -S IN 
Feb  7 07:34:57 dmz0 named[24527]: client 127.0.0.1#65206: error sending response: socket is not connected
Feb  7 07:34:57 dmz0 sudo:   hobbit : TTY=unknown ; PWD=/usr/pkg/hobbit411/server ; USER=root ; COMMAND=/sbin/atactl wd0 smart status
Feb  7 07:34:57 dmz0 named[24527]: client 127.0.0.1#65206: error sending response: socket is not connected
Feb  7 07:36:58 dmz0 ipmon[272]: 07:36:58.036892 2x url0 @0:21 b loghost.crowthorne.alistaircrooks.co.uk[10.4.0.29],netbios-dgm -> 10.255.255.255,netbios-dgm PR udp len 20 249 IN broadcast 
Feb  7 07:39:34 dmz0 sudo:   hobbit : TTY=unknown ; PWD=/usr/pkg/hobbit411/server ; USER=root ; COMMAND=/usr/pkg/bin/aide --check --config=/diskstats/20020428
Feb  7 07:39:58 dmz0 sudo:   hobbit : TTY=unknown ; PWD=/usr/pkg/hobbit411/server ; USER=root ; COMMAND=/sbin/atactl wd0 smart status
Feb  7 07:43:58 dmz0 ipmon[272]: 07:43:58.457017 2x url0 @0:21 b loghost.crowthorne.alistaircrooks.co.uk[10.4.0.29],netbios-dgm -> 10.255.255.255,netbios-dgm PR udp len 20 249 IN broadcast 
Feb  7 07:44:10 dmz0 ipmon[272]: 07:44:06.176140 url0 @0:27 b 222.165.158.11,3016 -> gw1.alistaircrooks.co.uk[81.187.253.34],ms-sql-m PR udp len 20 404 IN 
Feb  7 07:44:59 dmz0 named[24527]: client 127.0.0.1#65071: error sending response: socket is not connected
Feb  7 07:44:59 dmz0 sudo:   hobbit : TTY=unknown ; PWD=/usr/pkg/hobbit411/server ; USER=root ; COMMAND=/sbin/atactl wd0 smart status
Feb  7 07:44:59 dmz0 named[24527]: client 127.0.0.1#65071: error sending response: socket is not connected
Feb  7 07:46:19 sys3 smartd[799]: Device: /dev/wd0d, SMART Prefailure Attribute: 8 Seek_Time_Performance changed from 250 to 252 
Feb  7 07:46:19 sys3 smartd[799]: Device: /dev/wd1d, SMART Prefailure Attribute: 8 Seek_Time_Performance changed from 249 to 252 
Feb  7 07:50:00 dmz0 sudo:   hobbit : TTY=unknown ; PWD=/usr/pkg/hobbit411/server ; USER=root ; COMMAND=/sbin/atactl wd0 smart status
