Feb  7 00:00:00 sys3 newsyslog[22682]: log file turned over
Feb  7 00:00:00 sys3 syslogd: restart
Feb  7 00:00:05 sys3 iscsi-target: device_init {: size 0 is not 4194304
Feb  7 00:00:17 sys3 iscsi-target: > Discovery login from iqn.1993-03.org.NetBSD.iscsi-initiator:agc on 127.0.0.1
Feb  7 00:00:17 sys3 iscsi-target: < Discovery logout from iqn.1993-03.org.NetBSD.iscsi-initiator:agc on 127.0.0.1
Feb  7 00:00:17 sys3 iscsi-target: > Normal login from iqn.1993-03.org.NetBSD.iscsi-initiator:agc on 127.0.0.1
Feb  7 00:00:20 sys3 iscsi-target: < Normal logout from iqn.1993-03.org.NetBSD.iscsi-initiator:agc on 127.0.0.1
Feb  7 00:00:28 sys3 iscsi-target: > Discovery login from iqn.1993-03.org.NetBSD.iscsi-initiator:agc on 127.0.0.1
Feb  7 00:00:28 sys3 iscsi-target: < Discovery logout from iqn.1993-03.org.NetBSD.iscsi-initiator:agc on 127.0.0.1
Feb  7 00:00:28 sys3 iscsi-target: > Normal login from iqn.1993-03.org.NetBSD.iscsi-initiator:agc on 127.0.0.1
Feb  7 00:00:32 sys3 iscsi-target: < Normal logout from iqn.1993-03.org.NetBSD.iscsi-initiator:agc on 127.0.0.1
Feb  7 00:00:32 sys3 iscsi-target: > Normal login from iqn.1993-03.org.NetBSD.iscsi-initiator:agc on 127.0.0.1
Feb  7 00:00:35 sys3 iscsi-target: < Normal logout from iqn.1993-03.org.NetBSD.iscsi-initiator:agc on 127.0.0.1
Feb  7 00:00:36 sys3 iscsi-target: > Normal login from iqn.1993-03.org.NetBSD.iscsi-initiator:agc on 127.0.0.1
Feb  7 00:00:39 sys3 iscsi-target: < Normal logout from iqn.1993-03.org.NetBSD.iscsi-initiator:agc on 127.0.0.1
Feb  7 00:02:34 sys3 iscsi-target: > Discovery login from iqn.1993-03.org.NetBSD.iscsi-initiator:agc on 127.0.0.1
Feb  7 00:02:34 sys3 iscsi-target: < Discovery logout from iqn.1993-03.org.NetBSD.iscsi-initiator:agc on 127.0.0.1
Feb  7 00:02:34 sys3 iscsi-target: > Normal login from iqn.1993-03.org.NetBSD.iscsi-initiator:agc on 127.0.0.1
Feb  7 00:02:38 sys3 iscsi-target: < Normal logout from iqn.1993-03.org.NetBSD.iscsi-initiator:agc on 127.0.0.1
Feb  7 00:02:38 sys3 iscsi-target: > Normal login from iqn.1993-03.org.NetBSD.iscsi-initiator:agc on 127.0.0.1
Feb  7 00:02:41 sys3 iscsi-target: < Normal logout from iqn.1993-03.org.NetBSD.iscsi-initiator:agc on 127.0.0.1
Feb  7 00:02:41 sys3 iscsi-target: > Normal login from iqn.1993-03.org.NetBSD.iscsi-initiator:agc on 127.0.0.1
Feb  7 00:02:44 sys3 iscsi-target: < Normal logout from iqn.1993-03.org.NetBSD.iscsi-initiator:agc on 127.0.0.1
Feb  7 00:03:28 dmz0 named[24527]: client 127.0.0.1#54807: error sending response: socket is not connected
Feb  7 00:03:28 dmz0 sudo:   hobbit : TTY=unknown ; PWD=/usr/pkg/hobbit411/server ; USER=root ; COMMAND=/sbin/atactl wd0 smart status
Feb  7 00:03:28 dmz0 named[24527]: client 127.0.0.1#54807: error sending response: socket is not connected
Feb  7 00:04:46 dmz0 ipmon[272]: 00:04:35.803312 url0 @0:26 b dsl-201-135-152-84.prod-infinitum.com.mx[201.135.152.84],1114 -> gw1.alistaircrooks.co.uk[81.187.253.34],mysql PR tcp len 20 48 -S IN 
Feb  7 00:04:46 dmz0 ipmon[272]: 00:04:35.805285 url0 @0:26 b dsl-201-135-152-84.prod-infinitum.com.mx[201.135.152.84],1115 -> water.alistaircrooks.co.uk[81.187.253.35],mysql PR tcp len 20 48 -S IN 
Feb  7 00:04:56 dmz0 ipmon[272]: 00:04:35.813277 url0 @0:26 b dsl-201-135-152-84.prod-infinitum.com.mx[201.135.152.84],1116 -> monitoring.alistaircrooks.co.uk[81.187.253.36],mysql PR tcp len 20 48 -S IN 
Feb  7 00:04:56 dmz0 ipmon[272]: 00:04:39.032339 url0 @0:26 b dsl-201-135-152-84.prod-infinitum.com.mx[201.135.152.84],1114 -> gw1.alistaircrooks.co.uk[81.187.253.34],mysql PR tcp len 20 48 -S IN 
Feb  7 00:05:34 dmz0 ipmon[272]: 00:05:21.780748 url0 @0:27 b 213.147.69.202,29487 -> water.alistaircrooks.co.uk[81.187.253.35],1026 PR udp len 20 908 IN 
Feb  7 00:05:44 dmz0 ipmon[272]: 00:05:21.784718 url0 @0:27 b 213.177.7.91,4611 -> monitoring.alistaircrooks.co.uk[81.187.253.36],1026 PR udp len 20 908 IN 
Feb  7 00:05:54 dmz0 ipmon[272]: 00:05:21.786717 url0 @0:27 b 213.243.37.104,23744 -> gw1.alistaircrooks.co.uk[81.187.253.34],1026 PR udp len 20 908 IN 
Feb  7 00:06:19 dmz0 ipmon[272]: 00:06:19.600283 2x url0 @0:21 b loghost.crowthorne.alistaircrooks.co.uk[10.4.0.29],netbios-dgm -> 10.255.255.255,netbios-dgm PR udp len 20 249 IN broadcast 
Feb  7 00:06:44 dmz0 ipmon[272]: 00:06:39.661511 url0 @0:26 b cpe248060.cabotva.net[81.20.248.60],1820 -> gw1.alistaircrooks.co.uk[81.187.253.34],epmap PR tcp len 20 64 -S IN 
Feb  7 00:06:44 dmz0 ipmon[272]: 00:06:40.170498 url0 @0:26 b cpe248060.cabotva.net[81.20.248.60],1820 -> gw1.alistaircrooks.co.uk[81.187.253.34],epmap PR tcp len 20 64 -S IN 
Feb  7 00:08:12 dmz0 sudo:   hobbit : TTY=unknown ; PWD=/usr/pkg/hobbit411/server ; USER=root ; COMMAND=/usr/pkg/bin/aide --check --config=/diskstats/20020428
Feb  7 00:08:28 dmz0 sudo:   hobbit : TTY=unknown ; PWD=/usr/pkg/hobbit411/server ; USER=root ; COMMAND=/sbin/atactl wd0 smart status
Feb  7 00:08:28 dmz0 named[24527]: client 127.0.0.1#54732: error sending response: socket is not connected
Feb  7 00:08:59 sys3 smartd[799]: Device: /dev/wd0d, SMART Prefailure Attribute: 8 Seek_Time_Performance changed from 243 to 244 
Feb  7 00:08:28 dmz0 named[24527]: client 127.0.0.1#54732: error sending response: socket is not connected
Feb  7 00:13:29 dmz0 sudo:   hobbit : TTY=unknown ; PWD=/usr/pkg/hobbit411/server ; USER=root ; COMMAND=/sbin/atactl wd0 smart status
Feb  7 00:13:29 dmz0 named[24527]: client 127.0.0.1#54672: error sending response: socket is not connected
Feb  7 00:13:29 dmz0 named[24527]: client 127.0.0.1#54672: error sending response: socket is not connected
Feb  7 00:18:27 dmz0 ipmon[272]: 00:18:26.384249 2x url0 @0:21 b loghost.crowthorne.alistaircrooks.co.uk[10.4.0.29],netbios-dgm -> 10.255.255.255,netbios-dgm PR udp len 20 249 IN broadcast 
Feb  7 00:18:29 dmz0 sudo:   hobbit : TTY=unknown ; PWD=/usr/pkg/hobbit411/server ; USER=root ; COMMAND=/sbin/atactl wd0 smart status
Feb  7 00:18:29 dmz0 named[24527]: client 127.0.0.1#54614: error sending response: socket is not connected
Feb  7 00:18:29 dmz0 named[24527]: client 127.0.0.1#54614: error sending response: socket is not connected
Feb  7 00:20:34 dmz0 ipmon[272]: 00:20:23.728392 url0 @0:26 b 81-202-171-60.user.ono.com[81.202.171.60],3078 -> monitoring.alistaircrooks.co.uk[81.187.253.36],epmap PR tcp len 20 48 -S IN 
Feb  7 00:20:34 dmz0 ipmon[272]: 00:20:24.276389 2x url0 @0:26 b 81-202-171-60.user.ono.com[81.202.171.60],3078 -> monitoring.alistaircrooks.co.uk[81.187.253.36],epmap PR tcp len 20 48 -S IN 
Feb  7 00:23:15 dmz0 sudo:   hobbit : TTY=unknown ; PWD=/usr/pkg/hobbit411/server ; USER=root ; COMMAND=/usr/pkg/bin/aide --check --config=/diskstats/20020428
Feb  7 00:23:30 dmz0 sudo:   hobbit : TTY=unknown ; PWD=/usr/pkg/hobbit411/server ; USER=root ; COMMAND=/sbin/atactl wd0 smart status
Feb  7 00:23:30 dmz0 named[24527]: client 127.0.0.1#54556: error sending response: socket is not connected
Feb  7 00:23:30 dmz0 named[24527]: client 127.0.0.1#54556: error sending response: socket is not connected
Feb  7 00:23:42 dmz0 ipmon[272]: 00:23:31.174177 url0 @0:26 b 218.111.1.94,3007 -> gw1.alistaircrooks.co.uk[81.187.253.34],microsoft-ds PR tcp len 20 48 -S IN 
Feb  7 00:23:42 dmz0 ipmon[272]: 00:23:32.024187 2x url0 @0:26 b 218.111.1.94,3007 -> gw1.alistaircrooks.co.uk[81.187.253.34],microsoft-ds PR tcp len 20 48 -S IN 
Feb  7 00:28:31 dmz0 named[24527]: client 127.0.0.1#54496: error sending response: socket is not connected
Feb  7 00:28:31 dmz0 sudo:   hobbit : TTY=unknown ; PWD=/usr/pkg/hobbit411/server ; USER=root ; COMMAND=/sbin/atactl wd0 smart status
Feb  7 00:28:31 dmz0 named[24527]: client 127.0.0.1#54496: error sending response: socket is not connected
Feb  7 00:30:33 dmz0 ipmon[272]: 00:30:33.178162 2x url0 @0:21 b loghost.crowthorne.alistaircrooks.co.uk[10.4.0.29],netbios-dgm -> 10.255.255.255,netbios-dgm PR udp len 20 249 IN broadcast 
Feb  7 00:33:31 dmz0 named[24527]: client 127.0.0.1#54438: error sending response: socket is not connected
Feb  7 00:33:32 dmz0 sudo:   hobbit : TTY=unknown ; PWD=/usr/pkg/hobbit411/server ; USER=root ; COMMAND=/sbin/atactl wd0 smart status
Feb  7 00:33:32 dmz0 named[24527]: client 127.0.0.1#54438: error sending response: socket is not connected
Feb  7 00:35:33 dmz0 ipmon[272]: 00:35:21.067923 url0 @0:26 b dial81-135-145-48.in-addr.btopenworld.com[81.135.145.48],4215 -> monitoring.alistaircrooks.co.uk[81.187.253.36],epmap PR tcp len 20 48 -S IN 
Feb  7 00:35:33 dmz0 ipmon[272]: 00:35:21.515934 2x url0 @0:26 b dial81-135-145-48.in-addr.btopenworld.com[81.135.145.48],4215 -> monitoring.alistaircrooks.co.uk[81.187.253.36],epmap PR tcp len 20 48 -S IN 
Feb  7 00:38:19 dmz0 sudo:   hobbit : TTY=unknown ; PWD=/usr/pkg/hobbit411/server ; USER=root ; COMMAND=/usr/pkg/bin/aide --check --config=/diskstats/20020428
Feb  7 00:38:35 dmz0 named[24527]: client 127.0.0.1#54344: error sending response: socket is not connected
Feb  7 00:38:35 dmz0 sudo:   hobbit : TTY=unknown ; PWD=/usr/pkg/hobbit411/server ; USER=root ; COMMAND=/sbin/atactl wd0 smart status
Feb  7 00:38:35 dmz0 named[24527]: client 127.0.0.1#54344: error sending response: socket is not connected
Feb  7 00:42:40 dmz0 ipmon[272]: 00:42:39.961128 2x url0 @0:21 b loghost.crowthorne.alistaircrooks.co.uk[10.4.0.29],netbios-dgm -> 10.255.255.255,netbios-dgm PR udp len 20 249 IN broadcast 
Feb  7 00:43:35 dmz0 named[24527]: client 127.0.0.1#54279: error sending response: socket is not connected
Feb  7 00:43:35 dmz0 sudo:   hobbit : TTY=unknown ; PWD=/usr/pkg/hobbit411/server ; USER=root ; COMMAND=/sbin/atactl wd0 smart status
Feb  7 00:43:35 dmz0 named[24527]: client 127.0.0.1#54279: error sending response: socket is not connected
Feb  7 00:48:36 dmz0 sudo:   hobbit : TTY=unknown ; PWD=/usr/pkg/hobbit411/server ; USER=root ; COMMAND=/sbin/atactl wd0 smart status
Feb  7 00:48:36 dmz0 named[24527]: client 127.0.0.1#54221: error sending response: socket is not connected
Feb  7 00:48:36 dmz0 named[24527]: client 127.0.0.1#54221: error sending response: socket is not connected
Feb  7 00:53:11 dmz0 ipmon[272]: 00:53:06.857239 url0 @0:27 b 222.174.117.19,1098 -> gw1.alistaircrooks.co.uk[81.187.253.34],ms-sql-m PR udp len 20 404 IN 
Feb  7 00:53:21 dmz0 sudo:   hobbit : TTY=unknown ; PWD=/usr/pkg/hobbit411/server ; USER=root ; COMMAND=/usr/pkg/bin/aide --check --config=/diskstats/20020428
Feb  7 00:53:36 dmz0 named[24527]: client 127.0.0.1#54163: error sending response: socket is not connected
Feb  7 00:53:36 dmz0 sudo:   hobbit : TTY=unknown ; PWD=/usr/pkg/hobbit411/server ; USER=root ; COMMAND=/sbin/atactl wd0 smart status
Feb  7 00:53:36 dmz0 named[24527]: client 127.0.0.1#54163: error sending response: socket is not connected
Feb  7 00:53:39 dmz0 ipmon[272]: 00:53:38.836562 url0 @0:27 b 65.52.33.83,7875 -> gw1.alistaircrooks.co.uk[81.187.253.34],1026 PR udp len 20 1329 IN 
Feb  7 00:53:44 dmz0 ipmon[272]: 00:53:38.842549 url0 @0:27 b federal-labor-law-poster.com[65.181.166.232],25073 -> water.alistaircrooks.co.uk[81.187.253.35],1026 PR udp len 20 1329 IN 
Feb  7 00:53:46 dmz0 ipmon[272]: 00:53:38.851535 url0 @0:27 b adsl-65-68-17-23.dsl.ltrkar.swbell.net[65.68.17.23],15368 -> monitoring.alistaircrooks.co.uk[81.187.253.36],1026 PR udp len 20 1329 IN 
Feb  7 00:54:46 dmz0 ipmon[272]: 00:54:46.755176 2x url0 @0:21 b loghost.crowthorne.alistaircrooks.co.uk[10.4.0.29],netbios-dgm -> 10.255.255.255,netbios-dgm PR udp len 20 249 IN broadcast 
Feb  7 00:54:57 dmz0 ipmon[272]: 00:54:47.665220 url0 @0:26 b 81.84.216.18,4677 -> monitoring.alistaircrooks.co.uk[81.187.253.36],epmap PR tcp len 20 48 -S IN 
Feb  7 00:54:57 dmz0 ipmon[272]: 00:54:48.128192 2x url0 @0:26 b 81.84.216.18,4677 -> monitoring.alistaircrooks.co.uk[81.187.253.36],epmap PR tcp len 20 48 -S IN 
Feb  7 00:55:39 dmz0 ipmon[272]: 00:55:29.112599 url0 @0:26 b 198.234.224.6,18260 -> water.alistaircrooks.co.uk[81.187.253.35],radmin-port PR tcp len 20 48 -S IN 
Feb  7 00:55:39 dmz0 ipmon[272]: 00:55:29.114579 url0 @0:26 b 198.234.224.6,18257 -> gw1.alistaircrooks.co.uk[81.187.253.34],radmin-port PR tcp len 20 48 -S IN 
Feb  7 00:55:39 dmz0 ipmon[272]: 00:55:29.121572 url0 @0:26 b 198.234.224.6,18264 -> monitoring.alistaircrooks.co.uk[81.187.253.36],radmin-port PR tcp len 20 48 -S IN 
Feb  7 00:55:39 dmz0 ipmon[272]: 00:55:29.690618 url0 @0:26 b 198.234.224.6,18264 -> monitoring.alistaircrooks.co.uk[81.187.253.36],radmin-port PR tcp len 20 48 -S IN 
Feb  7 00:55:39 dmz0 ipmon[272]: 00:55:29.692597 url0 @0:26 b 198.234.224.6,18257 -> gw1.alistaircrooks.co.uk[81.187.253.34],radmin-port PR tcp len 20 48 -S IN 
Feb  7 00:55:39 dmz0 ipmon[272]: 00:55:29.694582 url0 @0:26 b 198.234.224.6,18260 -> water.alistaircrooks.co.uk[81.187.253.35],radmin-port PR tcp len 20 48 -S IN 
Feb  7 00:55:39 dmz0 ipmon[272]: 00:55:30.292598 url0 @0:26 b 198.234.224.6,18264 -> monitoring.alistaircrooks.co.uk[81.187.253.36],radmin-port PR tcp len 20 48 -S IN 
Feb  7 00:55:39 dmz0 ipmon[272]: 00:55:30.294587 url0 @0:26 b 198.234.224.6,18260 -> water.alistaircrooks.co.uk[81.187.253.35],radmin-port PR tcp len 20 48 -S IN 
Feb  7 00:55:39 dmz0 ipmon[272]: 00:55:30.296586 url0 @0:26 b 198.234.224.6,18257 -> gw1.alistaircrooks.co.uk[81.187.253.34],radmin-port PR tcp len 20 48 -S IN 
Feb  7 00:58:37 dmz0 named[24527]: client 127.0.0.1#54103: error sending response: socket is not connected
Feb  7 00:58:37 dmz0 named[24527]: client 127.0.0.1#54103: error sending response: socket is not connected
Feb  7 00:58:37 dmz0 sudo:   hobbit : TTY=unknown ; PWD=/usr/pkg/hobbit411/server ; USER=root ; COMMAND=/sbin/atactl wd0 smart status
Feb  7 00:58:39 dmz0 ipmon[272]: 00:58:28.091364 url0 @0:27 b 61.175.218.186,1083 -> monitoring.alistaircrooks.co.uk[81.187.253.36],ms-sql-m PR udp len 20 404 IN 
Feb  7 01:01:43 dmz0 ipmon[272]: 01:01:42.955266 url0 @0:27 b adsl-65-68-208-84.dsl.rcsntx.swbell.net[65.68.208.84],20870 -> gw1.alistaircrooks.co.uk[81.187.253.34],1026 PR udp len 20 1083 IN 
Feb  7 01:01:46 dmz0 ipmon[272]: 01:01:42.961248 url0 @0:27 b CPE-65-25-184-27.wi.res.rr.com[65.25.184.27],13950 -> water.alistaircrooks.co.uk[81.187.253.35],1026 PR udp len 20 1083 IN 
Feb  7 01:03:38 dmz0 sudo:   hobbit : TTY=unknown ; PWD=/usr/pkg/hobbit411/server ; USER=root ; COMMAND=/sbin/atactl wd0 smart status
Feb  7 01:03:38 dmz0 named[24527]: client 127.0.0.1#54045: error sending response: socket is not connected
Feb  7 01:03:38 dmz0 named[24527]: client 127.0.0.1#54045: error sending response: socket is not connected
Feb  7 01:06:48 dmz0 ipmon[272]: 01:06:47.479256 2x url0 @0:21 b loghost.crowthorne.alistaircrooks.co.uk[10.4.0.29],netbios-dgm -> 10.255.255.255,netbios-dgm PR udp len 20 249 IN broadcast 
Feb  7 01:08:24 dmz0 sudo:   hobbit : TTY=unknown ; PWD=/usr/pkg/hobbit411/server ; USER=root ; COMMAND=/usr/pkg/bin/aide --check --config=/diskstats/20020428
Feb  7 01:08:39 dmz0 sudo:   hobbit : TTY=unknown ; PWD=/usr/pkg/hobbit411/server ; USER=root ; COMMAND=/sbin/atactl wd0 smart status
Feb  7 01:08:39 dmz0 named[24527]: client 127.0.0.1#53971: error sending response: socket is not connected
Feb  7 01:08:59 sys3 smartd[799]: Device: /dev/wd0d, SMART Prefailure Attribute: 8 Seek_Time_Performance changed from 244 to 243 
Feb  7 01:08:39 dmz0 named[24527]: client 127.0.0.1#53971: error sending response: socket is not connected
Feb  7 01:13:30 dmz0 ipmon[272]: 01:13:09.630078 url0 @0:26 b a81-84-234-82.cpe.netcabo.pt[81.84.234.82],4229 -> monitoring.alistaircrooks.co.uk[81.187.253.36],epmap PR tcp len 20 48 -S IN 
Feb  7 01:13:40 dmz0 named[24527]: client 127.0.0.1#53911: error sending response: socket is not connected
Feb  7 01:13:40 dmz0 sudo:   hobbit : TTY=unknown ; PWD=/usr/pkg/hobbit411/server ; USER=root ; COMMAND=/sbin/atactl wd0 smart status
Feb  7 01:13:40 dmz0 named[24527]: client 127.0.0.1#53911: error sending response: socket is not connected
Feb  7 01:17:47 dmz0 ipmon[272]: 01:17:26.870735 url0 @0:27 b 66.194.125.140,31006 -> gw1.alistaircrooks.co.uk[81.187.253.34],1026 PR udp len 20 1329 IN 
Feb  7 01:17:57 dmz0 ipmon[272]: 01:17:26.876709 url0 @0:27 b 66.117.109.205,17953 -> water.alistaircrooks.co.uk[81.187.253.35],1026 PR udp len 20 1329 IN 
Feb  7 01:18:07 dmz0 ipmon[272]: 01:17:26.880705 url0 @0:27 b 66.118.229.7,2323 -> monitoring.alistaircrooks.co.uk[81.187.253.36],1026 PR udp len 20 1329 IN 
Feb  7 01:18:17 dmz0 ipmon[272]: 01:18:00.361093 2x url0 @0:26 b p5131-ipbf904marunouchi.tokyo.ocn.ne.jp[125.200.84.131],4551 -> gw1.alistaircrooks.co.uk[81.187.253.34],epmap PR tcp len 20 64 -S IN 
Feb  7 01:18:41 dmz0 named[24527]: client 127.0.0.1#53852: error sending response: socket is not connected
Feb  7 01:18:41 dmz0 named[24527]: client 127.0.0.1#53852: error sending response: socket is not connected
Feb  7 01:18:41 dmz0 sudo:   hobbit : TTY=unknown ; PWD=/usr/pkg/hobbit411/server ; USER=root ; COMMAND=/sbin/atactl wd0 smart status
Feb  7 01:18:54 dmz0 ipmon[272]: 01:18:54.292607 2x url0 @0:21 b loghost.crowthorne.alistaircrooks.co.uk[10.4.0.29],netbios-dgm -> 10.255.255.255,netbios-dgm PR udp len 20 249 IN broadcast 
Feb  7 01:19:50 dmz0 ipmon[272]: 01:19:39.596097 url0 @0:27 b 213.85.135.171,14089 -> gw1.alistaircrooks.co.uk[81.187.253.34],1026 PR udp len 20 908 IN 
Feb  7 01:20:00 dmz0 ipmon[272]: 01:19:39.600068 url0 @0:27 b 213.197.179.131,7685 -> monitoring.alistaircrooks.co.uk[81.187.253.36],1026 PR udp len 20 908 IN 
Feb  7 01:20:10 dmz0 ipmon[272]: 01:19:39.604066 url0 @0:27 b 213.239.30.230,13985 -> water.alistaircrooks.co.uk[81.187.253.35],1026 PR udp len 20 908 IN 
Feb  7 01:23:26 dmz0 sudo:   hobbit : TTY=unknown ; PWD=/usr/pkg/hobbit411/server ; USER=root ; COMMAND=/usr/pkg/bin/aide --check --config=/diskstats/20020428
Feb  7 01:23:41 dmz0 sudo:   hobbit : TTY=unknown ; PWD=/usr/pkg/hobbit411/server ; USER=root ; COMMAND=/sbin/atactl wd0 smart status
Feb  7 01:23:41 dmz0 named[24527]: client 127.0.0.1#53794: error sending response: socket is not connected
Feb  7 01:23:41 dmz0 named[24527]: client 127.0.0.1#53794: error sending response: socket is not connected
Feb  7 01:28:42 dmz0 named[24527]: client 127.0.0.1#53734: error sending response: socket is not connected
Feb  7 01:28:42 dmz0 named[24527]: client 127.0.0.1#53734: error sending response: socket is not connected
Feb  7 01:28:42 dmz0 sudo:   hobbit : TTY=unknown ; PWD=/usr/pkg/hobbit411/server ; USER=root ; COMMAND=/sbin/atactl wd0 smart status
Feb  7 01:31:01 dmz0 ipmon[272]: 01:30:50.998031 url0 @0:26 b 211.117.219.12,60106 -> monitoring.alistaircrooks.co.uk[81.187.253.36],netbios-ssn PR tcp len 20 48 -S IN 
Feb  7 01:31:01 dmz0 ipmon[272]: 01:30:51.730038 2x url0 @0:26 b 211.117.219.12,60106 -> monitoring.alistaircrooks.co.uk[81.187.253.36],netbios-ssn PR tcp len 20 48 -S IN 
Feb  7 01:31:02 dmz0 ipmon[272]: 01:31:01.097153 2x url0 @0:21 b loghost.crowthorne.alistaircrooks.co.uk[10.4.0.29],netbios-dgm -> 10.255.255.255,netbios-dgm PR udp len 20 249 IN broadcast 
Feb  7 01:33:43 dmz0 named[24527]: client 127.0.0.1#53676: error sending response: socket is not connected
Feb  7 01:33:43 dmz0 sudo:   hobbit : TTY=unknown ; PWD=/usr/pkg/hobbit411/server ; USER=root ; COMMAND=/sbin/atactl wd0 smart status
Feb  7 01:33:43 dmz0 named[24527]: client 127.0.0.1#53676: error sending response: socket is not connected
Feb  7 01:38:30 dmz0 sudo:   hobbit : TTY=unknown ; PWD=/usr/pkg/hobbit411/server ; USER=root ; COMMAND=/usr/pkg/bin/aide --check --config=/diskstats/20020428
Feb  7 01:38:45 dmz0 sudo:   hobbit : TTY=unknown ; PWD=/usr/pkg/hobbit411/server ; USER=root ; COMMAND=/sbin/atactl wd0 smart status
Feb  7 01:40:15 dmz0 ipmon[272]: 01:40:05.232785 url0 @0:26 b markgordon1.force9.co.uk[81.174.250.96],34623 -> water.alistaircrooks.co.uk[81.187.253.35],netbios-ssn PR tcp len 20 48 -S IN 
Feb  7 01:40:15 dmz0 ipmon[272]: 01:40:05.867781 url0 @0:26 b markgordon1.force9.co.uk[81.174.250.96],33701 -> water.alistaircrooks.co.uk[81.187.253.35],netbios-ssn PR tcp len 20 48 -S IN 
Feb  7 01:40:15 dmz0 ipmon[272]: 01:40:06.420804 url0 @0:26 b markgordon1.force9.co.uk[81.174.250.96],33755 -> water.alistaircrooks.co.uk[81.187.253.35],netbios-ssn PR tcp len 20 48 -S IN 
Feb  7 01:43:08 dmz0 ipmon[272]: 01:43:07.881666 2x url0 @0:21 b loghost.crowthorne.alistaircrooks.co.uk[10.4.0.29],netbios-dgm -> 10.255.255.255,netbios-dgm PR udp len 20 249 IN broadcast 
Feb  7 01:43:47 dmz0 named[24527]: client 127.0.0.1#53521: error sending response: socket is not connected
Feb  7 01:43:47 dmz0 sudo:   hobbit : TTY=unknown ; PWD=/usr/pkg/hobbit411/server ; USER=root ; COMMAND=/sbin/atactl wd0 smart status
Feb  7 01:43:47 dmz0 named[24527]: client 127.0.0.1#53521: error sending response: socket is not connected
Feb  7 01:47:40 dmz0 ipmon[272]: 01:47:30.863356 url0 @0:26 b adsl-68-74-202-143.dsl.milwwi.ameritech.net[68.74.202.143],61993 -> water.alistaircrooks.co.uk[81.187.253.35],epmap PR tcp len 20 48 -S IN 
Feb  7 01:47:40 dmz0 ipmon[272]: 01:47:31.499350 2x url0 @0:26 b adsl-68-74-202-143.dsl.milwwi.ameritech.net[68.74.202.143],61993 -> water.alistaircrooks.co.uk[81.187.253.35],epmap PR tcp len 20 48 -S IN 
Feb  7 01:48:10 dmz0 ipmon[272]: 01:47:59.369664 url0 @0:26 b 65.206.7.165,2680 -> water.alistaircrooks.co.uk[81.187.253.35],microsoft-ds PR tcp len 20 48 -S IN 
Feb  7 01:48:10 dmz0 ipmon[272]: 01:47:59.529645 url0 @0:26 b 65.206.7.165,2602 -> monitoring.alistaircrooks.co.uk[81.187.253.36],microsoft-ds PR tcp len 20 48 -S IN 
Feb  7 01:48:10 dmz0 ipmon[272]: 01:48:00.585669 url0 @0:26 b 65.206.7.165,2680 -> water.alistaircrooks.co.uk[81.187.253.35],microsoft-ds PR tcp len 20 48 -S IN 
Feb  7 01:48:10 dmz0 ipmon[272]: 01:48:00.628622 2x url0 @0:26 b 65.206.7.165,2602 -> monitoring.alistaircrooks.co.uk[81.187.253.36],microsoft-ds PR tcp len 20 48 -S IN 
Feb  7 01:48:10 dmz0 ipmon[272]: 01:48:01.748643 url0 @0:26 b 65.206.7.165,2680 -> water.alistaircrooks.co.uk[81.187.253.35],microsoft-ds PR tcp len 20 48 -S IN 
Feb  7 01:48:48 dmz0 sudo:   hobbit : TTY=unknown ; PWD=/usr/pkg/hobbit411/server ; USER=root ; COMMAND=/sbin/atactl wd0 smart status
Feb  7 01:48:48 dmz0 named[24527]: client 127.0.0.1#53458: error sending response: socket is not connected
Feb  7 01:48:48 dmz0 named[24527]: client 127.0.0.1#53458: error sending response: socket is not connected
Feb  7 01:53:33 dmz0 sudo:   hobbit : TTY=unknown ; PWD=/usr/pkg/hobbit411/server ; USER=root ; COMMAND=/usr/pkg/bin/aide --check --config=/diskstats/20020428
Feb  7 01:53:49 dmz0 sudo:   hobbit : TTY=unknown ; PWD=/usr/pkg/hobbit411/server ; USER=root ; COMMAND=/sbin/atactl wd0 smart status
Feb  7 01:53:49 dmz0 named[24527]: client 127.0.0.1#53400: error sending response: socket is not connected
Feb  7 01:53:49 dmz0 named[24527]: client 127.0.0.1#53400: error sending response: socket is not connected
Feb  7 01:55:15 dmz0 ipmon[272]: 01:55:14.674963 2x url0 @0:21 b loghost.crowthorne.alistaircrooks.co.uk[10.4.0.29],netbios-dgm -> 10.255.255.255,netbios-dgm PR udp len 20 249 IN broadcast 
Feb  7 01:58:49 dmz0 sudo:   hobbit : TTY=unknown ; PWD=/usr/pkg/hobbit411/server ; USER=root ; COMMAND=/sbin/atactl wd0 smart status
Feb  7 01:58:49 dmz0 named[24527]: client 127.0.0.1#53340: error sending response: socket is not connected
Feb  7 01:58:49 dmz0 named[24527]: client 127.0.0.1#53340: error sending response: socket is not connected
Feb  7 02:01:52 dmz0 ipmon[272]: 02:01:48.249895 url0 @0:27 b 221.203.145.54,50256 -> water.alistaircrooks.co.uk[81.187.253.35],1026 PR udp len 20 501 IN 
Feb  7 02:02:58 dmz0 ipmon[272]: 02:02:47.268476 url0 @0:27 b 61.128.162.227,1033 -> monitoring.alistaircrooks.co.uk[81.187.253.36],ms-sql-m PR udp len 20 404 IN 
Feb  7 02:03:50 dmz0 sudo:   hobbit : TTY=unknown ; PWD=/usr/pkg/hobbit411/server ; USER=root ; COMMAND=/sbin/atactl wd0 smart status
Feb  7 02:03:50 dmz0 named[24527]: client 127.0.0.1#53282: error sending response: socket is not connected
Feb  7 02:03:50 dmz0 named[24527]: client 127.0.0.1#53282: error sending response: socket is not connected
Feb  7 02:07:15 dmz0 ipmon[272]: 02:07:15.399144 2x url0 @0:21 b loghost.crowthorne.alistaircrooks.co.uk[10.4.0.29],netbios-dgm -> 10.255.255.255,netbios-dgm PR udp len 20 249 IN broadcast 
Feb  7 02:08:36 dmz0 sudo:   hobbit : TTY=unknown ; PWD=/usr/pkg/hobbit411/server ; USER=root ; COMMAND=/usr/pkg/bin/aide --check --config=/diskstats/20020428
Feb  7 02:08:51 dmz0 sudo:   hobbit : TTY=unknown ; PWD=/usr/pkg/hobbit411/server ; USER=root ; COMMAND=/sbin/atactl wd0 smart status
Feb  7 02:08:51 dmz0 named[24527]: client 127.0.0.1#53208: error sending response: socket is not connected
Feb  7 02:08:59 sys3 smartd[799]: Device: /dev/wd1d, SMART Prefailure Attribute: 8 Seek_Time_Performance changed from 242 to 241 
Feb  7 02:08:51 dmz0 named[24527]: client 127.0.0.1#53208: error sending response: socket is not connected
Feb  7 02:13:52 dmz0 named[24527]: client 127.0.0.1#53148: error sending response: socket is not connected
Feb  7 02:13:52 dmz0 sudo:   hobbit : TTY=unknown ; PWD=/usr/pkg/hobbit411/server ; USER=root ; COMMAND=/sbin/atactl wd0 smart status
Feb  7 02:13:52 dmz0 named[24527]: client 127.0.0.1#53148: error sending response: socket is not connected
Feb  7 02:18:53 dmz0 named[24527]: client 127.0.0.1#53090: error sending response: socket is not connected
Feb  7 02:18:53 dmz0 named[24527]: client 127.0.0.1#53090: error sending response: socket is not connected
Feb  7 02:18:53 dmz0 sudo:   hobbit : TTY=unknown ; PWD=/usr/pkg/hobbit411/server ; USER=root ; COMMAND=/sbin/atactl wd0 smart status
Feb  7 02:19:22 dmz0 ipmon[272]: 02:19:22.273382 2x url0 @0:21 b loghost.crowthorne.alistaircrooks.co.uk[10.4.0.29],netbios-dgm -> 10.255.255.255,netbios-dgm PR udp len 20 249 IN broadcast 
Feb  7 02:23:38 dmz0 sudo:   hobbit : TTY=unknown ; PWD=/usr/pkg/hobbit411/server ; USER=root ; COMMAND=/usr/pkg/bin/aide --check --config=/diskstats/20020428
Feb  7 02:23:53 dmz0 sudo:   hobbit : TTY=unknown ; PWD=/usr/pkg/hobbit411/server ; USER=root ; COMMAND=/sbin/atactl wd0 smart status
Feb  7 02:23:53 dmz0 named[24527]: client 127.0.0.1#53032: error sending response: socket is not connected
Feb  7 02:23:53 dmz0 named[24527]: client 127.0.0.1#53032: error sending response: socket is not connected
Feb  7 02:27:58 dmz0 ipmon[272]: 02:27:58.102527 url0 @0:27 b 222.174.117.19,1098 -> water.alistaircrooks.co.uk[81.187.253.35],ms-sql-m PR udp len 20 404 IN 
Feb  7 02:28:16 dmz0 ipmon[272]: 02:28:13.604669 url0 @0:27 b 65.73.124.12,11443 -> gw1.alistaircrooks.co.uk[81.187.253.34],1026 PR udp len 20 1083 IN 
Feb  7 02:28:18 dmz0 ipmon[272]: 02:28:13.609651 url0 @0:27 b 65.145.176.187,15739 -> water.alistaircrooks.co.uk[81.187.253.35],1026 PR udp len 20 1083 IN 
Feb  7 02:28:30 dmz0 ipmon[272]: 02:28:13.615652 url0 @0:27 b wcnat-48-176.wheaton.edu[65.79.48.176],13025 -> monitoring.alistaircrooks.co.uk[81.187.253.36],1026 PR udp len 20 1083 IN 
Feb  7 02:28:54 dmz0 sudo:   hobbit : TTY=unknown ; PWD=/usr/pkg/hobbit411/server ; USER=root ; COMMAND=/sbin/atactl wd0 smart status
Feb  7 02:31:29 dmz0 ipmon[272]: 02:31:29.067610 2x url0 @0:21 b loghost.crowthorne.alistaircrooks.co.uk[10.4.0.29],netbios-dgm -> 10.255.255.255,netbios-dgm PR udp len 20 249 IN broadcast 
Feb  7 02:33:34 dmz0 ipmon[272]: 02:33:21.814771 url0 @0:27 b ppp1-23.ver.forthnet.gr[213.16.240.23],21282 -> monitoring.alistaircrooks.co.uk[81.187.253.36],1026 PR udp len 20 908 IN 
Feb  7 02:33:54 dmz0 ipmon[272]: 02:33:21.818712 url0 @0:27 b 213.87.84.154,16318 -> water.alistaircrooks.co.uk[81.187.253.35],1026 PR udp len 20 908 IN 
Feb  7 02:33:54 dmz0 ipmon[272]: 02:33:21.820709 url0 @0:27 b 214.0.132.86,18171 -> gw1.alistaircrooks.co.uk[81.187.253.34],1026 PR udp len 20 908 IN 
Feb  7 02:33:55 dmz0 named[24527]: client 127.0.0.1#52914: error sending response: socket is not connected
Feb  7 02:33:55 dmz0 sudo:   hobbit : TTY=unknown ; PWD=/usr/pkg/hobbit411/server ; USER=root ; COMMAND=/sbin/atactl wd0 smart status
Feb  7 02:33:55 dmz0 named[24527]: client 127.0.0.1#52914: error sending response: socket is not connected
Feb  7 02:38:42 dmz0 sudo:   hobbit : TTY=unknown ; PWD=/usr/pkg/hobbit411/server ; USER=root ; COMMAND=/usr/pkg/bin/aide --check --config=/diskstats/20020428
Feb  7 02:38:57 dmz0 sudo:   hobbit : TTY=unknown ; PWD=/usr/pkg/hobbit411/server ; USER=root ; COMMAND=/sbin/atactl wd0 smart status
Feb  7 02:38:57 dmz0 named[24527]: client 127.0.0.1#52839: error sending response: socket is not connected
Feb  7 02:38:57 dmz0 named[24527]: client 127.0.0.1#52839: error sending response: socket is not connected
Feb  7 02:41:12 dmz0 ipmon[272]: 02:41:01.161268 url0 @0:26 b ALagny-152-1-48-229.w83-112.abo.wanadoo.fr[83.112.107.229],1036 -> gw1.alistaircrooks.co.uk[81.187.253.34],netbios-ssn PR tcp len 20 48 -S IN 
Feb  7 02:41:32 dmz0 ipmon[272]: 02:41:01.177242 url0 @0:26 b ALagny-152-1-48-229.w83-112.abo.wanadoo.fr[83.112.107.229],1038 -> 81.187.253.35,netbios-ssn PR tcp len 20 48 -S IN 
Feb  7 02:41:32 dmz0 ipmon[272]: 02:41:01.185238 url0 @0:26 b ALagny-152-1-48-229.w83-112.abo.wanadoo.fr[83.112.107.229],1039 -> monitoring.alistaircrooks.co.uk[81.187.253.36],netbios-ssn PR tcp len 20 48 -S IN 
Feb  7 02:41:32 dmz0 ipmon[272]: 02:41:01.717270 url0 @0:26 b ALagny-152-1-48-229.w83-112.abo.wanadoo.fr[83.112.107.229],1036 -> gw1.alistaircrooks.co.uk[81.187.253.34],netbios-ssn PR tcp len 20 48 -S IN 
Feb  7 02:41:32 dmz0 ipmon[272]: 02:41:01.719242 url0 @0:26 b ALagny-152-1-48-229.w83-112.abo.wanadoo.fr[83.112.107.229],1038 -> water.alistaircrooks.co.uk[81.187.253.35],netbios-ssn PR tcp len 20 48 -S IN 
Feb  7 02:41:32 dmz0 ipmon[272]: 02:41:01.721239 url0 @0:26 b ALagny-152-1-48-229.w83-112.abo.wanadoo.fr[83.112.107.229],1039 -> monitoring.alistaircrooks.co.uk[81.187.253.36],netbios-ssn PR tcp len 20 48 -S IN 
Feb  7 02:41:32 dmz0 ipmon[272]: 02:41:02.218247 url0 @0:26 b ALagny-152-1-48-229.w83-112.abo.wanadoo.fr[83.112.107.229],1039 -> monitoring.alistaircrooks.co.uk[81.187.253.36],netbios-ssn PR tcp len 20 48 -S IN 
Feb  7 02:41:32 dmz0 ipmon[272]: 02:41:02.220252 url0 @0:26 b ALagny-152-1-48-229.w83-112.abo.wanadoo.fr[83.112.107.229],1038 -> water.alistaircrooks.co.uk[81.187.253.35],netbios-ssn PR tcp len 20 48 -S IN 
Feb  7 02:41:32 dmz0 ipmon[272]: 02:41:02.222240 url0 @0:26 b ALagny-152-1-48-229.w83-112.abo.wanadoo.fr[83.112.107.229],1036 -> gw1.alistaircrooks.co.uk[81.187.253.34],netbios-ssn PR tcp len 20 48 -S IN 
Feb  7 02:43:36 dmz0 ipmon[272]: 02:43:35.940765 2x url0 @0:21 b loghost.crowthorne.alistaircrooks.co.uk[10.4.0.29],netbios-dgm -> 10.255.255.255,netbios-dgm PR udp len 20 249 IN broadcast 
Feb  7 02:43:57 dmz0 named[24527]: client 127.0.0.1#52780: error sending response: socket is not connected
Feb  7 02:43:57 dmz0 sudo:   hobbit : TTY=unknown ; PWD=/usr/pkg/hobbit411/server ; USER=root ; COMMAND=/sbin/atactl wd0 smart status
Feb  7 02:43:57 dmz0 named[24527]: client 127.0.0.1#52780: error sending response: socket is not connected
Feb  7 02:48:37 dmz0 ipmon[272]: 02:48:32.829683 url0 @0:26 b mar75-2-81-57-225-94.fbx.proxad.net[81.57.225.94],1591 -> monitoring.alistaircrooks.co.uk[81.187.253.36],netbios-ssn PR tcp len 20 48 -S IN 
Feb  7 02:48:37 dmz0 ipmon[272]: 02:48:33.339698 2x url0 @0:26 b mar75-2-81-57-225-94.fbx.proxad.net[81.57.225.94],1591 -> monitoring.alistaircrooks.co.uk[81.187.253.36],netbios-ssn PR tcp len 20 48 -S IN 
Feb  7 02:48:58 dmz0 named[24527]: client 127.0.0.1#52722: error sending response: socket is not connected
Feb  7 02:48:58 dmz0 named[24527]: client 127.0.0.1#52722: error sending response: socket is not connected
Feb  7 02:48:58 dmz0 sudo:   hobbit : TTY=unknown ; PWD=/usr/pkg/hobbit411/server ; USER=root ; COMMAND=/sbin/atactl wd0 smart status
Feb  7 02:51:03 dmz0 ipmon[272]: 02:50:52.552054 url0 @0:26 b 218-164-2-242.dynamic.hinet.net[218.164.2.242],3290 -> water.alistaircrooks.co.uk[81.187.253.35],mysql PR tcp len 20 48 -S IN 
Feb  7 02:51:03 dmz0 ipmon[272]: 02:50:52.561021 url0 @0:26 b 218-164-2-242.dynamic.hinet.net[218.164.2.242],3489 -> monitoring.alistaircrooks.co.uk[81.187.253.36],mysql PR tcp len 20 48 -S IN 
Feb  7 02:51:03 dmz0 ipmon[272]: 02:50:55.158083 url0 @0:26 b 218-164-2-242.dynamic.hinet.net[218.164.2.242],3489 -> monitoring.alistaircrooks.co.uk[81.187.253.36],mysql PR tcp len 20 48 -S IN 
Feb  7 02:51:03 dmz0 ipmon[272]: 02:50:55.171060 url0 @0:26 b 218-164-2-242.dynamic.hinet.net[218.164.2.242],3290 -> water.alistaircrooks.co.uk[81.187.253.35],mysql PR tcp len 20 48 -S IN 
Feb  7 02:51:03 dmz0 ipmon[272]: 02:50:55.329067 url0 @0:26 b 218-164-2-242.dynamic.hinet.net[218.164.2.242],3276 -> gw1.alistaircrooks.co.uk[81.187.253.34],mysql PR tcp len 20 48 -S IN 
Feb  7 02:51:03 dmz0 ipmon[272]: 02:50:57.702102 url0 @0:26 b 218-164-2-242.dynamic.hinet.net[218.164.2.242],3290 -> water.alistaircrooks.co.uk[81.187.253.35],mysql PR tcp len 20 48 -S IN 
Feb  7 02:51:03 dmz0 ipmon[272]: 02:50:57.715072 url0 @0:26 b 218-164-2-242.dynamic.hinet.net[218.164.2.242],3489 -> monitoring.alistaircrooks.co.uk[81.187.253.36],mysql PR tcp len 20 48 -S IN 
Feb  7 02:51:03 dmz0 ipmon[272]: 02:50:57.807129 url0 @0:26 b 218-164-2-242.dynamic.hinet.net[218.164.2.242],3276 -> gw1.alistaircrooks.co.uk[81.187.253.34],mysql PR tcp len 20 48 -S IN 
Feb  7 02:52:22 dmz0 ipmon[272]: 02:52:12.206832 url0 @0:27 b 219.150.118.19,1353 -> monitoring.alistaircrooks.co.uk[81.187.253.36],1029 PR udp len 20 951 IN 
Feb  7 02:52:22 dmz0 ipmon[272]: 02:52:12.213806 url0 @0:27 b 219.150.118.19,1120 -> gw1.alistaircrooks.co.uk[81.187.253.34],1029 PR udp len 20 951 IN 
Feb  7 02:52:22 dmz0 ipmon[272]: 02:52:12.217800 url0 @0:27 b 219.150.118.19,1242 -> water.alistaircrooks.co.uk[81.187.253.35],1029 PR udp len 20 951 IN 
Feb  7 02:53:43 dmz0 sudo:   hobbit : TTY=unknown ; PWD=/usr/pkg/hobbit411/server ; USER=root ; COMMAND=/usr/pkg/bin/aide --check --config=/diskstats/20020428
Feb  7 02:53:58 dmz0 named[24527]: client 127.0.0.1#52664: error sending response: socket is not connected
Feb  7 02:53:58 dmz0 named[24527]: client 127.0.0.1#52664: error sending response: socket is not connected
Feb  7 02:53:58 dmz0 sudo:   hobbit : TTY=unknown ; PWD=/usr/pkg/hobbit411/server ; USER=root ; COMMAND=/sbin/atactl wd0 smart status
Feb  7 02:54:35 dmz0 ipmon[272]: 02:54:25.691156 url0 @0:27 b 61.136.152.53,3320 -> monitoring.alistaircrooks.co.uk[81.187.253.36],ms-sql-m PR udp len 20 404 IN 
Feb  7 02:55:43 dmz0 ipmon[272]: 02:55:42.714901 2x url0 @0:21 b loghost.crowthorne.alistaircrooks.co.uk[10.4.0.29],netbios-dgm -> 10.255.255.255,netbios-dgm PR udp len 20 249 IN broadcast 
Feb  7 02:58:59 dmz0 named[24527]: client 127.0.0.1#52604: error sending response: socket is not connected
Feb  7 02:58:59 dmz0 sudo:   hobbit : TTY=unknown ; PWD=/usr/pkg/hobbit411/server ; USER=root ; COMMAND=/sbin/atactl wd0 smart status
Feb  7 02:58:59 dmz0 named[24527]: client 127.0.0.1#52604: error sending response: socket is not connected
Feb  7 03:00:00 sys3 syslogd: restart
Feb  7 03:04:00 dmz0 sudo:   hobbit : TTY=unknown ; PWD=/usr/pkg/hobbit411/server ; USER=root ; COMMAND=/sbin/atactl wd0 smart status
Feb  7 03:04:00 dmz0 named[24527]: client 127.0.0.1#52546: error sending response: socket is not connected
Feb  7 03:04:00 dmz0 named[24527]: client 127.0.0.1#52546: error sending response: socket is not connected
Feb  7 03:07:43 dmz0 ipmon[272]: 03:07:43.489068 2x url0 @0:21 b loghost.crowthorne.alistaircrooks.co.uk[10.4.0.29],netbios-dgm -> 10.255.255.255,netbios-dgm PR udp len 20 249 IN broadcast 
Feb  7 03:08:46 dmz0 sudo:   hobbit : TTY=unknown ; PWD=/usr/pkg/hobbit411/server ; USER=root ; COMMAND=/usr/pkg/bin/aide --check --config=/diskstats/20020428
Feb  7 03:08:59 sys3 smartd[799]: Device: /dev/wd0d, SMART Prefailure Attribute: 8 Seek_Time_Performance changed from 243 to 242 
Feb  7 03:09:01 dmz0 named[24527]: client 127.0.0.1#52472: error sending response: socket is not connected
Feb  7 03:09:01 dmz0 named[24527]: client 127.0.0.1#52472: error sending response: socket is not connected
Feb  7 03:09:01 dmz0 sudo:   hobbit : TTY=unknown ; PWD=/usr/pkg/hobbit411/server ; USER=root ; COMMAND=/sbin/atactl wd0 smart status
Feb  7 03:14:01 dmz0 named[24527]: client 127.0.0.1#52412: error sending response: socket is not connected
Feb  7 03:14:01 dmz0 sudo:   hobbit : TTY=unknown ; PWD=/usr/pkg/hobbit411/server ; USER=root ; COMMAND=/sbin/atactl wd0 smart status
Feb  7 03:14:01 dmz0 named[24527]: client 127.0.0.1#52412: error sending response: socket is not connected
Feb  7 03:19:02 dmz0 named[24527]: client 127.0.0.1#52353: error sending response: socket is not connected
Feb  7 03:19:02 dmz0 sudo:   hobbit : TTY=unknown ; PWD=/usr/pkg/hobbit411/server ; USER=root ; COMMAND=/sbin/atactl wd0 smart status
Feb  7 03:19:02 dmz0 named[24527]: client 127.0.0.1#52353: error sending response: socket is not connected
Feb  7 03:19:51 dmz0 ipmon[272]: 03:19:50.253380 2x url0 @0:21 b loghost.crowthorne.alistaircrooks.co.uk[10.4.0.29],netbios-dgm -> 10.255.255.255,netbios-dgm PR udp len 20 249 IN broadcast 
Feb  7 03:23:48 dmz0 sudo:   hobbit : TTY=unknown ; PWD=/usr/pkg/hobbit411/server ; USER=root ; COMMAND=/usr/pkg/bin/aide --check --config=/diskstats/20020428
Feb  7 03:24:03 dmz0 named[24527]: client 127.0.0.1#52295: error sending response: socket is not connected
Feb  7 03:24:03 dmz0 sudo:   hobbit : TTY=unknown ; PWD=/usr/pkg/hobbit411/server ; USER=root ; COMMAND=/sbin/atactl wd0 smart status
Feb  7 03:24:03 dmz0 named[24527]: client 127.0.0.1#52295: error sending response: socket is not connected
Feb  7 03:29:03 dmz0 named[24527]: client 127.0.0.1#52233: error sending response: socket is not connected
Feb  7 03:29:03 dmz0 sudo:   hobbit : TTY=unknown ; PWD=/usr/pkg/hobbit411/server ; USER=root ; COMMAND=/sbin/atactl wd0 smart status
Feb  7 03:29:03 dmz0 named[24527]: client 127.0.0.1#52233: error sending response: socket is not connected
Feb  7 03:31:57 dmz0 ipmon[272]: 03:31:57.186712 2x url0 @0:21 b loghost.crowthorne.alistaircrooks.co.uk[10.4.0.29],netbios-dgm -> 10.255.255.255,netbios-dgm PR udp len 20 249 IN broadcast 
Feb  7 03:34:04 dmz0 named[24527]: client 127.0.0.1#52174: error sending response: socket is not connected
Feb  7 03:34:04 dmz0 named[24527]: client 127.0.0.1#52174: error sending response: socket is not connected
Feb  7 03:34:04 dmz0 sudo:   hobbit : TTY=unknown ; PWD=/usr/pkg/hobbit411/server ; USER=root ; COMMAND=/sbin/atactl wd0 smart status
Feb  7 03:38:51 dmz0 sudo:   hobbit : TTY=unknown ; PWD=/usr/pkg/hobbit411/server ; USER=root ; COMMAND=/usr/pkg/bin/aide --check --config=/diskstats/20020428
Feb  7 03:39:00 sys3 smartd[799]: Device: /dev/wd0d, SMART Prefailure Attribute: 8 Seek_Time_Performance changed from 242 to 248 
Feb  7 03:39:00 sys3 smartd[799]: Device: /dev/wd1d, SMART Prefailure Attribute: 8 Seek_Time_Performance changed from 241 to 248 
Feb  7 03:39:07 dmz0 named[24527]: client 127.0.0.1#52075: error sending response: socket is not connected
Feb  7 03:39:07 dmz0 named[24527]: client 127.0.0.1#52075: error sending response: socket is not connected
Feb  7 03:39:07 dmz0 sudo:   hobbit : TTY=unknown ; PWD=/usr/pkg/hobbit411/server ; USER=root ; COMMAND=/sbin/atactl wd0 smart status
Feb  7 03:43:54 dmz0 ipmon[272]: 03:43:53.945929 2x url0 @0:21 b loghost.crowthorne.alistaircrooks.co.uk[10.4.0.29],netbios-dgm -> 10.255.255.255,netbios-dgm PR udp len 20 249 IN broadcast 
Feb  7 03:44:07 dmz0 named[24527]: client 127.0.0.1#52014: error sending response: socket is not connected
Feb  7 03:44:07 dmz0 named[24527]: client 127.0.0.1#52014: error sending response: socket is not connected
Feb  7 03:44:07 dmz0 sudo:   hobbit : TTY=unknown ; PWD=/usr/pkg/hobbit411/server ; USER=root ; COMMAND=/sbin/atactl wd0 smart status
Feb  7 03:44:39 dmz0 ipmon[272]: 03:44:17.098181 url0 @0:26 b 13.Red-80-24-213.staticIP.rima-tde.net[80.24.213.13],3044 -> 81.187.253.35,epmap PR tcp len 20 48 -S IN 
Feb  7 03:44:42 dmz0 ipmon[272]: 03:44:17.666219 2x url0 @0:26 b adsl-83-193-59.asm.bellsouth.net[65.83.193.59],2986 -> gw1.alistaircrooks.co.uk[81.187.253.34],epmap PR tcp len 20 48 -S IN 
Feb  7 03:44:42 dmz0 ipmon[272]: 03:44:18.385183 url0 @0:26 b 13.Red-80-24-213.staticIP.rima-tde.net[80.24.213.13],3044 -> water.alistaircrooks.co.uk[81.187.253.35],epmap PR tcp len 20 48 -S IN 
Feb  7 03:44:42 dmz0 ipmon[272]: 03:44:18.870222 url0 @0:26 b adsl-83-193-59.asm.bellsouth.net[65.83.193.59],2986 -> gw1.alistaircrooks.co.uk[81.187.253.34],epmap PR tcp len 20 48 -S IN 
Feb  7 03:44:42 dmz0 ipmon[272]: 03:44:19.696242 url0 @0:26 b 13.Red-80-24-213.staticIP.rima-tde.net[80.24.213.13],3044 -> water.alistaircrooks.co.uk[81.187.253.35],epmap PR tcp len 20 48 -S IN 
Feb  7 03:48:52 dmz0 ipmon[272]: 03:48:38.976527 url0 @0:27 b 213.191.114.195,5829 -> water.alistaircrooks.co.uk[81.187.253.35],1026 PR udp len 20 908 IN 
Feb  7 03:49:08 dmz0 sudo:   hobbit : TTY=unknown ; PWD=/usr/pkg/hobbit411/server ; USER=root ; COMMAND=/sbin/atactl wd0 smart status
Feb  7 03:49:08 dmz0 named[24527]: client 127.0.0.1#51956: error sending response: socket is not connected
Feb  7 03:49:08 dmz0 named[24527]: client 127.0.0.1#51956: error sending response: socket is not connected
Feb  7 03:49:14 dmz0 ipmon[272]: 03:48:38.978500 url0 @0:27 b 213.38.254.192,26771 -> monitoring.alistaircrooks.co.uk[81.187.253.36],1026 PR udp len 20 908 IN 
Feb  7 03:49:24 dmz0 ipmon[272]: 03:48:38.990495 url0 @0:27 b c182188.adsl.hansenet.de[213.39.182.188],17171 -> gw1.alistaircrooks.co.uk[81.187.253.34],1026 PR udp len 20 908 IN 
Feb  7 03:53:53 dmz0 sudo:   hobbit : TTY=unknown ; PWD=/usr/pkg/hobbit411/server ; USER=root ; COMMAND=/usr/pkg/bin/aide --check --config=/diskstats/20020428
Feb  7 03:54:08 dmz0 named[24527]: client 127.0.0.1#51898: error sending response: socket is not connected
Feb  7 03:54:08 dmz0 named[24527]: client 127.0.0.1#51898: error sending response: socket is not connected
Feb  7 03:54:08 dmz0 sudo:   hobbit : TTY=unknown ; PWD=/usr/pkg/hobbit411/server ; USER=root ; COMMAND=/sbin/atactl wd0 smart status
Feb  7 03:54:33 dmz0 ipmon[272]: 03:54:30.695551 2x url0 @0:26 b 93.Red-80-32-198.staticIP.rima-tde.net[80.32.198.93],15287 -> water.alistaircrooks.co.uk[81.187.253.35],epmap PR tcp len 20 48 -S IN 
Feb  7 03:54:33 dmz0 ipmon[272]: 03:54:31.899595 url0 @0:26 b 93.Red-80-32-198.staticIP.rima-tde.net[80.32.198.93],15299 -> water.alistaircrooks.co.uk[81.187.253.35],epmap PR tcp len 20 48 -S IN 
Feb  7 03:54:46 dmz0 ipmon[272]: 03:54:46.112686 url0 @0:27 b 65.149.76.127,25641 -> gw1.alistaircrooks.co.uk[81.187.253.34],1026 PR udp len 20 1083 IN 
Feb  7 03:54:51 dmz0 ipmon[272]: 03:54:46.121663 url0 @0:27 b c-65-96-233-53.hsd1.ma.comcast.net[65.96.233.53],28308 -> water.alistaircrooks.co.uk[81.187.253.35],1026 PR udp len 20 1083 IN 
Feb  7 03:54:54 dmz0 ipmon[272]: 03:54:46.129665 url0 @0:27 b 65.14.57.129,22008 -> monitoring.alistaircrooks.co.uk[81.187.253.36],1026 PR udp len 20 1083 IN 
Feb  7 03:55:52 dmz0 ipmon[272]: 03:55:46.984217 url0 @0:26 b 218.189.231.30,4377 -> water.alistaircrooks.co.uk[81.187.253.35],5554 PR tcp len 20 48 -S IN 
Feb  7 03:55:52 dmz0 ipmon[272]: 03:55:46.986190 url0 @0:26 b 218.189.231.30,4376 -> gw1.alistaircrooks.co.uk[81.187.253.34],5554 PR tcp len 20 48 -S IN 
Feb  7 03:55:52 dmz0 ipmon[272]: 03:55:46.988187 url0 @0:26 b 218.189.231.30,4378 -> monitoring.alistaircrooks.co.uk[81.187.253.36],5554 PR tcp len 20 48 -S IN 
Feb  7 03:55:52 dmz0 ipmon[272]: 03:55:47.467240 url0 @0:26 b 218.189.231.30,4655 -> gw1.alistaircrooks.co.uk[81.187.253.34],9898 PR tcp len 20 48 -S IN 
Feb  7 03:55:52 dmz0 ipmon[272]: 03:55:47.469191 url0 @0:26 b 218.189.231.30,4656 -> water.alistaircrooks.co.uk[81.187.253.35],9898 PR tcp len 20 48 -S IN 
Feb  7 03:55:52 dmz0 ipmon[272]: 03:55:47.471190 url0 @0:26 b 218.189.231.30,4667 -> monitoring.alistaircrooks.co.uk[81.187.253.36],9898 PR tcp len 20 48 -S IN 
Feb  7 03:56:11 dmz0 ipmon[272]: 03:56:10.714410 2x url0 @0:21 b loghost.crowthorne.alistaircrooks.co.uk[10.4.0.29],netbios-dgm -> 10.255.255.255,netbios-dgm PR udp len 20 249 IN broadcast 
Feb  7 03:56:28 dmz0 ipmon[272]: 03:56:25.950566 url0 @0:27 b adsl-8-27-108.mia.bellsouth.net[65.8.27.108],21264 -> gw1.alistaircrooks.co.uk[81.187.253.34],1026 PR udp len 20 1329 IN 
Feb  7 03:56:43 dmz0 ipmon[272]: 03:56:25.955537 url0 @0:27 b 65.72.160.216,13433 -> water.alistaircrooks.co.uk[81.187.253.35],1026 PR udp len 20 1329 IN 
Feb  7 03:56:43 dmz0 ipmon[272]: 03:56:25.966532 url0 @0:27 b 65-73-149-251.br1.hnv.mi.frontiernet.net[65.73.149.251],2027 -> monitoring.alistaircrooks.co.uk[81.187.253.36],1026 PR udp len 20 1329 IN 
Feb  7 03:59:09 dmz0 named[24527]: client 127.0.0.1#51838: error sending response: socket is not connected
Feb  7 03:59:09 dmz0 sudo:   hobbit : TTY=unknown ; PWD=/usr/pkg/hobbit411/server ; USER=root ; COMMAND=/sbin/atactl wd0 smart status
Feb  7 03:59:09 dmz0 named[24527]: client 127.0.0.1#51838: error sending response: socket is not connected
Feb  7 04:03:17 dmz0 ipmon[272]: 04:03:12.918306 url0 @0:27 b 222.174.117.19,1098 -> monitoring.alistaircrooks.co.uk[81.187.253.36],ms-sql-m PR udp len 20 404 IN 
Feb  7 04:04:10 dmz0 sudo:   hobbit : TTY=unknown ; PWD=/usr/pkg/hobbit411/server ; USER=root ; COMMAND=/sbin/atactl wd0 smart status
Feb  7 04:05:28 dmz0 ipmon[272]: 04:05:17.091203 url0 @0:26 b 61-222-126-182.HINET-IP.hinet.net[61.222.126.182],3694 -> gw1.alistaircrooks.co.uk[81.187.253.34],microsoft-ds PR tcp len 20 64 -S IN 
Feb  7 04:05:28 dmz0 ipmon[272]: 04:05:17.958197 url0 @0:26 b 61-222-160-185.HINET-IP.hinet.net[61.222.160.185],3694 -> gw1.alistaircrooks.co.uk[81.187.253.34],microsoft-ds PR tcp len 20 64 -S IN 
Feb  7 04:05:28 dmz0 ipmon[272]: 04:05:18.831225 url0 @0:26 b 61-222-126-182.HINET-IP.hinet.net[61.222.126.182],3694 -> gw1.alistaircrooks.co.uk[81.187.253.34],microsoft-ds PR tcp len 20 64 -S IN 
Feb  7 04:07:25 dmz0 ipmon[272]: 04:07:22.115228 2x url0 @0:26 b 68-191-222-250.dhcp.dntn.tx.charter.com[68.191.222.250],3473 -> monitoring.alistaircrooks.co.uk[81.187.253.36],microsoft-ds PR tcp len 20 48 -S IN 
Feb  7 04:07:25 dmz0 ipmon[272]: 04:07:23.395249 url0 @0:26 b 68-191-222-250.dhcp.dntn.tx.charter.com[68.191.222.250],3473 -> monitoring.alistaircrooks.co.uk[81.187.253.36],microsoft-ds PR tcp len 20 48 -S IN 
Feb  7 04:08:12 dmz0 ipmon[272]: 04:08:11.457637 2x url0 @0:21 b loghost.crowthorne.alistaircrooks.co.uk[10.4.0.29],netbios-dgm -> 10.255.255.255,netbios-dgm PR udp len 20 249 IN broadcast 
Feb  7 04:08:56 dmz0 sudo:   hobbit : TTY=unknown ; PWD=/usr/pkg/hobbit411/server ; USER=root ; COMMAND=/usr/pkg/bin/aide --check --config=/diskstats/20020428
Feb  7 04:08:59 sys3 smartd[799]: Device: /dev/wd0d, SMART Prefailure Attribute: 8 Seek_Time_Performance changed from 248 to 251 
Feb  7 04:08:59 sys3 smartd[799]: Device: /dev/wd1d, SMART Prefailure Attribute: 8 Seek_Time_Performance changed from 248 to 250 
Feb  7 04:09:12 dmz0 named[24527]: client 127.0.0.1#51704: error sending response: socket is not connected
Feb  7 04:09:12 dmz0 sudo:   hobbit : TTY=unknown ; PWD=/usr/pkg/hobbit411/server ; USER=root ; COMMAND=/sbin/atactl wd0 smart status
Feb  7 04:09:12 dmz0 named[24527]: client 127.0.0.1#51704: error sending response: socket is not connected
Feb  7 04:14:12 dmz0 sudo:   hobbit : TTY=unknown ; PWD=/usr/pkg/hobbit411/server ; USER=root ; COMMAND=/sbin/atactl wd0 smart status
Feb  7 04:14:12 dmz0 named[24527]: client 127.0.0.1#51642: error sending response: socket is not connected
Feb  7 04:14:12 dmz0 named[24527]: client 127.0.0.1#51642: error sending response: socket is not connected
Feb  7 04:17:16 dmz0 ipmon[272]: 04:17:03.553201 url0 @0:26 b 202.179.7.18,13450 -> gw1.alistaircrooks.co.uk[81.187.253.34],mysql PR tcp len 20 48 -S IN 
Feb  7 04:17:16 dmz0 ipmon[272]: 04:17:03.570168 url0 @0:26 b 202.179.7.18,13458 -> water.alistaircrooks.co.uk[81.187.253.35],mysql PR tcp len 20 48 -S IN 
Feb  7 04:17:16 dmz0 ipmon[272]: 04:17:03.574165 url0 @0:26 b 202.179.7.18,13465 -> monitoring.alistaircrooks.co.uk[81.187.253.36],mysql PR tcp len 20 48 -S IN 
Feb  7 04:17:16 dmz0 ipmon[272]: 04:17:04.932211 url0 @0:26 b 202.179.7.18,13450 -> gw1.alistaircrooks.co.uk[81.187.253.34],mysql PR tcp len 20 48 -S IN 
Feb  7 04:17:16 dmz0 ipmon[272]: 04:17:05.010180 url0 @0:26 b 202.179.7.18,13465 -> monitoring.alistaircrooks.co.uk[81.187.253.36],mysql PR tcp len 20 48 -S IN 
Feb  7 04:17:16 dmz0 ipmon[272]: 04:17:05.015176 url0 @0:26 b 202.179.7.18,13458 -> water.alistaircrooks.co.uk[81.187.253.35],mysql PR tcp len 20 48 -S IN 
Feb  7 04:17:16 dmz0 ipmon[272]: 04:17:06.310220 url0 @0:26 b 202.179.7.18,13450 -> gw1.alistaircrooks.co.uk[81.187.253.34],mysql PR tcp len 20 48 -S IN 
Feb  7 04:17:16 dmz0 ipmon[272]: 04:17:06.488194 url0 @0:26 b 202.179.7.18,13465 -> monitoring.alistaircrooks.co.uk[81.187.253.36],mysql PR tcp len 20 48 -S IN 
Feb  7 04:17:16 dmz0 ipmon[272]: 04:17:06.493188 url0 @0:26 b 202.179.7.18,13458 -> water.alistaircrooks.co.uk[81.187.253.35],mysql PR tcp len 20 48 -S IN 
Feb  7 04:19:13 dmz0 named[24527]: client 127.0.0.1#51584: error sending response: socket is not connected
Feb  7 04:19:13 dmz0 sudo:   hobbit : TTY=unknown ; PWD=/usr/pkg/hobbit411/server ; USER=root ; COMMAND=/sbin/atactl wd0 smart status
Feb  7 04:19:13 dmz0 named[24527]: client 127.0.0.1#51584: error sending response: socket is not connected
Feb  7 04:20:18 dmz0 ipmon[272]: 04:20:18.300976 2x url0 @0:21 b loghost.crowthorne.alistaircrooks.co.uk[10.4.0.29],netbios-dgm -> 10.255.255.255,netbios-dgm PR udp len 20 249 IN broadcast 
Feb  7 04:23:37 dmz0 ipmon[272]: 04:23:32.423190 url0 @0:27 b 66.101.246.80,10145 -> gw1.alistaircrooks.co.uk[81.187.253.34],1026 PR udp len 20 1329 IN 
Feb  7 04:23:47 dmz0 ipmon[272]: 04:23:32.429160 url0 @0:27 b 66.236.174.212.ptr.us.xo.net[66.236.174.212],4722 -> water.alistaircrooks.co.uk[81.187.253.35],1026 PR udp len 20 1329 IN 
Feb  7 04:23:49 dmz0 ipmon[272]: 04:23:32.439161 url0 @0:27 b adsl-21-196-1.mem.bellsouth.net[66.21.196.1],3115 -> monitoring.alistaircrooks.co.uk[81.187.253.36],1026 PR udp len 20 1329 IN 
