Feb  7 16:03:17 dmz0 ipmon[272]: 16:02:53.597353 url0 @0:26 b 254-238.242.81.adsl.skynet.be[81.242.238.254],3899 -> monitoring.alistaircrooks.co.uk[81.187.253.36],microsoft-ds PR tcp len 20 48 -S IN 
Feb  7 16:03:17 dmz0 ipmon[272]: 16:02:54.139389 url0 @0:26 b 254-238.242.81.adsl.skynet.be[81.242.238.254],3897 -> gw1.alistaircrooks.co.uk[81.187.253.34],microsoft-ds PR tcp len 20 48 -S IN 
Feb  7 16:03:17 dmz0 ipmon[272]: 16:02:54.141360 url0 @0:26 b 254-238.242.81.adsl.skynet.be[81.242.238.254],3898 -> water.alistaircrooks.co.uk[81.187.253.35],microsoft-ds PR tcp len 20 48 -S IN 
Feb  7 16:03:17 dmz0 ipmon[272]: 16:02:54.145352 url0 @0:26 b 254-238.242.81.adsl.skynet.be[81.242.238.254],3899 -> monitoring.alistaircrooks.co.uk[81.187.253.36],microsoft-ds PR tcp len 20 48 -S IN 
Feb  7 16:04:50 dmz0 ipmon[272]: 16:04:37.022478 url0 @0:26 b host34-174.pool872.interbusiness.it[87.2.174.34],4699 -> monitoring.alistaircrooks.co.uk[81.187.253.36],epmap PR tcp len 20 64 -S IN 
Feb  7 16:06:41 dmz0 sudo:   hobbit : TTY=unknown ; PWD=/usr/pkg/hobbit411/server ; USER=root ; COMMAND=/usr/pkg/bin/aide --check --config=/diskstats/20020428
Feb  7 16:06:42 dmz0 ipmon[272]: 16:06:39.773712 url0 @0:27 b 213-48-224-238.hay.cvx.blueyonder.co.uk[213.48.224.238],8437 -> gw1.alistaircrooks.co.uk[81.187.253.34],1026 PR udp len 20 908 IN 
Feb  7 16:06:46 dmz0 ipmon[272]: 16:06:39.797712 url0 @0:27 b 213.120.220.30,20286 -> monitoring.alistaircrooks.co.uk[81.187.253.36],1026 PR udp len 20 908 IN 
Feb  7 16:07:08 dmz0 sudo:   hobbit : TTY=unknown ; PWD=/usr/pkg/hobbit411/server ; USER=root ; COMMAND=/sbin/atactl wd0 smart status
Feb  7 16:07:11 dmz0 ipmon[272]: 16:06:39.801687 url0 @0:27 b ua-213-113-192-222.cust.bredbandsbolaget.se[213.113.192.222],6063 -> 81.187.253.35,1026 PR udp len 20 908 IN 
Feb  7 16:07:21 dmz0 ipmon[272]: 16:06:45.669818 3x url0 @0:26 b 81.250.163.151,62801 -> gw1.alistaircrooks.co.uk[81.187.253.34],netbios-ssn PR tcp len 20 48 -S IN 
Feb  7 16:09:08 dmz0 ipmon[272]: 16:08:47.506051 2x url0 @0:26 b 81.192.40.218,1691 -> water.alistaircrooks.co.uk[81.187.253.35],imap PR tcp len 20 48 -S IN 
Feb  7 16:09:11 dmz0 ipmon[272]: 16:08:48.685056 url0 @0:26 b adsl-218-40-192-81.adsl.iam.net.ma[81.192.40.218],1691 -> water.alistaircrooks.co.uk[81.187.253.35],imap PR tcp len 20 48 -S IN 
Feb  7 16:10:26 dmz0 ipmon[272]: 16:10:23.871031 2x url0 @0:26 b host81-137-85-169.in-addr.btopenworld.com[81.137.85.169],1342 -> water.alistaircrooks.co.uk[81.187.253.35],microsoft-ds PR tcp len 20 64 -S IN 
Feb  7 16:10:26 dmz0 ipmon[272]: 16:10:24.885047 url0 @0:26 b host81-137-85-169.in-addr.btopenworld.com[81.137.85.169],1342 -> water.alistaircrooks.co.uk[81.187.253.35],microsoft-ds PR tcp len 20 64 -S IN 
Feb  7 16:12:10 dmz0 sudo:   hobbit : TTY=unknown ; PWD=/usr/pkg/hobbit411/server ; USER=root ; COMMAND=/sbin/atactl wd0 smart status
Feb  7 16:12:46 dmz0 ipmon[272]: 16:12:43.321499 2x url0 @0:26 b dslb-084-056-174-082.pools.arcor-ip.net[84.56.174.82],3778 -> water.alistaircrooks.co.uk[81.187.253.35],epmap PR tcp len 20 48 -S IN 
Feb  7 16:12:46 dmz0 ipmon[272]: 16:12:44.286477 url0 @0:26 b dslb-084-056-174-082.pools.arcor-ip.net[84.56.174.82],3778 -> water.alistaircrooks.co.uk[81.187.253.35],epmap PR tcp len 20 48 -S IN 
Feb  7 16:13:47 dmz0 ipmon[272]: 16:13:47.249128 2x url0 @0:21 b loghost.crowthorne.alistaircrooks.co.uk[10.4.0.29],netbios-dgm -> 10.255.255.255,netbios-dgm PR udp len 20 249 IN broadcast 
Feb  7 16:16:02 dmz0 ipmon[272]: 16:15:49.147431 2x url0 @0:26 b 88-106-3-142.dynamic.dsl.as9105.com[88.106.3.142],4019 -> gw1.alistaircrooks.co.uk[81.187.253.34],epmap PR tcp len 20 48 -S IN 
Feb  7 16:16:02 dmz0 ipmon[272]: 16:15:50.136414 url0 @0:26 b 88-106-3-142.dynamic.dsl.as9105.com[88.106.3.142],4019 -> gw1.alistaircrooks.co.uk[81.187.253.34],epmap PR tcp len 20 48 -S IN 
Feb  7 16:16:19 sys3 smartd[799]: Device: /dev/wd1d, SMART Prefailure Attribute: 8 Seek_Time_Performance changed from 250 to 249 
Feb  7 16:17:12 dmz0 sudo:   hobbit : TTY=unknown ; PWD=/usr/pkg/hobbit411/server ; USER=root ; COMMAND=/sbin/atactl wd0 smart status
Feb  7 16:21:45 dmz0 sudo:   hobbit : TTY=unknown ; PWD=/usr/pkg/hobbit411/server ; USER=root ; COMMAND=/usr/pkg/bin/aide --check --config=/diskstats/20020428
Feb  7 16:22:12 dmz0 sudo:   hobbit : TTY=unknown ; PWD=/usr/pkg/hobbit411/server ; USER=root ; COMMAND=/sbin/atactl wd0 smart status
Feb  7 16:22:40 dmz0 ipmon[272]: 16:22:37.893722 url0 @0:26 b 83.239.124.38,2356 -> gw1.alistaircrooks.co.uk[81.187.253.34],epmap PR tcp len 20 48 -S IN 
Feb  7 16:22:40 dmz0 ipmon[272]: 16:22:38.558720 2x url0 @0:26 b 83.239.124.38,2356 -> gw1.alistaircrooks.co.uk[81.187.253.34],epmap PR tcp len 20 48 -S IN 
Feb  7 16:23:29 dmz0 ipmon[272]: 16:23:16.677114 url0 @0:26 b 81-203-113-99.user.ono.com[81.203.113.99],1326 -> monitoring.alistaircrooks.co.uk[81.187.253.36],netbios-ssn PR tcp len 20 48 -S IN 
Feb  7 16:23:29 dmz0 ipmon[272]: 16:23:17.738123 2x url0 @0:26 b 81-203-113-99.user.ono.com[81.203.113.99],1326 -> monitoring.alistaircrooks.co.uk[81.187.253.36],netbios-ssn PR tcp len 20 48 -S IN 
Feb  7 16:25:47 dmz0 ipmon[272]: 16:25:47.032690 2x url0 @0:21 b loghost.crowthorne.alistaircrooks.co.uk[10.4.0.29],netbios-dgm -> 10.255.255.255,netbios-dgm PR udp len 20 249 IN broadcast 
Feb  7 16:27:14 dmz0 sudo:   hobbit : TTY=unknown ; PWD=/usr/pkg/hobbit411/server ; USER=root ; COMMAND=/sbin/atactl wd0 smart status
Feb  7 16:27:45 dmz0 ipmon[272]: 16:27:24.996745 url0 @0:26 b 210.90.87.200,34637 -> water.alistaircrooks.co.uk[81.187.253.35],https PR tcp len 20 60 -S IN 
Feb  7 16:27:45 dmz0 ipmon[272]: 16:27:25.004718 url0 @0:26 b 210.90.87.200,34638 -> monitoring.alistaircrooks.co.uk[81.187.253.36],https PR tcp len 20 60 -S IN 
Feb  7 16:27:45 dmz0 ipmon[272]: 16:27:25.028712 url0 @0:26 b 210.90.87.200,34636 -> gw1.alistaircrooks.co.uk[81.187.253.34],https PR tcp len 20 60 -S IN 
Feb  7 16:29:18 dmz0 ipmon[272]: 16:29:15.953929 url0 @0:26 b p5483F1B6.dip.t-dialin.net[84.131.241.182],3560 -> monitoring.alistaircrooks.co.uk[81.187.253.36],epmap PR tcp len 20 52 -S IN 
Feb  7 16:29:18 dmz0 ipmon[272]: 16:29:16.505924 2x url0 @0:26 b p5483F1B6.dip.t-dialin.net[84.131.241.182],3560 -> monitoring.alistaircrooks.co.uk[81.187.253.36],epmap PR tcp len 20 52 -S IN 
Feb  7 16:31:07 dmz0 ipmon[272]: 16:31:05.099064 url0 @0:26 b cre94-1-81-57-162-204.fbx.proxad.net[81.57.162.204],2063 -> gw1.alistaircrooks.co.uk[81.187.253.34],epmap PR tcp len 20 48 -S IN 
Feb  7 16:31:07 dmz0 ipmon[272]: 16:31:05.103039 url0 @0:26 b cre94-1-81-57-162-204.fbx.proxad.net[81.57.162.204],2064 -> water.alistaircrooks.co.uk[81.187.253.35],epmap PR tcp len 20 48 -S IN 
Feb  7 16:31:07 dmz0 ipmon[272]: 16:31:05.107038 url0 @0:26 b cre94-1-81-57-162-204.fbx.proxad.net[81.57.162.204],2065 -> monitoring.alistaircrooks.co.uk[81.187.253.36],epmap PR tcp len 20 48 -S IN 
Feb  7 16:31:07 dmz0 ipmon[272]: 16:31:05.607078 url0 @0:26 b cre94-1-81-57-162-204.fbx.proxad.net[81.57.162.204],2065 -> monitoring.alistaircrooks.co.uk[81.187.253.36],epmap PR tcp len 20 48 -S IN 
Feb  7 16:31:07 dmz0 ipmon[272]: 16:31:05.609055 url0 @0:26 b cre94-1-81-57-162-204.fbx.proxad.net[81.57.162.204],2063 -> gw1.alistaircrooks.co.uk[81.187.253.34],epmap PR tcp len 20 48 -S IN 
Feb  7 16:31:07 dmz0 ipmon[272]: 16:31:05.611042 url0 @0:26 b cre94-1-81-57-162-204.fbx.proxad.net[81.57.162.204],2064 -> water.alistaircrooks.co.uk[81.187.253.35],epmap PR tcp len 20 48 -S IN 
Feb  7 16:31:07 dmz0 ipmon[272]: 16:31:06.142070 url0 @0:26 b cre94-1-81-57-162-204.fbx.proxad.net[81.57.162.204],2065 -> monitoring.alistaircrooks.co.uk[81.187.253.36],epmap PR tcp len 20 48 -S IN 
Feb  7 16:31:07 dmz0 ipmon[272]: 16:31:06.144051 url0 @0:26 b cre94-1-81-57-162-204.fbx.proxad.net[81.57.162.204],2063 -> gw1.alistaircrooks.co.uk[81.187.253.34],epmap PR tcp len 20 48 -S IN 
Feb  7 16:31:07 dmz0 ipmon[272]: 16:31:06.146048 url0 @0:26 b cre94-1-81-57-162-204.fbx.proxad.net[81.57.162.204],2064 -> water.alistaircrooks.co.uk[81.187.253.35],epmap PR tcp len 20 48 -S IN 
Feb  7 16:32:18 dmz0 sudo:   hobbit : TTY=unknown ; PWD=/usr/pkg/hobbit411/server ; USER=root ; COMMAND=/sbin/atactl wd0 smart status
Feb  7 16:33:17 dmz0 ipmon[272]: 16:33:04.318351 url0 @0:26 b p54BEDAC1.dip.t-dialin.net[84.190.218.193],3320 -> water.alistaircrooks.co.uk[81.187.253.35],epmap PR tcp len 20 48 -S IN 
Feb  7 16:33:17 dmz0 ipmon[272]: 16:33:04.881336 2x url0 @0:26 b p54BEDAC1.dip.t-dialin.net[84.190.218.193],3320 -> water.alistaircrooks.co.uk[81.187.253.35],epmap PR tcp len 20 48 -S IN 
Feb  7 16:36:45 dmz0 sudo:   hobbit : TTY=unknown ; PWD=/usr/pkg/hobbit411/server ; USER=root ; COMMAND=/usr/pkg/bin/aide --check --config=/diskstats/20020428
Feb  7 16:36:54 dmz0 ipmon[272]: 16:36:41.315617 2x url0 @0:26 b a81-14-148-243.net-htp.de[81.14.148.243],4560 -> gw1.alistaircrooks.co.uk[81.187.253.34],microsoft-ds PR tcp len 20 48 -S IN 
Feb  7 16:36:54 dmz0 ipmon[272]: 16:36:42.334609 url0 @0:26 b a81-14-148-243.net-htp.de[81.14.148.243],4560 -> gw1.alistaircrooks.co.uk[81.187.253.34],microsoft-ds PR tcp len 20 48 -S IN 
Feb  7 16:37:18 dmz0 sudo:   hobbit : TTY=unknown ; PWD=/usr/pkg/hobbit411/server ; USER=root ; COMMAND=/sbin/atactl wd0 smart status
Feb  7 16:37:56 dmz0 ipmon[272]: 16:37:56.826379 2x url0 @0:21 b loghost.crowthorne.alistaircrooks.co.uk[10.4.0.29],netbios-dgm -> 10.255.255.255,netbios-dgm PR udp len 20 249 IN broadcast 
Feb  7 16:38:22 dmz0 ipmon[272]: 16:38:09.915555 url0 @0:26 b p50805F90.dip.t-dialin.net[80.128.95.144],2875 -> gw1.alistaircrooks.co.uk[81.187.253.34],epmap PR tcp len 20 48 -S IN 
Feb  7 16:38:22 dmz0 ipmon[272]: 16:38:10.665543 url0 @0:26 b p50805F90.dip.t-dialin.net[80.128.95.144],2875 -> gw1.alistaircrooks.co.uk[81.187.253.34],epmap PR tcp len 20 48 -S IN 
Feb  7 16:38:32 dmz0 ipmon[272]: 16:38:21.664662 url0 @0:6 b a81-14-178-196.net-htp.de[81.14.178.196] -> gw1.alistaircrooks.co.uk[81.187.253.34] PR icmp len 20 28 icmp echo/0 IN 
Feb  7 16:41:24 dmz0 ipmon[272]: 16:41:10.126456 url0 @0:27 b 61.185.39.17,3091 -> gw1.alistaircrooks.co.uk[81.187.253.34],ms-sql-m PR udp len 20 404 IN 
Feb  7 16:42:20 dmz0 sudo:   hobbit : TTY=unknown ; PWD=/usr/pkg/hobbit411/server ; USER=root ; COMMAND=/sbin/atactl wd0 smart status
Feb  7 16:43:50 dmz0 ipmon[272]: 16:43:48.133091 url0 @0:26 b 231.Red-81-34-151.dynamicIP.rima-tde.net[81.34.151.231],2689 -> water.alistaircrooks.co.uk[81.187.253.35],microsoft-ds PR tcp len 20 48 -S IN 
Feb  7 16:43:50 dmz0 ipmon[272]: 16:43:48.730102 2x url0 @0:26 b 231.Red-81-34-151.dynamicIP.rima-tde.net[81.34.151.231],2689 -> water.alistaircrooks.co.uk[81.187.253.35],microsoft-ds PR tcp len 20 48 -S IN 
Feb  7 16:46:19 sys3 smartd[799]: Device: /dev/wd0d, SMART Prefailure Attribute: 8 Seek_Time_Performance changed from 250 to 249 
Feb  7 16:47:22 dmz0 sudo:   hobbit : TTY=unknown ; PWD=/usr/pkg/hobbit411/server ; USER=root ; COMMAND=/sbin/atactl wd0 smart status
Feb  7 16:49:21 dmz0 ipmon[272]: 16:49:20.741581 url0 @0:27 b cpe-66-75-137-141.san.res.rr.com[66.75.137.141],3155 -> monitoring.alistaircrooks.co.uk[81.187.253.36],1026 PR udp len 20 1329 IN 
Feb  7 16:49:32 dmz0 ipmon[272]: 16:49:20.743552 url0 @0:27 b 66.124.45.112,14098 -> gw1.alistaircrooks.co.uk[81.187.253.34],1026 PR udp len 20 1329 IN 
Feb  7 16:49:42 dmz0 ipmon[272]: 16:49:20.760587 url0 @0:27 b 66.119.167.60,23317 -> water.alistaircrooks.co.uk[81.187.253.35],1026 PR udp len 20 1329 IN 
Feb  7 16:49:57 dmz0 ipmon[272]: 16:49:56.599945 2x url0 @0:21 b loghost.crowthorne.alistaircrooks.co.uk[10.4.0.29],netbios-dgm -> 10.255.255.255,netbios-dgm PR udp len 20 249 IN broadcast 
Feb  7 16:51:49 dmz0 sudo:   hobbit : TTY=unknown ; PWD=/usr/pkg/hobbit411/server ; USER=root ; COMMAND=/usr/pkg/bin/aide --check --config=/diskstats/20020428
Feb  7 16:52:22 dmz0 sudo:   hobbit : TTY=unknown ; PWD=/usr/pkg/hobbit411/server ; USER=root ; COMMAND=/sbin/atactl wd0 smart status
Feb  7 16:54:11 dmz0 ipmon[272]: 16:54:01.328532 url0 @0:26 b 84.6.105.229,2380 -> monitoring.alistaircrooks.co.uk[81.187.253.36],epmap PR tcp len 20 48 -S IN 
Feb  7 16:54:11 dmz0 ipmon[272]: 16:54:01.774545 2x url0 @0:26 b 84.6.105.229,2380 -> monitoring.alistaircrooks.co.uk[81.187.253.36],epmap PR tcp len 20 48 -S IN 
Feb  7 16:55:03 dmz0 ipmon[272]: 16:54:52.248070 url0 @0:27 b 65.99.3.11,11361 -> gw1.alistaircrooks.co.uk[81.187.253.34],1026 PR udp len 20 1083 IN 
Feb  7 16:55:13 dmz0 ipmon[272]: 16:54:52.257041 url0 @0:27 b dialup84.clss.net[65.211.158.118],28050 -> water.alistaircrooks.co.uk[81.187.253.35],1026 PR udp len 20 1083 IN 
Feb  7 16:55:15 dmz0 ipmon[272]: 16:54:52.261038 url0 @0:27 b 65.137.251.222,21130 -> monitoring.alistaircrooks.co.uk[81.187.253.36],1026 PR udp len 20 1083 IN 
Feb  7 16:57:23 dmz0 sudo:   hobbit : TTY=unknown ; PWD=/usr/pkg/hobbit411/server ; USER=root ; COMMAND=/sbin/atactl wd0 smart status
Feb  7 16:58:41 dmz0 ipmon[272]: 16:58:38.566453 url0 @0:26 b 185.Red-81-34-189.dynamicIP.rima-tde.net[81.34.189.185],3241 -> monitoring.alistaircrooks.co.uk[81.187.253.36],netbios-ssn PR tcp len 20 48 -S IN 
Feb  7 17:01:01 dmz0 ipmon[272]: 17:00:56.287900 url0 @0:27 b 65.20.244.152,28933 -> gw1.alistaircrooks.co.uk[81.187.253.34],1026 PR udp len 20 1329 IN 
Feb  7 17:01:16 dmz0 ipmon[272]: 17:00:56.303872 url0 @0:27 b 65.206.35.232,2595 -> monitoring.alistaircrooks.co.uk[81.187.253.36],1026 PR udp len 20 1329 IN 
Feb  7 17:01:18 dmz0 ipmon[272]: 17:00:56.314873 url0 @0:27 b 65.210.129.168,6905 -> water.alistaircrooks.co.uk[81.187.253.35],1026 PR udp len 20 1329 IN 
Feb  7 17:02:00 dmz0 ipmon[272]: 17:02:00.724557 2x url0 @0:21 b loghost.crowthorne.alistaircrooks.co.uk[10.4.0.29],netbios-dgm -> 10.255.255.255,netbios-dgm PR udp len 20 249 IN broadcast 
Feb  7 17:02:25 dmz0 sudo:   hobbit : TTY=unknown ; PWD=/usr/pkg/hobbit411/server ; USER=root ; COMMAND=/sbin/atactl wd0 smart status
Feb  7 17:06:45 dmz0 ipmon[272]: 17:06:42.737555 url0 @0:27 b 219.146.96.77,1939 -> gw1.alistaircrooks.co.uk[81.187.253.34],ms-sql-m PR udp len 20 404 IN 
Feb  7 17:06:53 dmz0 sudo:   hobbit : TTY=unknown ; PWD=/usr/pkg/hobbit411/server ; USER=root ; COMMAND=/usr/pkg/bin/aide --check --config=/diskstats/20020428
Feb  7 17:07:27 dmz0 sudo:   hobbit : TTY=unknown ; PWD=/usr/pkg/hobbit411/server ; USER=root ; COMMAND=/sbin/atactl wd0 smart status
Feb  7 17:09:14 dmz0 ipmon[272]: 17:09:14.489147 url0 @0:26 b 83.239.124.38,3145 -> gw1.alistaircrooks.co.uk[81.187.253.34],epmap PR tcp len 20 48 -S IN 
Feb  7 17:09:15 dmz0 ipmon[272]: 17:09:15.045110 url0 @0:26 b 83.239.124.38,3145 -> gw1.alistaircrooks.co.uk[81.187.253.34],epmap PR tcp len 20 48 -S IN 
Feb  7 17:09:16 dmz0 ipmon[272]: 17:09:15.679145 url0 @0:26 b 83.239.124.38,3145 -> gw1.alistaircrooks.co.uk[81.187.253.34],epmap PR tcp len 20 48 -S IN 
Feb  7 17:10:13 dmz0 ipmon[272]: 17:09:42.091397 url0 @0:26 b 217.113.62.120,29399 -> 81.187.253.36,ssh PR tcp len 20 60 -S IN 
Feb  7 17:10:23 dmz0 ipmon[272]: 17:09:42.093391 url0 @0:26 b 217.113.62.120,29398 -> water.alistaircrooks.co.uk[81.187.253.35],ssh PR tcp len 20 60 -S IN 
Feb  7 17:10:45 dmz0 ipmon[272]: 17:10:43.444082 url0 @0:26 b 133.Red-81-38-242.dynamicIP.rima-tde.net[81.38.242.133],4955 -> water.alistaircrooks.co.uk[81.187.253.35],netbios-ssn PR tcp len 20 48 -S IN 
Feb  7 17:10:46 dmz0 ipmon[272]: 17:10:46.298083 url0 @0:26 b 133.Red-81-38-242.dynamicIP.rima-tde.net[81.38.242.133],4955 -> water.alistaircrooks.co.uk[81.187.253.35],netbios-ssn PR tcp len 20 48 -S IN 
Feb  7 17:12:28 dmz0 sudo:   hobbit : TTY=unknown ; PWD=/usr/pkg/hobbit411/server ; USER=root ; COMMAND=/sbin/atactl wd0 smart status
Feb  7 17:14:07 dmz0 ipmon[272]: 17:14:07.098188 2x url0 @0:21 b loghost.crowthorne.alistaircrooks.co.uk[10.4.0.29],netbios-dgm -> 10.255.255.255,netbios-dgm PR udp len 20 249 IN broadcast 
Feb  7 17:17:30 dmz0 sudo:   hobbit : TTY=unknown ; PWD=/usr/pkg/hobbit411/server ; USER=root ; COMMAND=/sbin/atactl wd0 smart status
Feb  7 17:18:31 dmz0 ipmon[272]: 17:18:20.493856 url0 @0:27 b qbert.thebizcenter.net[209.144.192.83],17756 -> gw1.alistaircrooks.co.uk[81.187.253.34],1026 PR udp len 20 920 IN 
Feb  7 17:18:31 dmz0 ipmon[272]: 17:18:20.499823 url0 @0:27 b qbert.thebizcenter.net[209.144.192.83],22864 -> monitoring.alistaircrooks.co.uk[81.187.253.36],1026 PR udp len 20 920 IN 
Feb  7 17:18:31 dmz0 ipmon[272]: 17:18:20.505825 url0 @0:27 b thebizcenter.com[209.144.192.83],11190 -> water.alistaircrooks.co.uk[81.187.253.35],1026 PR udp len 20 920 IN 
Feb  7 17:19:14 dmz0 ipmon[272]: 17:19:03.808317 url0 @0:26 b p548A64DF.dip.t-dialin.net[84.138.100.223],2428 -> gw1.alistaircrooks.co.uk[81.187.253.34],epmap PR tcp len 20 52 -S IN 
Feb  7 17:19:14 dmz0 ipmon[272]: 17:19:05.190321 2x url0 @0:26 b p548A64DF.dip.t-dialin.net[84.138.100.223],2428 -> gw1.alistaircrooks.co.uk[81.187.253.34],epmap PR tcp len 20 52 -S IN 
Feb  7 17:21:00 dmz0 ipmon[272]: 17:20:49.695406 url0 @0:27 b c213-158-246-142.sdsl.no[213.158.246.142],20584 -> monitoring.alistaircrooks.co.uk[81.187.253.36],1026 PR udp len 20 908 IN 
Feb  7 17:21:20 dmz0 ipmon[272]: 17:20:49.697382 url0 @0:27 b 213.182.199.24,6458 -> water.alistaircrooks.co.uk[81.187.253.35],1026 PR udp len 20 908 IN 
Feb  7 17:21:20 dmz0 ipmon[272]: 17:20:49.702374 url0 @0:27 b 214.30.11.199,12746 -> gw1.alistaircrooks.co.uk[81.187.253.34],1026 PR udp len 20 908 IN 
Feb  7 17:21:54 dmz0 sudo:   hobbit : TTY=unknown ; PWD=/usr/pkg/hobbit411/server ; USER=root ; COMMAND=/usr/pkg/bin/aide --check --config=/diskstats/20020428
Feb  7 17:22:31 dmz0 sudo:   hobbit : TTY=unknown ; PWD=/usr/pkg/hobbit411/server ; USER=root ; COMMAND=/sbin/atactl wd0 smart status
Feb  7 17:23:35 dmz0 ipmon[272]: 17:23:24.868055 url0 @0:26 b 116.Red-83-52-250.dynamicIP.rima-tde.net[83.52.250.116],2317 -> gw1.alistaircrooks.co.uk[81.187.253.34],epmap PR tcp len 20 64 -S IN 
Feb  7 17:25:05 dmz0 ipmon[272]: 17:24:54.702973 url0 @0:26 b a0653.adsl.pool.eol.hu[81.0.84.145],3823 -> monitoring.alistaircrooks.co.uk[81.187.253.36],epmap PR tcp len 20 48 -S IN 
Feb  7 17:25:05 dmz0 ipmon[272]: 17:24:55.267995 url0 @0:26 b a0653.adsl.pool.eol.hu[81.0.84.145],3823 -> monitoring.alistaircrooks.co.uk[81.187.253.36],epmap PR tcp len 20 48 -S IN 
Feb  7 17:26:20 dmz0 ipmon[272]: 17:26:09.155729 url0 @0:26 b 210.115.63.20,1538 -> water.alistaircrooks.co.uk[81.187.253.35],radmin-port PR tcp len 20 48 -S IN 
Feb  7 17:26:20 dmz0 ipmon[272]: 17:26:09.157708 url0 @0:26 b 210.115.63.20,1534 -> gw1.alistaircrooks.co.uk[81.187.253.34],radmin-port PR tcp len 20 48 -S IN 
Feb  7 17:26:20 dmz0 ipmon[272]: 17:26:09.167703 url0 @0:26 b 210.115.63.20,1541 -> monitoring.alistaircrooks.co.uk[81.187.253.36],radmin-port PR tcp len 20 48 -S IN 
Feb  7 17:26:20 dmz0 ipmon[272]: 17:26:09.883753 url0 @0:26 b 210.115.63.20,1538 -> water.alistaircrooks.co.uk[81.187.253.35],radmin-port PR tcp len 20 48 -S IN 
Feb  7 17:26:20 dmz0 ipmon[272]: 17:26:09.893711 url0 @0:26 b 210.115.63.20,1534 -> gw1.alistaircrooks.co.uk[81.187.253.34],radmin-port PR tcp len 20 48 -S IN 
Feb  7 17:26:20 dmz0 ipmon[272]: 17:26:09.895712 url0 @0:26 b 210.115.63.20,1541 -> monitoring.alistaircrooks.co.uk[81.187.253.36],radmin-port PR tcp len 20 48 -S IN 
Feb  7 17:26:20 dmz0 ipmon[272]: 17:26:10.688761 url0 @0:26 b 210.115.63.20,1538 -> water.alistaircrooks.co.uk[81.187.253.35],radmin-port PR tcp len 20 48 -S IN 
Feb  7 17:26:20 dmz0 ipmon[272]: 17:26:10.698719 url0 @0:26 b 210.115.63.20,1541 -> monitoring.alistaircrooks.co.uk[81.187.253.36],radmin-port PR tcp len 20 48 -S IN 
Feb  7 17:26:20 dmz0 ipmon[272]: 17:26:10.700722 url0 @0:26 b 210.115.63.20,1534 -> gw1.alistaircrooks.co.uk[81.187.253.34],radmin-port PR tcp len 20 48 -S IN 
Feb  7 17:26:20 dmz0 ipmon[272]: 17:26:16.861797 2x url0 @0:21 b loghost.crowthorne.alistaircrooks.co.uk[10.4.0.29],netbios-dgm -> 10.255.255.255,netbios-dgm PR udp len 20 249 IN broadcast 
Feb  7 17:27:33 dmz0 sudo:   hobbit : TTY=unknown ; PWD=/usr/pkg/hobbit411/server ; USER=root ; COMMAND=/sbin/atactl wd0 smart status
Feb  7 17:30:23 dmz0 ipmon[272]: 17:30:20.289283 2x url0 @0:26 b dslb-084-056-158-125.pools.arcor-ip.net[84.56.158.125],4829 -> gw1.alistaircrooks.co.uk[81.187.253.34],epmap PR tcp len 20 48 -S IN 
Feb  7 17:30:23 dmz0 ipmon[272]: 17:30:21.323276 url0 @0:26 b dslb-084-056-158-125.pools.arcor-ip.net[84.56.158.125],4829 -> gw1.alistaircrooks.co.uk[81.187.253.34],epmap PR tcp len 20 48 -S IN 
Feb  7 17:32:00 dmz0 sudo:   hobbit : TTY=unknown ; PWD=/usr/pkg/hobbit411/server ; USER=root ; COMMAND=/usr/pkg/bin/aide --check --config=/diskstats/20020428
Feb  7 17:32:00 dmz0 named[24527]: client 127.0.0.1#55870: error sending response: socket is not connected
Feb  7 17:32:00 dmz0 sudo:   hobbit : TTY=unknown ; PWD=/usr/pkg/hobbit411/server ; USER=root ; COMMAND=/sbin/atactl wd0 smart status
Feb  7 17:32:00 dmz0 named[24527]: client 127.0.0.1#55870: error sending response: socket is not connected
Feb  7 17:35:49 dmz0 sudo:   hobbit : TTY=unknown ; PWD=/usr/pkg/hobbit411/server ; USER=root ; COMMAND=/usr/pkg/bin/aide --check --config=/diskstats/20020428
Feb  7 17:35:49 dmz0 sudo:   hobbit : TTY=unknown ; PWD=/usr/pkg/hobbit411/server ; USER=root ; COMMAND=/sbin/atactl wd0 smart status
Feb  7 17:35:49 dmz0 named[24527]: client 127.0.0.1#55717: error sending response: socket is not connected
Feb  7 17:35:49 dmz0 named[24527]: client 127.0.0.1#55717: error sending response: socket is not connected
Feb  7 17:37:35 dmz0 ipmon[272]: 17:37:34.426698 url0 @0:27 b 65.213.123.173,26711 -> gw1.alistaircrooks.co.uk[81.187.253.34],1026 PR udp len 20 1249 IN 
Feb  7 17:37:35 dmz0 ipmon[272]: 17:37:34.439648 url0 @0:27 b 65.149.50.130,24714 -> water.alistaircrooks.co.uk[81.187.253.35],1026 PR udp len 20 1249 IN 
Feb  7 17:37:45 dmz0 ipmon[272]: 17:37:34.453645 url0 @0:27 b CPE00e0189a7db7-CM014510002821.cpe.net.cable.rogers.com[65.50.29.236],31064 -> monitoring.alistaircrooks.co.uk[81.187.253.36],1026 PR udp len 20 1249 IN 
Feb  7 17:38:16 dmz0 ipmon[272]: 17:38:16.635089 2x url0 @0:21 b loghost.crowthorne.alistaircrooks.co.uk[10.4.0.29],netbios-dgm -> 10.255.255.255,netbios-dgm PR udp len 20 249 IN broadcast 
Feb  7 17:40:50 dmz0 sudo:   hobbit : TTY=unknown ; PWD=/usr/pkg/hobbit411/server ; USER=root ; COMMAND=/sbin/atactl wd0 smart status
Feb  7 17:42:00 sys3 iscsi-target: > Discovery login from iqn.1993-03.org.NetBSD.iscsi-initiator:agc on 127.0.0.1
Feb  7 17:42:00 sys3 iscsi-target: < Discovery logout from iqn.1993-03.org.NetBSD.iscsi-initiator:agc on 127.0.0.1
Feb  7 17:42:00 sys3 iscsi-target: > Normal login from iqn.1993-03.org.NetBSD.iscsi-initiator:agc on 127.0.0.1
Feb  7 17:42:04 sys3 iscsi-target: < Normal logout from iqn.1993-03.org.NetBSD.iscsi-initiator:agc on 127.0.0.1
Feb  7 17:42:04 sys3 iscsi-target: > Normal login from iqn.1993-03.org.NetBSD.iscsi-initiator:agc on 127.0.0.1
Feb  7 17:42:07 sys3 iscsi-target: < Normal logout from iqn.1993-03.org.NetBSD.iscsi-initiator:agc on 127.0.0.1
Feb  7 17:42:07 sys3 iscsi-target: > Normal login from iqn.1993-03.org.NetBSD.iscsi-initiator:agc on 127.0.0.1
Feb  7 17:42:11 sys3 iscsi-target: < Normal logout from iqn.1993-03.org.NetBSD.iscsi-initiator:agc on 127.0.0.1
Feb  7 17:44:37 dmz0 ipmon[272]: 17:44:34.724933 url0 @0:26 b 66.Red-81-39-109.dynamicIP.rima-tde.net[81.39.109.66],1154 -> monitoring.alistaircrooks.co.uk[81.187.253.36],microsoft-ds PR tcp len 20 48 -S IN 
Feb  7 17:44:37 dmz0 ipmon[272]: 17:44:36.119941 2x url0 @0:26 b 66.Red-81-39-109.dynamicIP.rima-tde.net[81.39.109.66],1154 -> monitoring.alistaircrooks.co.uk[81.187.253.36],microsoft-ds PR tcp len 20 48 -S IN 
Feb  7 17:45:53 dmz0 sudo:   hobbit : TTY=unknown ; PWD=/usr/pkg/hobbit411/server ; USER=root ; COMMAND=/sbin/atactl wd0 smart status
Feb  7 17:45:53 dmz0 named[24527]: client 127.0.0.1#55439: error sending response: socket is not connected
Feb  7 17:45:53 dmz0 named[24527]: client 127.0.0.1#55439: error sending response: socket is not connected
Feb  7 17:47:06 dmz0 ipmon[272]: 17:46:53.902363 url0 @0:26 b h115n2fls305o851.telia.com[81.224.233.115],2086 -> gw1.alistaircrooks.co.uk[81.187.253.34],epmap PR tcp len 20 48 -S IN 
Feb  7 17:47:06 dmz0 ipmon[272]: 17:46:54.460353 url0 @0:26 b h115n2fls305o851.telia.com[81.224.233.115],2086 -> gw1.alistaircrooks.co.uk[81.187.253.34],epmap PR tcp len 20 48 -S IN 
Feb  7 17:48:14 dmz0 ipmon[272]: 17:48:01.666005 url0 @0:26 b 81-234-64-65-o1107.telia.com[81.234.64.65],3137 -> water.alistaircrooks.co.uk[81.187.253.35],epmap PR tcp len 20 64 -S IN 
Feb  7 17:48:14 dmz0 ipmon[272]: 17:48:02.189020 url0 @0:26 b 81-234-64-65-o1107.telia.com[81.234.64.65],3137 -> water.alistaircrooks.co.uk[81.187.253.35],epmap PR tcp len 20 64 -S IN 
Feb  7 17:50:17 dmz0 ipmon[272]: 17:50:16.388989 2x url0 @0:21 b loghost.crowthorne.alistaircrooks.co.uk[10.4.0.29],netbios-dgm -> 10.255.255.255,netbios-dgm PR udp len 20 249 IN broadcast 
Feb  7 17:50:52 dmz0 sudo:   hobbit : TTY=unknown ; PWD=/usr/pkg/hobbit411/server ; USER=root ; COMMAND=/usr/pkg/bin/aide --check --config=/diskstats/20020428
Feb  7 17:50:57 dmz0 named[24527]: client 127.0.0.1#55301: error sending response: socket is not connected
Feb  7 17:50:57 dmz0 sudo:   hobbit : TTY=unknown ; PWD=/usr/pkg/hobbit411/server ; USER=root ; COMMAND=/sbin/atactl wd0 smart status
Feb  7 17:50:57 dmz0 named[24527]: client 127.0.0.1#55301: error sending response: socket is not connected
Feb  7 17:51:25 dmz0 ipmon[272]: 17:51:14.291003 url0 @0:26 b dslb-084-057-012-107.pools.arcor-ip.net[84.57.12.107],4311 -> monitoring.alistaircrooks.co.uk[81.187.253.36],epmap PR tcp len 20 48 -S IN 
Feb  7 17:51:25 dmz0 ipmon[272]: 17:51:15.053987 url0 @0:26 b dslb-084-057-012-107.pools.arcor-ip.net[84.57.12.107],4311 -> monitoring.alistaircrooks.co.uk[81.187.253.36],epmap PR tcp len 20 48 -S IN 
Feb  7 17:51:28 dmz0 ipmon[272]: 17:51:15.660018 url0 @0:26 b p54BEDF13.dip.t-dialin.net[84.190.223.19],3354 -> water.alistaircrooks.co.uk[81.187.253.35],epmap PR tcp len 20 48 -S IN 
Feb  7 17:51:28 dmz0 ipmon[272]: 17:51:15.912021 url0 @0:26 b dslb-084-057-012-107.pools.arcor-ip.net[84.57.12.107],4311 -> monitoring.alistaircrooks.co.uk[81.187.253.36],epmap PR tcp len 20 48 -S IN 
Feb  7 17:51:28 dmz0 ipmon[272]: 17:51:16.163013 2x url0 @0:26 b p54BEDF13.dip.t-dialin.net[84.190.223.19],3354 -> water.alistaircrooks.co.uk[81.187.253.35],epmap PR tcp len 20 48 -S IN 
Feb  7 17:56:01 dmz0 named[24527]: client 127.0.0.1#55161: error sending response: socket is not connected
Feb  7 17:56:01 dmz0 named[24527]: client 127.0.0.1#55161: error sending response: socket is not connected
Feb  7 17:56:01 dmz0 sudo:   hobbit : TTY=unknown ; PWD=/usr/pkg/hobbit411/server ; USER=root ; COMMAND=/sbin/atactl wd0 smart status
Feb  7 17:56:56 dmz0 ipmon[272]: 17:56:56.042439 url0 @0:26 b 170.84-48-62.nextgentel.com[84.48.62.170],57048 -> gw1.alistaircrooks.co.uk[81.187.253.34],epmap PR tcp len 20 48 -S IN 
Feb  7 17:56:57 dmz0 ipmon[272]: 17:56:56.557441 2x url0 @0:26 b 170.84-48-62.nextgentel.com[84.48.62.170],57048 -> gw1.alistaircrooks.co.uk[81.187.253.34],epmap PR tcp len 20 48 -S IN 
Feb  7 17:59:01 dmz0 ipmon[272]: 17:59:00.901701 2x url0 @0:26 b host-81-191-196-214.bluecom.no[81.191.196.214],2218 -> gw1.alistaircrooks.co.uk[81.187.253.34],netbios-ssn PR tcp len 20 64 -S IN 
Feb  7 18:01:05 dmz0 named[24527]: client 127.0.0.1#55023: error sending response: socket is not connected
Feb  7 18:01:05 dmz0 named[24527]: client 127.0.0.1#55023: error sending response: socket is not connected
Feb  7 18:01:05 dmz0 sudo:   hobbit : TTY=unknown ; PWD=/usr/pkg/hobbit411/server ; USER=root ; COMMAND=/sbin/atactl wd0 smart status
Feb  7 18:02:17 dmz0 ipmon[272]: 18:02:17.122724 2x url0 @0:21 b loghost.crowthorne.alistaircrooks.co.uk[10.4.0.29],netbios-dgm -> 10.255.255.255,netbios-dgm PR udp len 20 249 IN broadcast 
Feb  7 18:04:21 dmz0 ipmon[272]: 18:04:08.027881 2x url0 @0:26 b 107-167.244.81.adsl.skynet.be[81.244.167.107],1752 -> monitoring.alistaircrooks.co.uk[81.187.253.36],microsoft-ds PR tcp len 20 48 -S IN 
Feb  7 18:04:21 dmz0 ipmon[272]: 18:04:09.014897 url0 @0:26 b 107-167.244.81.adsl.skynet.be[81.244.167.107],1752 -> monitoring.alistaircrooks.co.uk[81.187.253.36],microsoft-ds PR tcp len 20 48 -S IN 
Feb  7 18:05:06 dmz0 ipmon[272]: 18:05:03.574458 2x url0 @0:26 b adsl-3-154-87.mia.bellsouth.net[65.3.154.87],3940 -> water.alistaircrooks.co.uk[81.187.253.35],epmap PR tcp len 20 48 -S IN 
Feb  7 18:05:06 dmz0 ipmon[272]: 18:05:04.723470 url0 @0:26 b adsl-3-154-87.mia.bellsouth.net[65.3.154.87],3940 -> water.alistaircrooks.co.uk[81.187.253.35],epmap PR tcp len 20 48 -S IN 
Feb  7 18:05:53 dmz0 sudo:   hobbit : TTY=unknown ; PWD=/usr/pkg/hobbit411/server ; USER=root ; COMMAND=/usr/pkg/bin/aide --check --config=/diskstats/20020428
Feb  7 18:06:08 dmz0 sudo:   hobbit : TTY=unknown ; PWD=/usr/pkg/hobbit411/server ; USER=root ; COMMAND=/sbin/atactl wd0 smart status
Feb  7 18:06:08 dmz0 named[24527]: client 127.0.0.1#54885: error sending response: socket is not connected
Feb  7 18:06:08 dmz0 named[24527]: client 127.0.0.1#54885: error sending response: socket is not connected
Feb  7 18:08:23 dmz0 ipmon[272]: 18:08:13.286456 url0 @0:26 b xdsl-87-78-65-106.netcologne.de[87.78.65.106],4427 -> water.alistaircrooks.co.uk[81.187.253.35],microsoft-ds PR tcp len 20 48 -S IN 
Feb  7 18:08:23 dmz0 ipmon[272]: 18:08:15.993485 2x url0 @0:26 b xdsl-87-78-65-106.netcologne.de[87.78.65.106],4427 -> water.alistaircrooks.co.uk[81.187.253.35],microsoft-ds PR tcp len 20 48 -S IN 
Feb  7 18:11:11 dmz0 named[24527]: client 127.0.0.1#54745: error sending response: socket is not connected
Feb  7 18:11:11 dmz0 named[24527]: client 127.0.0.1#54745: error sending response: socket is not connected
Feb  7 18:11:11 dmz0 sudo:   hobbit : TTY=unknown ; PWD=/usr/pkg/hobbit411/server ; USER=root ; COMMAND=/sbin/atactl wd0 smart status
Feb  7 18:12:14 dmz0 ipmon[272]: 18:12:04.634863 url0 @0:26 b 81.246.244.48,3729 -> gw1.alistaircrooks.co.uk[81.187.253.34],microsoft-ds PR tcp len 20 48 -S IN 
Feb  7 18:12:17 dmz0 ipmon[272]: 18:12:05.134849 2x url0 @0:26 b 48-244.246.81.adsl.skynet.be[81.246.244.48],3729 -> gw1.alistaircrooks.co.uk[81.187.253.34],microsoft-ds PR tcp len 20 48 -S IN 
Feb  7 18:12:40 dmz0 ipmon[272]: 18:12:19.674996 url0 @0:26 b 134-64-81-18.terrasat.ro[81.18.64.134],3046 -> monitoring.alistaircrooks.co.uk[81.187.253.36],microsoft-ds PR tcp len 20 48 -S IN 
Feb  7 18:12:40 dmz0 ipmon[272]: 18:12:20.175982 2x url0 @0:26 b 134-64-81-18.terrasat.ro[81.18.64.134],3046 -> monitoring.alistaircrooks.co.uk[81.187.253.36],microsoft-ds PR tcp len 20 48 -S IN 
Feb  7 18:14:27 dmz0 ipmon[272]: 18:14:26.916306 2x url0 @0:21 b loghost.crowthorne.alistaircrooks.co.uk[10.4.0.29],netbios-dgm -> 10.255.255.255,netbios-dgm PR udp len 20 249 IN broadcast 
Feb  7 18:16:10 dmz0 named[24527]: client 127.0.0.1#54587: error sending response: socket is not connected
Feb  7 18:16:10 dmz0 sudo:   hobbit : TTY=unknown ; PWD=/usr/pkg/hobbit411/server ; USER=root ; COMMAND=/sbin/atactl wd0 smart status
Feb  7 18:16:10 dmz0 named[24527]: client 127.0.0.1#54587: error sending response: socket is not connected
Feb  7 18:16:19 sys3 smartd[799]: Device: /dev/wd0d, SMART Prefailure Attribute: 8 Seek_Time_Performance changed from 249 to 250 
Feb  7 18:20:54 dmz0 sudo:   hobbit : TTY=unknown ; PWD=/usr/pkg/hobbit411/server ; USER=root ; COMMAND=/usr/pkg/bin/aide --check --config=/diskstats/20020428
Feb  7 18:21:14 dmz0 sudo:   hobbit : TTY=unknown ; PWD=/usr/pkg/hobbit411/server ; USER=root ; COMMAND=/sbin/atactl wd0 smart status
Feb  7 18:21:14 dmz0 named[24527]: client 127.0.0.1#54444: error sending response: socket is not connected
Feb  7 18:21:14 dmz0 named[24527]: client 127.0.0.1#54444: error sending response: socket is not connected
Feb  7 18:21:33 dmz0 ipmon[272]: 18:21:29.711716 2x url0 @0:26 b p4099-ipad28funabasi.chiba.ocn.ne.jp[220.107.203.99],2470 -> gw1.alistaircrooks.co.uk[81.187.253.34],epmap PR tcp len 20 48 -S IN 
Feb  7 18:21:33 dmz0 ipmon[272]: 18:21:31.264718 url0 @0:26 b p4099-ipad28funabasi.chiba.ocn.ne.jp[220.107.203.99],2470 -> gw1.alistaircrooks.co.uk[81.187.253.34],epmap PR tcp len 20 48 -S IN 
Feb  7 18:21:52 dmz0 ipmon[272]: 18:21:39.682803 url0 @0:26 b dsl51B7A975.pool.t-online.hu[81.183.169.117],3002 -> water.alistaircrooks.co.uk[81.187.253.35],netbios-ssn PR tcp len 20 48 -S IN 
Feb  7 18:21:52 dmz0 ipmon[272]: 18:21:40.201812 2x url0 @0:26 b dsl51B7A975.pool.t-online.hu[81.183.169.117],3002 -> water.alistaircrooks.co.uk[81.187.253.35],netbios-ssn PR tcp len 20 48 -S IN 
Feb  7 18:21:54 dmz0 ipmon[272]: 18:21:45.051850 url0 @0:27 b adsl-065-007-204-027.sip.mia.bellsouth.net[65.7.204.27],30513 -> gw1.alistaircrooks.co.uk[81.187.253.34],1026 PR udp len 20 1083 IN 
Feb  7 18:24:04 dmz0 ipmon[272]: 18:23:53.503186 url0 @0:26 b a81-14-163-3.net-htp.de[81.14.163.3],2137 -> gw1.alistaircrooks.co.uk[81.187.253.34],microsoft-ds PR tcp len 20 48 -S IN 
Feb  7 18:24:04 dmz0 ipmon[272]: 18:23:53.981200 2x url0 @0:26 b a81-14-163-3.net-htp.de[81.14.163.3],2137 -> gw1.alistaircrooks.co.uk[81.187.253.34],microsoft-ds PR tcp len 20 48 -S IN 
Feb  7 18:26:18 dmz0 sudo:   hobbit : TTY=unknown ; PWD=/usr/pkg/hobbit411/server ; USER=root ; COMMAND=/sbin/atactl wd0 smart status
Feb  7 18:26:18 dmz0 named[24527]: client 127.0.0.1#54304: error sending response: socket is not connected
Feb  7 18:26:18 dmz0 named[24527]: client 127.0.0.1#54304: error sending response: socket is not connected
Feb  7 18:26:27 dmz0 ipmon[272]: 18:26:26.689779 2x url0 @0:21 b loghost.crowthorne.alistaircrooks.co.uk[10.4.0.29],netbios-dgm -> 10.255.255.255,netbios-dgm PR udp len 20 249 IN broadcast 
Feb  7 18:27:39 dmz0 ipmon[272]: 18:27:21.659365 url0 @0:26 b 86.125.94.42,1696 -> water.alistaircrooks.co.uk[81.187.253.35],microsoft-ds PR tcp len 20 48 -S IN 
Feb  7 18:27:49 dmz0 ipmon[272]: 18:27:22.147378 url0 @0:26 b 86.125.94.42,1696 -> water.alistaircrooks.co.uk[81.187.253.35],microsoft-ds PR tcp len 20 48 -S IN 
Feb  7 18:27:53 dmz0 ipmon[272]: 18:27:36.831529 2x url0 @0:26 b gam75-1-81-57-23-176.fbx.proxad.net[81.57.23.176],3156 -> gw1.alistaircrooks.co.uk[81.187.253.34],ms-sql-s PR tcp len 20 64 -S IN 
Feb  7 18:31:21 dmz0 named[24527]: client 127.0.0.1#54166: error sending response: socket is not connected
Feb  7 18:31:21 dmz0 sudo:   hobbit : TTY=unknown ; PWD=/usr/pkg/hobbit411/server ; USER=root ; COMMAND=/sbin/atactl wd0 smart status
Feb  7 18:31:21 dmz0 named[24527]: client 127.0.0.1#54166: error sending response: socket is not connected
Feb  7 18:31:33 dmz0 ipmon[272]: 18:31:27.615907 url0 @0:27 b 219.146.96.77,1939 -> water.alistaircrooks.co.uk[81.187.253.35],ms-sql-m PR udp len 20 404 IN 
Feb  7 18:35:55 dmz0 sudo:   hobbit : TTY=unknown ; PWD=/usr/pkg/hobbit411/server ; USER=root ; COMMAND=/usr/pkg/bin/aide --check --config=/diskstats/20020428
Feb  7 18:36:23 dmz0 sudo:   hobbit : TTY=unknown ; PWD=/usr/pkg/hobbit411/server ; USER=root ; COMMAND=/sbin/atactl wd0 smart status
Feb  7 18:37:06 dmz0 ipmon[272]: 18:37:05.964423 url0 @0:27 b 214.30.18.27,31400 -> monitoring.alistaircrooks.co.uk[81.187.253.36],1026 PR udp len 20 908 IN 
Feb  7 18:37:16 dmz0 ipmon[272]: 18:37:05.968402 url0 @0:27 b 213.232.98.227,26535 -> water.alistaircrooks.co.uk[81.187.253.35],1026 PR udp len 20 908 IN 
Feb  7 18:37:36 dmz0 ipmon[272]: 18:37:05.970402 url0 @0:27 b 213.237.1.14,10453 -> gw1.alistaircrooks.co.uk[81.187.253.34],1026 PR udp len 20 908 IN 
Feb  7 18:38:31 dmz0 ipmon[272]: 18:38:30.973287 2x url0 @0:21 b loghost.crowthorne.alistaircrooks.co.uk[10.4.0.29],netbios-dgm -> 10.255.255.255,netbios-dgm PR udp len 20 249 IN broadcast 
Feb  7 18:40:20 dmz0 ipmon[272]: 18:40:18.589441 url0 @0:26 b 84.7.210.35,4544 -> gw1.alistaircrooks.co.uk[81.187.253.34],microsoft-ds PR tcp len 20 64 -S IN 
Feb  7 18:40:20 dmz0 ipmon[272]: 18:40:19.072431 url0 @0:26 b 84.7.210.35,4544 -> gw1.alistaircrooks.co.uk[81.187.253.34],microsoft-ds PR tcp len 20 64 -S IN 
Feb  7 18:41:28 dmz0 sudo:   hobbit : TTY=unknown ; PWD=/usr/pkg/hobbit411/server ; USER=root ; COMMAND=/sbin/atactl wd0 smart status
Feb  7 18:41:28 dmz0 named[24527]: client 127.0.0.1#53888: error sending response: socket is not connected
Feb  7 18:41:28 dmz0 named[24527]: client 127.0.0.1#53888: error sending response: socket is not connected
Feb  7 18:42:13 dmz0 ipmon[272]: 18:42:03.599494 url0 @0:26 b host200-207.pool873.interbusiness.it[87.3.207.200],3889 -> monitoring.alistaircrooks.co.uk[81.187.253.36],microsoft-ds PR tcp len 20 64 -S IN 
Feb  7 18:46:30 dmz0 named[24527]: client 127.0.0.1#53750: error sending response: socket is not connected
Feb  7 18:46:30 dmz0 sudo:   hobbit : TTY=unknown ; PWD=/usr/pkg/hobbit411/server ; USER=root ; COMMAND=/sbin/atactl wd0 smart status
Feb  7 18:46:30 dmz0 named[24527]: client 127.0.0.1#53750: error sending response: socket is not connected
Feb  7 18:46:59 dmz0 ipmon[272]: 18:46:56.802553 2x url0 @0:26 b host81-153-55-17.range81-153.btcentralplus.com[81.153.55.17],4135 -> gw1.alistaircrooks.co.uk[81.187.253.34],epmap PR tcp len 20 64 -S IN 
Feb  7 18:46:59 dmz0 ipmon[272]: 18:46:57.781545 url0 @0:26 b host81-153-55-17.range81-153.btcentralplus.com[81.153.55.17],4135 -> gw1.alistaircrooks.co.uk[81.187.253.34],epmap PR tcp len 20 64 -S IN 
Feb  7 18:47:58 dmz0 ipmon[272]: 18:47:55.411133 url0 @0:26 b adsl-240-185-192-81.marocconnect.net.ma[81.192.185.240],2235 -> water.alistaircrooks.co.uk[81.187.253.35],microsoft-ds PR tcp len 20 48 -S IN 
Feb  7 18:47:58 dmz0 ipmon[272]: 18:47:58.425183 url0 @0:26 b adsl-240-185-192-81.marocconnect.net.ma[81.192.185.240],2235 -> water.alistaircrooks.co.uk[81.187.253.35],microsoft-ds PR tcp len 20 48 -S IN 
Feb  7 18:48:25 dmz0 ipmon[272]: 18:48:14.723348 2x url0 @0:26 b host252-39.pool8261.interbusiness.it[82.61.39.252],1071 -> water.alistaircrooks.co.uk[81.187.253.35],microsoft-ds PR tcp len 20 64 -S IN 
Feb  7 18:50:37 dmz0 ipmon[272]: 18:50:36.197766 2x url0 @0:21 b loghost.crowthorne.alistaircrooks.co.uk[10.4.0.29],netbios-dgm -> 10.255.255.255,netbios-dgm PR udp len 20 249 IN broadcast 
Feb  7 18:50:49 dmz0 ipmon[272]: 18:50:38.637808 url0 @0:26 b gar31-4-82-240-196-237.fbx.proxad.net[82.240.196.237],2460 -> monitoring.alistaircrooks.co.uk[81.187.253.36],microsoft-ds PR tcp len 20 48 -S IN 
Feb  7 18:50:49 dmz0 ipmon[272]: 18:50:39.200824 2x url0 @0:26 b gar31-4-82-240-196-237.fbx.proxad.net[82.240.196.237],2460 -> monitoring.alistaircrooks.co.uk[81.187.253.36],microsoft-ds PR tcp len 20 48 -S IN 
Feb  7 18:50:58 dmz0 sudo:   hobbit : TTY=unknown ; PWD=/usr/pkg/hobbit411/server ; USER=root ; COMMAND=/usr/pkg/bin/aide --check --config=/diskstats/20020428
Feb  7 18:51:30 dmz0 named[24527]: client 127.0.0.1#53610: error sending response: socket is not connected
Feb  7 18:51:30 dmz0 sudo:   hobbit : TTY=unknown ; PWD=/usr/pkg/hobbit411/server ; USER=root ; COMMAND=/sbin/atactl wd0 smart status
Feb  7 18:51:30 dmz0 named[24527]: client 127.0.0.1#53610: error sending response: socket is not connected
Feb  7 18:55:15 dmz0 ipmon[272]: 18:55:04.658543 url0 @0:26 b p54826BC1.dip.t-dialin.net[84.130.107.193],2373 -> monitoring.alistaircrooks.co.uk[81.187.253.36],epmap PR tcp len 20 48 -S IN 
Feb  7 18:55:15 dmz0 ipmon[272]: 18:55:05.870518 2x url0 @0:26 b p54826BC1.dip.t-dialin.net[84.130.107.193],2373 -> monitoring.alistaircrooks.co.uk[81.187.253.36],epmap PR tcp len 20 48 -S IN 
Feb  7 18:55:24 dmz0 ipmon[272]: 18:55:21.238720 2x url0 @0:26 b 148.209.216.81.bn.siw.siwnet.net[81.216.209.148],4498 -> monitoring.alistaircrooks.co.uk[81.187.253.36],microsoft-ds PR tcp len 20 48 -S IN 
Feb  7 18:55:24 dmz0 ipmon[272]: 18:55:22.389733 url0 @0:26 b 148.209.216.81.bn.siw.siwnet.net[81.216.209.148],4498 -> monitoring.alistaircrooks.co.uk[81.187.253.36],microsoft-ds PR tcp len 20 48 -S IN 
Feb  7 18:56:32 dmz0 named[24527]: client 127.0.0.1#53472: error sending response: socket is not connected
Feb  7 18:56:32 dmz0 sudo:   hobbit : TTY=unknown ; PWD=/usr/pkg/hobbit411/server ; USER=root ; COMMAND=/sbin/atactl wd0 smart status
Feb  7 18:56:32 dmz0 named[24527]: client 127.0.0.1#53472: error sending response: socket is not connected
Feb  7 19:00:00 sys3 newsyslog[13171]: log file turned over
