LIBRUMPCLIENT_0.0.0.0 {
global:
	_fini;
	_init;
	host_close;
	host_connect;
	host_dup;
	host_execve;
	host_fcntl;
	host_kevent;
	host_kqueue;
	host_poll;
	host_read;
	host_sendmsg;
	host_setsockopt;
	host_socket;
	parsetab;
	rump___sysimpl___getcwd;
	rump___sysimpl___getlogin;
	rump___sysimpl___quotactl;
	rump___sysimpl___setlogin;
	rump___sysimpl___sysctl;
	rump___sysimpl__ksem_close;
	rump___sysimpl__ksem_destroy;
	rump___sysimpl__ksem_getvalue;
	rump___sysimpl__ksem_init;
	rump___sysimpl__ksem_open;
	rump___sysimpl__ksem_post;
	rump___sysimpl__ksem_timedwait;
	rump___sysimpl__ksem_trywait;
	rump___sysimpl__ksem_unlink;
	rump___sysimpl__ksem_wait;
	rump___sysimpl_accept;
	rump___sysimpl_access;
	rump___sysimpl_bind;
	rump___sysimpl_chdir;
	rump___sysimpl_chflags;
	rump___sysimpl_chmod;
	rump___sysimpl_chown;
	rump___sysimpl_chroot;
	rump___sysimpl_close;
	rump___sysimpl_connect;
	rump___sysimpl_dup2;
	rump___sysimpl_dup3;
	rump___sysimpl_dup;
	rump___sysimpl_extattr_delete_fd;
	rump___sysimpl_extattr_delete_file;
	rump___sysimpl_extattr_delete_link;
	rump___sysimpl_extattr_get_fd;
	rump___sysimpl_extattr_get_file;
	rump___sysimpl_extattr_get_link;
	rump___sysimpl_extattr_list_fd;
	rump___sysimpl_extattr_list_file;
	rump___sysimpl_extattr_list_link;
	rump___sysimpl_extattr_set_fd;
	rump___sysimpl_extattr_set_file;
	rump___sysimpl_extattr_set_link;
	rump___sysimpl_extattrctl;
	rump___sysimpl_faccessat;
	rump___sysimpl_fchdir;
	rump___sysimpl_fchflags;
	rump___sysimpl_fchmod;
	rump___sysimpl_fchmodat;
	rump___sysimpl_fchown;
	rump___sysimpl_fchownat;
	rump___sysimpl_fchroot;
	rump___sysimpl_fcntl;
	rump___sysimpl_fdatasync;
	rump___sysimpl_fexecve;
	rump___sysimpl_fgetxattr;
	rump___sysimpl_fhopen40;
	rump___sysimpl_fhstat40;
	rump___sysimpl_fhstat50;
	rump___sysimpl_fhstatvfs140;
	rump___sysimpl_flistxattr;
	rump___sysimpl_flock;
	rump___sysimpl_fpathconf;
	rump___sysimpl_fremovexattr;
	rump___sysimpl_fsetxattr;
	rump___sysimpl_fstat30;
	rump___sysimpl_fstat50;
	rump___sysimpl_fstatat;
	rump___sysimpl_fstatvfs1;
	rump___sysimpl_fsync;
	rump___sysimpl_fsync_range;
	rump___sysimpl_ftruncate;
	rump___sysimpl_futimens;
	rump___sysimpl_futimes50;
	rump___sysimpl_futimes;
	rump___sysimpl_getdents30;
	rump___sysimpl_getegid;
	rump___sysimpl_geteuid;
	rump___sysimpl_getfh30;
	rump___sysimpl_getgid;
	rump___sysimpl_getgroups;
	rump___sysimpl_getpeername;
	rump___sysimpl_getpgid;
	rump___sysimpl_getpgrp;
	rump___sysimpl_getpid;
	rump___sysimpl_getppid;
	rump___sysimpl_getrlimit;
	rump___sysimpl_getsid;
	rump___sysimpl_getsockname;
	rump___sysimpl_getsockopt;
	rump___sysimpl_getuid;
	rump___sysimpl_getvfsstat;
	rump___sysimpl_getxattr;
	rump___sysimpl_ioctl;
	rump___sysimpl_issetugid;
	rump___sysimpl_kevent50;
	rump___sysimpl_kevent;
	rump___sysimpl_kqueue1;
	rump___sysimpl_kqueue;
	rump___sysimpl_lchflags;
	rump___sysimpl_lchmod;
	rump___sysimpl_lchown;
	rump___sysimpl_lgetxattr;
	rump___sysimpl_link;
	rump___sysimpl_linkat;
	rump___sysimpl_listen;
	rump___sysimpl_listxattr;
	rump___sysimpl_llistxattr;
	rump___sysimpl_lremovexattr;
	rump___sysimpl_lseek;
	rump___sysimpl_lsetxattr;
	rump___sysimpl_lstat30;
	rump___sysimpl_lstat50;
	rump___sysimpl_lutimes50;
	rump___sysimpl_lutimes;
	rump___sysimpl_mkdir;
	rump___sysimpl_mkdirat;
	rump___sysimpl_mkfifo;
	rump___sysimpl_mkfifoat;
	rump___sysimpl_mknod50;
	rump___sysimpl_mknod;
	rump___sysimpl_mknodat;
	rump___sysimpl_modctl;
	rump___sysimpl_mount50;
	rump___sysimpl_nfssvc;
	rump___sysimpl_open;
	rump___sysimpl_openat;
	rump___sysimpl_paccept;
	rump___sysimpl_pathconf;
	rump___sysimpl_pipe2;
	rump___sysimpl_poll;
	rump___sysimpl_pollts50;
	rump___sysimpl_pollts;
	rump___sysimpl_posix_fadvise50;
	rump___sysimpl_pread;
	rump___sysimpl_preadv;
	rump___sysimpl_pselect50;
	rump___sysimpl_pselect;
	rump___sysimpl_pwrite;
	rump___sysimpl_pwritev;
	rump___sysimpl_read;
	rump___sysimpl_readlink;
	rump___sysimpl_readlinkat;
	rump___sysimpl_readv;
	rump___sysimpl_reboot;
	rump___sysimpl_recvfrom;
	rump___sysimpl_recvmsg;
	rump___sysimpl_removexattr;
	rump___sysimpl_rename;
	rump___sysimpl_renameat;
	rump___sysimpl_revoke;
	rump___sysimpl_rmdir;
	rump___sysimpl_select50;
	rump___sysimpl_select;
	rump___sysimpl_sendmsg;
	rump___sysimpl_sendto;
	rump___sysimpl_setegid;
	rump___sysimpl_seteuid;
	rump___sysimpl_setgid;
	rump___sysimpl_setgroups;
	rump___sysimpl_setpgid;
	rump___sysimpl_setregid;
	rump___sysimpl_setreuid;
	rump___sysimpl_setrlimit;
	rump___sysimpl_setsid;
	rump___sysimpl_setsockopt;
	rump___sysimpl_setuid;
	rump___sysimpl_setxattr;
	rump___sysimpl_shutdown;
	rump___sysimpl_socket30;
	rump___sysimpl_socketpair;
	rump___sysimpl_stat30;
	rump___sysimpl_stat50;
	rump___sysimpl_statvfs1;
	rump___sysimpl_symlink;
	rump___sysimpl_symlinkat;
	rump___sysimpl_sync;
	rump___sysimpl_truncate;
	rump___sysimpl_umask;
	rump___sysimpl_unlink;
	rump___sysimpl_unlinkat;
	rump___sysimpl_unmount;
	rump___sysimpl_utimensat;
	rump___sysimpl_utimes50;
	rump___sysimpl_utimes;
	rump___sysimpl_write;
	rump___sysimpl_writev;
	rump_sys_pipe;
	rumpclient__closenotify;
	rumpclient__dlsym;
	rumpclient_daemon;
	rumpclient_exec;
	rumpclient_fork;
	rumpclient_fork_cancel;
	rumpclient_fork_init;
	rumpclient_fork_vparent;
	rumpclient_init;
	rumpclient_prefork;
	rumpclient_setconnretry;
	rumpclient_syscall;
	rumphijack_dlsym;
};

NetBSD_6.99.18.0 {
} LIBRUMPCLIENT_0.0.0.0;

LIBRUMPCLIENT_private_0.0.0.0 {
local:
	*;
};

