LIBRUMPHIJACK_0.0.0.0 {
global:
	LSEEK_ALIAS;
	VFORK;
	__fhopen40;
	__fhstat50;
	__fhstatvfs140;
	__fstat50;
	__futimes50;
	__getcwd;
	__getdents30;
	__getfh30;
	__lstat50;
	__lutimes50;
	__mknod50;
	__mount50;
	__quotactl;
	__socket30;
	__stat50;
	__sysctl;
	__utimes50;
	_fini;
	_init;
	_sys___kevent50;
	_sys___pollts50;
	_sys___select50;
	_sys_pread;
	_sys_pwrite;
	_sys_read;
	accept;
	access;
	bind;
	chdir;
	chflags;
	chmod;
	chown;
	close;
	connect;
	daemon;
	dup2;
	dup;
	execve;
	fchdir;
	fchflags;
	fchmod;
	fchown;
	fcntl;
	fork;
	fstatvfs1;
	fsync;
	fsync_range;
	ftruncate;
	getpeername;
	getsockname;
	getsockopt;
	getvfsstat;
	ioctl;
	lchflags;
	lchmod;
	lchown;
	link;
	listen;
	lseek;
	mkdir;
	mmap;
	nfssvc;
	open;
	poll;
	preadv;
	pwritev;
	readlink;
	readv;
	recv;
	recvfrom;
	recvmsg;
	rename;
	rmdir;
	rumphijack_dlsym;
	send;
	sendmsg;
	sendto;
	setsockopt;
	shutdown;
	statvfs1;
	symlink;
	syscalls;
	syscnames;
	truncate;
	unlink;
	unmount;
	write;
	writev;
};

NetBSD_6.99.18.0 {
} LIBRUMPHIJACK_0.0.0.0;

LIBRUMPHIJACK_private_0.0.0.0 {
local:
	*;
};

