LIBCURSES_7.0.0.0 {
global:
	COLORS;
	COLOR_PAIRS;
	COLS;
	Def_term;
	ESCDELAY;
	LINES;
	My_term;
	__CA;
	__GT;
	__NONL;
	__UPPERCASE;
	__cputchar;
	__cputchar_args;
	__cputwchar;
	__cputwchar_args;
	__cursesi_chtype_to_cchar;
	__cursesi_free_nsp;
	__cursesi_make_lint_shut_up_if_debug_not_defined;
	__cursesi_putnsp;
	__cursesi_win_free_nsp;
	__default_color;
	__default_pair;
	__delay;
	__echoit;
	__hash_more;
	__id_subwins;
	__init_acs;
	__init_get_wch;
	__init_getch;
	__init_wacs;
	__mask_me;
	__mask_op;
	__mask_se;
	__mask_ue;
	__mvcur;
	__newwin;
	__nodelay;
	__noqch;
	__notimeout;
	__pfast;
	__rawmode;
	__restartwin;
	__restore_colors;
	__restore_cursor_vis;
	__restore_meta_state;
	__restore_stophandler;
	__restore_termios;
	__restore_winchhandler;
	__save_termios;
	__set_color;
	__set_stophandler;
	__set_subwin;
	__set_winchhandler;
	__startwin;
	__stop_signal_handler;
	__stopwin;
	__swflags;
	__tcaction;
	__timeout;
	__touchline;
	__touchwin;
	__unctrl;
	__unctrllen;
	__unget;
	__unset_color;
	__unsetattr;
	__using_color;
	__virtscr;
	__waddbytes;
	__waddch;
	__wcolor_set;
	__wgetnstr;
	__winch_signal_handler;
	__wunctrl;
	_acs_char;
	_cursesi_addbyte;
	_cursesi_addwchar;
	_cursesi_copy_nsp;
	_cursesi_free_keymap;
	_cursesi_gettmode;
	_cursesi_reset_acs;
	_cursesi_reset_wacs;
	_cursesi_resetterm;
	_cursesi_screen;
	_cursesi_setterm;
	_fini;
	_init;
	_wacs_char;
	add_wch;
	add_wchnstr;
	add_wchstr;
	addbytes;
	addch;
	addchnstr;
	addchstr;
	addnstr;
	addnwstr;
	addstr;
	addwstr;
	assume_default_colors;
	attr_get;
	attr_off;
	attr_on;
	attr_set;
	attroff;
	attron;
	attrset;
	baudrate;
	beep;
	bkgd;
	bkgdset;
	bkgrnd;
	bkgrndset;
	border;
	border_set;
	box;
	box_set;
	can_change_color;
	cbreak;
	cellcmp;
	chgat;
	clear;
	clearok;
	clrtobot;
	clrtoeol;
	color_content;
	color_set;
	copywin;
	curs_set;
	curscr;
	def_prog_mode;
	def_shell_mode;
	define_key;
	delay_output;
	delch;
	deleteln;
	delscreen;
	delwin;
	derwin;
	doupdate;
	dupwin;
	echo;
	echo_wchar;
	echochar;
	endwin;
	erase;
	erasechar;
	erasewchar;
	flash;
	flushinp;
	flushok;
	fullname;
	get_wch;
	get_wstr;
	getattrs;
	getbegx;
	getbegy;
	getbkgd;
	getbkgrnd;
	getcchar;
	getch;
	getcurx;
	getcury;
	getmaxx;
	getmaxy;
	getn_wstr;
	getnstr;
	getparx;
	getpary;
	getstr;
	gettmode;
	getwin;
	halfdelay;
	has_colors;
	has_ic;
	has_il;
	hline;
	hline_set;
	idcok;
	idlok;
	in_wch;
	in_wchnstr;
	in_wchstr;
	inch;
	inchnstr;
	inchstr;
	init_color;
	init_pair;
	initscr;
	innstr;
	innwstr;
	ins_nwstr;
	ins_wch;
	ins_wstr;
	insch;
	insdelln;
	insertln;
	insnstr;
	insstr;
	instr;
	intrflush;
	inwstr;
	is_linetouched;
	is_wintouched;
	isendwin;
	key_name;
	keyname;
	keyok;
	keypad;
	killchar;
	killwchar;
	leaveok;
	linecmp;
	meta;
	move;
	mvadd_wch;
	mvadd_wchnstr;
	mvadd_wchstr;
	mvaddbytes;
	mvaddch;
	mvaddchnstr;
	mvaddchstr;
	mvaddnstr;
	mvaddnwstr;
	mvaddstr;
	mvaddwstr;
	mvchgat;
	mvcur;
	mvdelch;
	mvderwin;
	mvget_wch;
	mvget_wstr;
	mvgetch;
	mvgetn_wstr;
	mvgetnstr;
	mvgetstr;
	mvhline;
	mvhline_set;
	mvin_wch;
	mvin_wchnstr;
	mvin_wchstr;
	mvinch;
	mvinchnstr;
	mvinchstr;
	mvinnstr;
	mvinnwstr;
	mvins_nwstr;
	mvins_wch;
	mvins_wstr;
	mvinsch;
	mvinsnstr;
	mvinsstr;
	mvinstr;
	mvinwstr;
	mvprintw;
	mvscanw;
	mvvline;
	mvvline_set;
	mvwadd_wch;
	mvwadd_wchnstr;
	mvwadd_wchstr;
	mvwaddbytes;
	mvwaddch;
	mvwaddchnstr;
	mvwaddchstr;
	mvwaddnstr;
	mvwaddnwstr;
	mvwaddstr;
	mvwaddwstr;
	mvwchgat;
	mvwdelch;
	mvwget_wch;
	mvwget_wstr;
	mvwgetch;
	mvwgetn_wstr;
	mvwgetnstr;
	mvwgetstr;
	mvwhline;
	mvwhline_set;
	mvwin;
	mvwin_wch;
	mvwin_wchnstr;
	mvwin_wchstr;
	mvwinch;
	mvwinchnstr;
	mvwinchstr;
	mvwinnstr;
	mvwinnwstr;
	mvwins_nwstr;
	mvwins_wch;
	mvwins_wstr;
	mvwinsch;
	mvwinsnstr;
	mvwinsstr;
	mvwinstr;
	mvwinwstr;
	mvwprintw;
	mvwscanw;
	mvwvline;
	mvwvline_set;
	napms;
	newpad;
	newterm;
	newwin;
	nl;
	no_color_attributes;
	no_color_video;
	nocbreak;
	nodelay;
	noecho;
	nonl;
	noqiflush;
	noraw;
	notimeout;
	overlay;
	overwrite;
	pair_content;
	pecho_wchar;
	pechochar;
	pnoutrefresh;
	prefresh;
	printw;
	putwin;
	qiflush;
	raw;
	redrawwin;
	refresh;
	reset_prog_mode;
	reset_shell_mode;
	resetty;
	resizeterm;
	savetty;
	scanw;
	scrl;
	scroll;
	scrollok;
	set_term;
	setcchar;
	setscrreg;
	setterm;
	standend;
	standout;
	start_color;
	state;
	stdscr;
	subpad;
	subwin;
	term_attrs;
	termattrs;
	timeout;
	touchline;
	touchoverlap;
	touchwin;
	underend;
	underscore;
	unget_wch;
	ungetch;
	untouchwin;
	use_default_colors;
	vline;
	vline_set;
	vw_printw;
	vw_scanw;
	vwprintw;
	vwscanw;
	wadd_wch;
	wadd_wchnstr;
	wadd_wchstr;
	waddbytes;
	waddch;
	waddchnstr;
	waddchstr;
	waddnstr;
	waddnwstr;
	waddstr;
	waddwstr;
	wattr_get;
	wattr_off;
	wattr_on;
	wattr_set;
	wattroff;
	wattron;
	wattrset;
	wbkgd;
	wbkgdset;
	wbkgrnd;
	wbkgrndset;
	wborder;
	wborder_set;
	wchgat;
	wclear;
	wclrtobot;
	wclrtoeol;
	wcolor_set;
	wcursyncup;
	wdelch;
	wdeleteln;
	wecho_wchar;
	wechochar;
	werase;
	wget_wch;
	wget_wstr;
	wgetbkgrnd;
	wgetch;
	wgetn_wstr;
	wgetnstr;
	wgetstr;
	whline;
	whline_set;
	win_wch;
	win_wchnstr;
	win_wchstr;
	winch;
	winchnstr;
	winchstr;
	winnstr;
	winnwstr;
	wins_nwstr;
	wins_wch;
	wins_wstr;
	winsch;
	winsdelln;
	winsertln;
	winsnstr;
	winsstr;
	winstr;
	winwstr;
	wmove;
	wnoutrefresh;
	wprintw;
	wredrawln;
	wrefresh;
	wresize;
	wscanw;
	wscrl;
	wsetscrreg;
	wstandend;
	wstandout;
	wsyncdown;
	wsyncup;
	wtimeout;
	wtouchln;
	wunderend;
	wunderscore;
	wvline;
	wvline_set;
};

NetBSD_6.99.18.0 {
} LIBCURSES_7.0.0.0;

LIBCURSES_private_7.0.0.0 {
local:
	*;
};

