LIBPROP_1.1.0.0 {
global:
	_fini;
	_init;
	_prop_array_internalize;
	_prop_bool_internalize;
	_prop_data_internalize;
	_prop_dictionary_internalize;
	_prop_generic_internalize;
	_prop_number_internalize;
	_prop_object_externalize_append_char;
	_prop_object_externalize_append_cstring;
	_prop_object_externalize_append_encoded_cstring;
	_prop_object_externalize_context_alloc;
	_prop_object_externalize_context_free;
	_prop_object_externalize_empty_tag;
	_prop_object_externalize_end_tag;
	_prop_object_externalize_footer;
	_prop_object_externalize_header;
	_prop_object_externalize_start_tag;
	_prop_object_externalize_write_file;
	_prop_object_fini;
	_prop_object_init;
	_prop_object_internalize_by_tag;
	_prop_object_internalize_context_alloc;
	_prop_object_internalize_context_free;
	_prop_object_internalize_decode_string;
	_prop_object_internalize_find_tag;
	_prop_object_internalize_map_file;
	_prop_object_internalize_match;
	_prop_object_internalize_unmap_file;
	_prop_stack_init;
	_prop_stack_pop;
	_prop_stack_push;
	_prop_string_internalize;
	prop_array_add;
	prop_array_add_and_rel;
	prop_array_add_int16;
	prop_array_add_int32;
	prop_array_add_int64;
	prop_array_add_int8;
	prop_array_add_uint16;
	prop_array_add_uint32;
	prop_array_add_uint64;
	prop_array_add_uint8;
	prop_array_capacity;
	prop_array_copy;
	prop_array_copy_mutable;
	prop_array_count;
	prop_array_create;
	prop_array_create_with_capacity;
	prop_array_ensure_capacity;
	prop_array_equals;
	prop_array_externalize;
	prop_array_externalize_to_file;
	prop_array_externalize_to_pref;
	prop_array_get;
	prop_array_get_bool;
	prop_array_get_cstring;
	prop_array_get_cstring_nocopy;
	prop_array_get_int16;
	prop_array_get_int32;
	prop_array_get_int64;
	prop_array_get_int8;
	prop_array_get_uint16;
	prop_array_get_uint32;
	prop_array_get_uint64;
	prop_array_get_uint8;
	prop_array_internalize;
	prop_array_internalize_from_file;
	prop_array_internalize_from_pref;
	prop_array_iterator;
	prop_array_make_immutable;
	prop_array_mutable;
	prop_array_recv_ioctl;
	prop_array_recv_syscall;
	prop_array_remove;
	prop_array_send_ioctl;
	prop_array_send_syscall;
	prop_array_set;
	prop_array_set_bool;
	prop_array_set_cstring;
	prop_array_set_cstring_nocopy;
	prop_array_set_int16;
	prop_array_set_int32;
	prop_array_set_int64;
	prop_array_set_int8;
	prop_array_set_uint16;
	prop_array_set_uint32;
	prop_array_set_uint64;
	prop_array_set_uint8;
	prop_bool_copy;
	prop_bool_create;
	prop_bool_equals;
	prop_bool_true;
	prop_data_copy;
	prop_data_create_data;
	prop_data_create_data_nocopy;
	prop_data_data;
	prop_data_data_nocopy;
	prop_data_equals;
	prop_data_equals_data;
	prop_data_size;
	prop_dictionary_all_keys;
	prop_dictionary_copy;
	prop_dictionary_copy_mutable;
	prop_dictionary_count;
	prop_dictionary_create;
	prop_dictionary_create_with_capacity;
	prop_dictionary_ensure_capacity;
	prop_dictionary_equals;
	prop_dictionary_externalize;
	prop_dictionary_externalize_to_file;
	prop_dictionary_externalize_to_pref;
	prop_dictionary_get;
	prop_dictionary_get_bool;
	prop_dictionary_get_cstring;
	prop_dictionary_get_cstring_nocopy;
	prop_dictionary_get_dict;
	prop_dictionary_get_int16;
	prop_dictionary_get_int32;
	prop_dictionary_get_int64;
	prop_dictionary_get_int8;
	prop_dictionary_get_keysym;
	prop_dictionary_get_uint16;
	prop_dictionary_get_uint32;
	prop_dictionary_get_uint64;
	prop_dictionary_get_uint8;
	prop_dictionary_ingest;
	prop_dictionary_internalize;
	prop_dictionary_internalize_from_file;
	prop_dictionary_internalize_from_pref;
	prop_dictionary_iterator;
	prop_dictionary_keysym_cstring_nocopy;
	prop_dictionary_keysym_equals;
	prop_dictionary_make_immutable;
	prop_dictionary_recv_ioctl;
	prop_dictionary_recv_syscall;
	prop_dictionary_remove;
	prop_dictionary_remove_keysym;
	prop_dictionary_send_ioctl;
	prop_dictionary_send_syscall;
	prop_dictionary_sendrecv_ioctl;
	prop_dictionary_set;
	prop_dictionary_set_and_rel;
	prop_dictionary_set_bool;
	prop_dictionary_set_cstring;
	prop_dictionary_set_cstring_nocopy;
	prop_dictionary_set_int16;
	prop_dictionary_set_int32;
	prop_dictionary_set_int64;
	prop_dictionary_set_int8;
	prop_dictionary_set_keysym;
	prop_dictionary_set_uint16;
	prop_dictionary_set_uint32;
	prop_dictionary_set_uint64;
	prop_dictionary_set_uint8;
	prop_ingest_context_alloc;
	prop_ingest_context_error;
	prop_ingest_context_free;
	prop_ingest_context_key;
	prop_ingest_context_private;
	prop_ingest_context_type;
	prop_number_copy;
	prop_number_create_integer;
	prop_number_create_unsigned_integer;
	prop_number_equals;
	prop_number_equals_integer;
	prop_number_equals_unsigned_integer;
	prop_number_integer_value;
	prop_number_size;
	prop_number_unsigned;
	prop_number_unsigned_integer_value;
	prop_object_equals;
	prop_object_equals_with_error;
	prop_object_iterator_next;
	prop_object_iterator_release;
	prop_object_iterator_reset;
	prop_object_release;
	prop_object_retain;
	prop_object_type;
	prop_string_append;
	prop_string_append_cstring;
	prop_string_copy;
	prop_string_copy_mutable;
	prop_string_create;
	prop_string_create_cstring;
	prop_string_create_cstring_nocopy;
	prop_string_cstring;
	prop_string_cstring_nocopy;
	prop_string_equals;
	prop_string_equals_cstring;
	prop_string_mutable;
	prop_string_size;
};

NetBSD_6.99.18.0 {
} LIBPROP_1.1.0.0;

LIBPROP_private_1.1.0.0 {
local:
	*;
};

