LIBFORM_6.0.0.0 {
global:
	TYPE_ALNUM;
	TYPE_ALPHA;
	TYPE_ENUM;
	TYPE_INTEGER;
	TYPE_IPV4;
	TYPE_IPV6;
	TYPE_NUMERIC;
	TYPE_REGEXP;
	_fini;
	_formi_add_char;
	_formi_calculate_tabs;
	_formi_default_field;
	_formi_default_form;
	_formi_draw_page;
	_formi_field_choice;
	_formi_find_pages;
	_formi_hscroll_back;
	_formi_hscroll_fwd;
	_formi_init_field_xpos;
	_formi_manipulate_field;
	_formi_pos_first_field;
	_formi_pos_new_field;
	_formi_redraw_field;
	_formi_skip_blanks;
	_formi_sort_fields;
	_formi_stitch_fields;
	_formi_sync_buffer;
	_formi_tab_expanded_length;
	_formi_update_field;
	_formi_validate_char;
	_formi_validate_field;
	_formi_wrap_field;
	_init;
	current_field;
	data_ahead;
	data_behind;
	dup_field;
	dynamic_field_info;
	field_arg;
	field_back;
	field_buffer;
	field_count;
	field_fore;
	field_index;
	field_info;
	field_init;
	field_just;
	field_opts;
	field_opts_off;
	field_opts_on;
	field_pad;
	field_skip_blanks;
	field_status;
	field_term;
	field_type;
	field_userptr;
	form_driver;
	form_fields;
	form_init;
	form_max_page;
	form_opts;
	form_opts_off;
	form_opts_on;
	form_page;
	form_sub;
	form_term;
	form_userptr;
	form_win;
	free_field;
	free_fieldtype;
	free_form;
	link_field;
	link_fieldtype;
	move_field;
	new_field;
	new_fieldtype;
	new_form;
	new_page;
	pos_form_cursor;
	post_form;
	scale_form;
	set_current_field;
	set_field_back;
	set_field_buffer;
	set_field_fore;
	set_field_init;
	set_field_just;
	set_field_opts;
	set_field_pad;
	set_field_printf;
	set_field_status;
	set_field_term;
	set_field_type;
	set_field_userptr;
	set_fieldtype_arg;
	set_fieldtype_choice;
	set_form_fields;
	set_form_init;
	set_form_opts;
	set_form_page;
	set_form_sub;
	set_form_term;
	set_form_userptr;
	set_form_win;
	set_max_field;
	set_new_page;
	unpost_form;
};

NetBSD_6.99.18.0 {
} LIBFORM_6.0.0.0;

LIBFORM_private_6.0.0.0 {
local:
	*;
};

